-- The C compiler identification is GNU 13.3.0
-- The CXX compiler identification is GNU 13.3.0
-- Detecting C compiler ABI info
-- Detecting C compiler ABI info - done
-- Check for working C compiler: /usr/bin/cc - skipped
-- Detecting C compile features
-- Detecting C compile features - done
-- Detecting CXX compiler ABI info
-- Detecting CXX compiler ABI info - done
-- Check for working CXX compiler: /usr/bin/c++ - skipped
-- Detecting CXX compile features
-- Detecting CXX compile features - done
-- Found ament_cmake: 2.5.6 (/opt/ros/jazzy/share/ament_cmake/cmake)
-- Found Python3: /usr/bin/python3 (found version "3.12.3") found components: Interpreter 
-- Configuring done (1.4s)
-- Generating done (0.0s)
-- Build files have been written to: /home/ubuntu/pi-dog_ws/build/xmlrpcpp
[ 18%] [32mBuilding CXX object CMakeFiles/xmlrpcpp.dir/src/xml_rpc_client.cc.o[0m
[ 18%] [32mBuilding CXX object CMakeFiles/xmlrpcpp.dir/src/xml_rpc_server_method.cc.o[0m
[ 27%] [32mBuilding CXX object CMakeFiles/xmlrpcpp.dir/src/xml_rpc_server.cc.o[0m
[ 36%] [32mBuilding CXX object CMakeFiles/xmlrpcpp.dir/src/xml_rpc_server_connection.cc.o[0m
[ 45%] [32mBuilding CXX object CMakeFiles/xmlrpcpp.dir/src/xml_rpc_socket.cc.o[0m
[ 54%] [32mBuilding CXX object CMakeFiles/xmlrpcpp.dir/src/xml_rpc_source.cc.o[0m
[ 63%] [32mBuilding CXX object CMakeFiles/xmlrpcpp.dir/src/xml_rpc_util.cc.o[0m
[ 72%] [32mBuilding CXX object CMakeFiles/xmlrpcpp.dir/src/xml_rpc_value.cc.o[0m
[ 81%] [32mBuilding C object CMakeFiles/xmlrpcpp.dir/libb64/src/cdecode.c.o[0m
[ 90%] [32mBuilding C object CMakeFiles/xmlrpcpp.dir/libb64/src/cencode.c.o[0m
[100%] [32m[1mLinking CXX static library libxmlrpcpp.a[0m
[100%] Built target xmlrpcpp
-- Install configuration: ""
-- Installing: /home/ubuntu/pi-dog_ws/install/xmlrpcpp/lib/libxmlrpcpp.a
-- Installing: /home/ubuntu/pi-dog_ws/install/xmlrpcpp/include/
-- Installing: /home/ubuntu/pi-dog_ws/install/xmlrpcpp/include//xmlrpcpp
-- Installing: /home/ubuntu/pi-dog_ws/install/xmlrpcpp/include//xmlrpcpp/XmlRpcServerMethod.h
-- Installing: /home/ubuntu/pi-dog_ws/install/xmlrpcpp/include//xmlrpcpp/XmlRpcValue.h
-- Installing: /home/ubuntu/pi-dog_ws/install/xmlrpcpp/include//xmlrpcpp/XmlRpcException.h
-- Installing: /home/ubuntu/pi-dog_ws/install/xmlrpcpp/include//xmlrpcpp/XmlRpcSocket.h
-- Installing: /home/ubuntu/pi-dog_ws/install/xmlrpcpp/include//xmlrpcpp/XmlRpcClient.h
-- Installing: /home/ubuntu/pi-dog_ws/install/xmlrpcpp/include//xmlrpcpp/XmlRpcDispatch.h
-- Installing: /home/ubuntu/pi-dog_ws/install/xmlrpcpp/include//xmlrpcpp/XmlRpc.h
-- Installing: /home/ubuntu/pi-dog_ws/install/xmlrpcpp/include//xmlrpcpp/XmlRpcServerConnection.h
-- Installing: /home/ubuntu/pi-dog_ws/install/xmlrpcpp/include//xmlrpcpp/XmlRpcDecl.h
-- Installing: /home/ubuntu/pi-dog_ws/install/xmlrpcpp/include//xmlrpcpp/XmlRpcServer.h
-- Installing: /home/ubuntu/pi-dog_ws/install/xmlrpcpp/include//xmlrpcpp/base64.h
-- Installing: /home/ubuntu/pi-dog_ws/install/xmlrpcpp/include//xmlrpcpp/XmlRpcUtil.h
-- Installing: /home/ubuntu/pi-dog_ws/install/xmlrpcpp/include//xmlrpcpp/XmlRpcSource.h
-- Installing: /home/ubuntu/pi-dog_ws/install/xmlrpcpp/share/xmlrpcpp/environment/library_path.sh
-- Installing: /home/ubuntu/pi-dog_ws/install/xmlrpcpp/share/xmlrpcpp/environment/library_path.dsv
-- Installing: /home/ubuntu/pi-dog_ws/install/xmlrpcpp/share/ament_index/resource_index/package_run_dependencies/xmlrpcpp
-- Installing: /home/ubuntu/pi-dog_ws/install/xmlrpcpp/share/ament_index/resource_index/parent_prefix_path/xmlrpcpp
-- Installing: /home/ubuntu/pi-dog_ws/install/xmlrpcpp/share/xmlrpcpp/environment/ament_prefix_path.sh
-- Installing: /home/ubuntu/pi-dog_ws/install/xmlrpcpp/share/xmlrpcpp/environment/ament_prefix_path.dsv
-- Installing: /home/ubuntu/pi-dog_ws/install/xmlrpcpp/share/xmlrpcpp/environment/path.sh
-- Installing: /home/ubuntu/pi-dog_ws/install/xmlrpcpp/share/xmlrpcpp/environment/path.dsv
-- Installing: /home/ubuntu/pi-dog_ws/install/xmlrpcpp/share/xmlrpcpp/local_setup.bash
-- Installing: /home/ubuntu/pi-dog_ws/install/xmlrpcpp/share/xmlrpcpp/local_setup.sh
-- Installing: /home/ubuntu/pi-dog_ws/install/xmlrpcpp/share/xmlrpcpp/local_setup.zsh
-- Installing: /home/ubuntu/pi-dog_ws/install/xmlrpcpp/share/xmlrpcpp/local_setup.dsv
-- Installing: /home/ubuntu/pi-dog_ws/install/xmlrpcpp/share/xmlrpcpp/package.dsv
-- Installing: /home/ubuntu/pi-dog_ws/install/xmlrpcpp/share/ament_index/resource_index/packages/xmlrpcpp
-- Installing: /home/ubuntu/pi-dog_ws/install/xmlrpcpp/share/xmlrpcpp/cmake/ament_cmake_export_include_directories-extras.cmake
-- Installing: /home/ubuntu/pi-dog_ws/install/xmlrpcpp/share/xmlrpcpp/cmake/ament_cmake_export_libraries-extras.cmake
-- Installing: /home/ubuntu/pi-dog_ws/install/xmlrpcpp/share/xmlrpcpp/cmake/xmlrpcppConfig.cmake
-- Installing: /home/ubuntu/pi-dog_ws/install/xmlrpcpp/share/xmlrpcpp/cmake/xmlrpcppConfig-version.cmake
-- Installing: /home/ubuntu/pi-dog_ws/install/xmlrpcpp/share/xmlrpcpp/package.xml
