[0.019s] Invoking command in '/home/ubuntu/pi-dog_ws/build/i2c_pwm_board_msgs': CMAKE_PREFIX_PATH=/opt/ros/jazzy /usr/bin/cmake --build /home/ubuntu/pi-dog_ws/build/i2c_pwm_board_msgs -- -j4 -l4
[0.135s] [  0%] Built target i2c_pwm_board_msgs__rosidl_generator_type_description
[0.139s] [  1%] Built target i2c_pwm_board_msgs__rs
[0.195s] [  1%] Built target ament_cmake_python_copy_i2c_pwm_board_msgs
[0.195s] [  1%] Built target i2c_pwm_board_msgs__cpp
[0.217s] [ 27%] Built target i2c_pwm_board_msgs__rosidl_generator_c
[0.303s] [ 46%] Built target i2c_pwm_board_msgs__rosidl_typesupport_introspection_c
[0.305s] [ 46%] Built target i2c_pwm_board_msgs__rosidl_typesupport_c
[0.317s] [ 55%] Built target i2c_pwm_board_msgs__rosidl_typesupport_fastrtps_c
[0.406s] [ 69%] Built target i2c_pwm_board_msgs__rosidl_typesupport_introspection_cpp
[0.411s] [ 75%] Built target i2c_pwm_board_msgs__rosidl_typesupport_fastrtps_cpp
[0.412s] [ 85%] Built target i2c_pwm_board_msgs__rosidl_typesupport_cpp
[0.452s] [ 85%] Built target i2c_pwm_board_msgs
[0.499s] [ 86%] Built target i2c_pwm_board_msgs__py
[0.612s] [ 95%] Built target i2c_pwm_board_msgs__rosidl_generator_py
[0.674s] [ 96%] Built target i2c_pwm_board_msgs_s__rosidl_typesupport_c
[0.687s] [ 98%] Built target i2c_pwm_board_msgs_s__rosidl_typesupport_introspection_c
[0.697s] [100%] Built target i2c_pwm_board_msgs_s__rosidl_typesupport_fastrtps_c
[0.708s] running egg_info
[0.757s] writing i2c_pwm_board_msgs.egg-info/PKG-INFO
[0.757s] writing dependency_links to i2c_pwm_board_msgs.egg-info/dependency_links.txt
[0.758s] writing top-level names to i2c_pwm_board_msgs.egg-info/top_level.txt
[0.833s] reading manifest file 'i2c_pwm_board_msgs.egg-info/SOURCES.txt'
[0.835s] writing manifest file 'i2c_pwm_board_msgs.egg-info/SOURCES.txt'
[0.901s] [100%] Built target ament_cmake_python_build_i2c_pwm_board_msgs_egg
[0.922s] Invoked command in '/home/ubuntu/pi-dog_ws/build/i2c_pwm_board_msgs' returned '0': CMAKE_PREFIX_PATH=/opt/ros/jazzy /usr/bin/cmake --build /home/ubuntu/pi-dog_ws/build/i2c_pwm_board_msgs -- -j4 -l4
[0.939s] Invoking command in '/home/ubuntu/pi-dog_ws/build/i2c_pwm_board_msgs': CMAKE_PREFIX_PATH=/opt/ros/jazzy /usr/bin/cmake --install /home/ubuntu/pi-dog_ws/build/i2c_pwm_board_msgs
[0.959s] -- Install configuration: ""
[0.959s] -- Up-to-date: /home/ubuntu/pi-dog_ws/install/i2c_pwm_board_msgs/share/ament_index/resource_index/rosidl_interfaces/i2c_pwm_board_msgs
[0.960s] -- Up-to-date: /home/ubuntu/pi-dog_ws/install/i2c_pwm_board_msgs/share/i2c_pwm_board_msgs/msg/Position.json
[0.960s] -- Up-to-date: /home/ubuntu/pi-dog_ws/install/i2c_pwm_board_msgs/share/i2c_pwm_board_msgs/msg/PositionArray.json
[0.960s] -- Up-to-date: /home/ubuntu/pi-dog_ws/install/i2c_pwm_board_msgs/share/i2c_pwm_board_msgs/msg/Servo.json
[0.961s] -- Up-to-date: /home/ubuntu/pi-dog_ws/install/i2c_pwm_board_msgs/share/i2c_pwm_board_msgs/msg/ServoArray.json
[0.961s] -- Up-to-date: /home/ubuntu/pi-dog_ws/install/i2c_pwm_board_msgs/share/i2c_pwm_board_msgs/msg/ServoConfig.json
[0.961s] -- Up-to-date: /home/ubuntu/pi-dog_ws/install/i2c_pwm_board_msgs/share/i2c_pwm_board_msgs/msg/ServoConfigArray.json
[0.961s] -- Up-to-date: /home/ubuntu/pi-dog_ws/install/i2c_pwm_board_msgs/share/i2c_pwm_board_msgs/srv/DriveMode.json
[0.962s] -- Up-to-date: /home/ubuntu/pi-dog_ws/install/i2c_pwm_board_msgs/share/i2c_pwm_board_msgs/srv/IntValue.json
[0.963s] -- Up-to-date: /home/ubuntu/pi-dog_ws/install/i2c_pwm_board_msgs/share/i2c_pwm_board_msgs/srv/ServosConfig.json
[0.963s] -- Up-to-date: /home/ubuntu/pi-dog_ws/install/i2c_pwm_board_msgs/share/i2c_pwm_board_msgs/srv/StopServos.json
[0.964s] -- Up-to-date: /home/ubuntu/pi-dog_ws/install/i2c_pwm_board_msgs/include/i2c_pwm_board_msgs/i2c_pwm_board_msgs
[0.964s] -- Up-to-date: /home/ubuntu/pi-dog_ws/install/i2c_pwm_board_msgs/include/i2c_pwm_board_msgs/i2c_pwm_board_msgs/msg
[0.964s] -- Up-to-date: /home/ubuntu/pi-dog_ws/install/i2c_pwm_board_msgs/include/i2c_pwm_board_msgs/i2c_pwm_board_msgs/msg/servo_config_array.h
[0.965s] -- Up-to-date: /home/ubuntu/pi-dog_ws/install/i2c_pwm_board_msgs/include/i2c_pwm_board_msgs/i2c_pwm_board_msgs/msg/servo_config.h
[0.965s] -- Up-to-date: /home/ubuntu/pi-dog_ws/install/i2c_pwm_board_msgs/include/i2c_pwm_board_msgs/i2c_pwm_board_msgs/msg/detail
[0.966s] -- Up-to-date: /home/ubuntu/pi-dog_ws/install/i2c_pwm_board_msgs/include/i2c_pwm_board_msgs/i2c_pwm_board_msgs/msg/detail/servo_config__functions.h
[0.966s] -- Up-to-date: /home/ubuntu/pi-dog_ws/install/i2c_pwm_board_msgs/include/i2c_pwm_board_msgs/i2c_pwm_board_msgs/msg/detail/position__description.c
[0.966s] -- Up-to-date: /home/ubuntu/pi-dog_ws/install/i2c_pwm_board_msgs/include/i2c_pwm_board_msgs/i2c_pwm_board_msgs/msg/detail/servo_array__functions.c
[0.967s] -- Installing: /home/ubuntu/pi-dog_ws/install/i2c_pwm_board_msgs/include/i2c_pwm_board_msgs/i2c_pwm_board_msgs/msg/detail/position_array__type_support.c
[0.967s] -- Installing: /home/ubuntu/pi-dog_ws/install/i2c_pwm_board_msgs/include/i2c_pwm_board_msgs/i2c_pwm_board_msgs/msg/detail/position__type_support.c
[0.967s] -- Up-to-date: /home/ubuntu/pi-dog_ws/install/i2c_pwm_board_msgs/include/i2c_pwm_board_msgs/i2c_pwm_board_msgs/msg/detail/servo__functions.c
[0.968s] -- Up-to-date: /home/ubuntu/pi-dog_ws/install/i2c_pwm_board_msgs/include/i2c_pwm_board_msgs/i2c_pwm_board_msgs/msg/detail/servo_array__type_support.h
[0.968s] -- Installing: /home/ubuntu/pi-dog_ws/install/i2c_pwm_board_msgs/include/i2c_pwm_board_msgs/i2c_pwm_board_msgs/msg/detail/servo_config_array__type_support.c
[0.968s] -- Up-to-date: /home/ubuntu/pi-dog_ws/install/i2c_pwm_board_msgs/include/i2c_pwm_board_msgs/i2c_pwm_board_msgs/msg/detail/servo__functions.h
[0.968s] -- Up-to-date: /home/ubuntu/pi-dog_ws/install/i2c_pwm_board_msgs/include/i2c_pwm_board_msgs/i2c_pwm_board_msgs/msg/detail/servo__struct.h
[0.968s] -- Up-to-date: /home/ubuntu/pi-dog_ws/install/i2c_pwm_board_msgs/include/i2c_pwm_board_msgs/i2c_pwm_board_msgs/msg/detail/servo__type_support.h
[0.969s] -- Installing: /home/ubuntu/pi-dog_ws/install/i2c_pwm_board_msgs/include/i2c_pwm_board_msgs/i2c_pwm_board_msgs/msg/detail/servo_config__type_support.c
[0.969s] -- Up-to-date: /home/ubuntu/pi-dog_ws/install/i2c_pwm_board_msgs/include/i2c_pwm_board_msgs/i2c_pwm_board_msgs/msg/detail/servo_config__type_support.h
[0.969s] -- Up-to-date: /home/ubuntu/pi-dog_ws/install/i2c_pwm_board_msgs/include/i2c_pwm_board_msgs/i2c_pwm_board_msgs/msg/detail/position__functions.h
[0.969s] -- Installing: /home/ubuntu/pi-dog_ws/install/i2c_pwm_board_msgs/include/i2c_pwm_board_msgs/i2c_pwm_board_msgs/msg/detail/servo_array__type_support.c
[0.969s] -- Up-to-date: /home/ubuntu/pi-dog_ws/install/i2c_pwm_board_msgs/include/i2c_pwm_board_msgs/i2c_pwm_board_msgs/msg/detail/position__type_support.h
[0.970s] -- Up-to-date: /home/ubuntu/pi-dog_ws/install/i2c_pwm_board_msgs/include/i2c_pwm_board_msgs/i2c_pwm_board_msgs/msg/detail/servo_config__struct.h
[0.972s] -- Up-to-date: /home/ubuntu/pi-dog_ws/install/i2c_pwm_board_msgs/include/i2c_pwm_board_msgs/i2c_pwm_board_msgs/msg/detail/position_array__description.c
[0.973s] -- Up-to-date: /home/ubuntu/pi-dog_ws/install/i2c_pwm_board_msgs/include/i2c_pwm_board_msgs/i2c_pwm_board_msgs/msg/detail/position_array__functions.c
[0.973s] -- Up-to-date: /home/ubuntu/pi-dog_ws/install/i2c_pwm_board_msgs/include/i2c_pwm_board_msgs/i2c_pwm_board_msgs/msg/detail/servo_config_array__functions.c
[0.973s] -- Up-to-date: /home/ubuntu/pi-dog_ws/install/i2c_pwm_board_msgs/include/i2c_pwm_board_msgs/i2c_pwm_board_msgs/msg/detail/position__functions.c
[0.973s] -- Up-to-date: /home/ubuntu/pi-dog_ws/install/i2c_pwm_board_msgs/include/i2c_pwm_board_msgs/i2c_pwm_board_msgs/msg/detail/position_array__functions.h
[0.974s] -- Installing: /home/ubuntu/pi-dog_ws/install/i2c_pwm_board_msgs/include/i2c_pwm_board_msgs/i2c_pwm_board_msgs/msg/detail/servo__type_support.c
[0.974s] -- Up-to-date: /home/ubuntu/pi-dog_ws/install/i2c_pwm_board_msgs/include/i2c_pwm_board_msgs/i2c_pwm_board_msgs/msg/detail/servo_config_array__struct.h
[0.974s] -- Up-to-date: /home/ubuntu/pi-dog_ws/install/i2c_pwm_board_msgs/include/i2c_pwm_board_msgs/i2c_pwm_board_msgs/msg/detail/servo_array__description.c
[0.974s] -- Up-to-date: /home/ubuntu/pi-dog_ws/install/i2c_pwm_board_msgs/include/i2c_pwm_board_msgs/i2c_pwm_board_msgs/msg/detail/position_array__struct.h
[0.976s] -- Up-to-date: /home/ubuntu/pi-dog_ws/install/i2c_pwm_board_msgs/include/i2c_pwm_board_msgs/i2c_pwm_board_msgs/msg/detail/servo__description.c
[0.976s] -- Up-to-date: /home/ubuntu/pi-dog_ws/install/i2c_pwm_board_msgs/include/i2c_pwm_board_msgs/i2c_pwm_board_msgs/msg/detail/servo_config_array__type_support.h
[0.976s] -- Up-to-date: /home/ubuntu/pi-dog_ws/install/i2c_pwm_board_msgs/include/i2c_pwm_board_msgs/i2c_pwm_board_msgs/msg/detail/servo_config_array__description.c
[0.976s] -- Up-to-date: /home/ubuntu/pi-dog_ws/install/i2c_pwm_board_msgs/include/i2c_pwm_board_msgs/i2c_pwm_board_msgs/msg/detail/position_array__type_support.h
[0.977s] -- Up-to-date: /home/ubuntu/pi-dog_ws/install/i2c_pwm_board_msgs/include/i2c_pwm_board_msgs/i2c_pwm_board_msgs/msg/detail/servo_config__description.c
[0.977s] -- Up-to-date: /home/ubuntu/pi-dog_ws/install/i2c_pwm_board_msgs/include/i2c_pwm_board_msgs/i2c_pwm_board_msgs/msg/detail/servo_config_array__functions.h
[0.977s] -- Up-to-date: /home/ubuntu/pi-dog_ws/install/i2c_pwm_board_msgs/include/i2c_pwm_board_msgs/i2c_pwm_board_msgs/msg/detail/position__struct.h
[0.977s] -- Up-to-date: /home/ubuntu/pi-dog_ws/install/i2c_pwm_board_msgs/include/i2c_pwm_board_msgs/i2c_pwm_board_msgs/msg/detail/servo_array__struct.h
[0.978s] -- Up-to-date: /home/ubuntu/pi-dog_ws/install/i2c_pwm_board_msgs/include/i2c_pwm_board_msgs/i2c_pwm_board_msgs/msg/detail/servo_array__functions.h
[0.978s] -- Up-to-date: /home/ubuntu/pi-dog_ws/install/i2c_pwm_board_msgs/include/i2c_pwm_board_msgs/i2c_pwm_board_msgs/msg/detail/servo_config__functions.c
[0.978s] -- Up-to-date: /home/ubuntu/pi-dog_ws/install/i2c_pwm_board_msgs/include/i2c_pwm_board_msgs/i2c_pwm_board_msgs/msg/rosidl_generator_c__visibility_control.h
[0.978s] -- Up-to-date: /home/ubuntu/pi-dog_ws/install/i2c_pwm_board_msgs/include/i2c_pwm_board_msgs/i2c_pwm_board_msgs/msg/servo.h
[0.978s] -- Up-to-date: /home/ubuntu/pi-dog_ws/install/i2c_pwm_board_msgs/include/i2c_pwm_board_msgs/i2c_pwm_board_msgs/msg/position.h
[0.980s] -- Up-to-date: /home/ubuntu/pi-dog_ws/install/i2c_pwm_board_msgs/include/i2c_pwm_board_msgs/i2c_pwm_board_msgs/msg/servo_array.h
[0.980s] -- Up-to-date: /home/ubuntu/pi-dog_ws/install/i2c_pwm_board_msgs/include/i2c_pwm_board_msgs/i2c_pwm_board_msgs/msg/position_array.h
[0.980s] -- Up-to-date: /home/ubuntu/pi-dog_ws/install/i2c_pwm_board_msgs/include/i2c_pwm_board_msgs/i2c_pwm_board_msgs/srv
[0.981s] -- Up-to-date: /home/ubuntu/pi-dog_ws/install/i2c_pwm_board_msgs/include/i2c_pwm_board_msgs/i2c_pwm_board_msgs/srv/servos_config.h
[0.981s] -- Up-to-date: /home/ubuntu/pi-dog_ws/install/i2c_pwm_board_msgs/include/i2c_pwm_board_msgs/i2c_pwm_board_msgs/srv/detail
[0.981s] -- Up-to-date: /home/ubuntu/pi-dog_ws/install/i2c_pwm_board_msgs/include/i2c_pwm_board_msgs/i2c_pwm_board_msgs/srv/detail/int_value__description.c
[0.981s] -- Up-to-date: /home/ubuntu/pi-dog_ws/install/i2c_pwm_board_msgs/include/i2c_pwm_board_msgs/i2c_pwm_board_msgs/srv/detail/int_value__functions.h
[0.981s] -- Up-to-date: /home/ubuntu/pi-dog_ws/install/i2c_pwm_board_msgs/include/i2c_pwm_board_msgs/i2c_pwm_board_msgs/srv/detail/servos_config__description.c
[0.982s] -- Up-to-date: /home/ubuntu/pi-dog_ws/install/i2c_pwm_board_msgs/include/i2c_pwm_board_msgs/i2c_pwm_board_msgs/srv/detail/int_value__type_support.h
[0.982s] -- Up-to-date: /home/ubuntu/pi-dog_ws/install/i2c_pwm_board_msgs/include/i2c_pwm_board_msgs/i2c_pwm_board_msgs/srv/detail/servos_config__struct.h
[0.982s] -- Up-to-date: /home/ubuntu/pi-dog_ws/install/i2c_pwm_board_msgs/include/i2c_pwm_board_msgs/i2c_pwm_board_msgs/srv/detail/drive_mode__functions.h
[0.982s] -- Up-to-date: /home/ubuntu/pi-dog_ws/install/i2c_pwm_board_msgs/include/i2c_pwm_board_msgs/i2c_pwm_board_msgs/srv/detail/stop_servos__struct.h
[0.983s] -- Up-to-date: /home/ubuntu/pi-dog_ws/install/i2c_pwm_board_msgs/include/i2c_pwm_board_msgs/i2c_pwm_board_msgs/srv/detail/servos_config__functions.c
[0.983s] -- Installing: /home/ubuntu/pi-dog_ws/install/i2c_pwm_board_msgs/include/i2c_pwm_board_msgs/i2c_pwm_board_msgs/srv/detail/stop_servos__type_support.c
[0.984s] -- Up-to-date: /home/ubuntu/pi-dog_ws/install/i2c_pwm_board_msgs/include/i2c_pwm_board_msgs/i2c_pwm_board_msgs/srv/detail/drive_mode__description.c
[0.984s] -- Up-to-date: /home/ubuntu/pi-dog_ws/install/i2c_pwm_board_msgs/include/i2c_pwm_board_msgs/i2c_pwm_board_msgs/srv/detail/servos_config__type_support.h
[0.984s] -- Up-to-date: /home/ubuntu/pi-dog_ws/install/i2c_pwm_board_msgs/include/i2c_pwm_board_msgs/i2c_pwm_board_msgs/srv/detail/int_value__functions.c
[0.984s] -- Installing: /home/ubuntu/pi-dog_ws/install/i2c_pwm_board_msgs/include/i2c_pwm_board_msgs/i2c_pwm_board_msgs/srv/detail/drive_mode__type_support.c
[0.985s] -- Up-to-date: /home/ubuntu/pi-dog_ws/install/i2c_pwm_board_msgs/include/i2c_pwm_board_msgs/i2c_pwm_board_msgs/srv/detail/stop_servos__functions.h
[0.985s] -- Up-to-date: /home/ubuntu/pi-dog_ws/install/i2c_pwm_board_msgs/include/i2c_pwm_board_msgs/i2c_pwm_board_msgs/srv/detail/stop_servos__functions.c
[0.985s] -- Up-to-date: /home/ubuntu/pi-dog_ws/install/i2c_pwm_board_msgs/include/i2c_pwm_board_msgs/i2c_pwm_board_msgs/srv/detail/int_value__struct.h
[0.986s] -- Up-to-date: /home/ubuntu/pi-dog_ws/install/i2c_pwm_board_msgs/include/i2c_pwm_board_msgs/i2c_pwm_board_msgs/srv/detail/servos_config__functions.h
[0.986s] -- Up-to-date: /home/ubuntu/pi-dog_ws/install/i2c_pwm_board_msgs/include/i2c_pwm_board_msgs/i2c_pwm_board_msgs/srv/detail/stop_servos__type_support.h
[0.987s] -- Installing: /home/ubuntu/pi-dog_ws/install/i2c_pwm_board_msgs/include/i2c_pwm_board_msgs/i2c_pwm_board_msgs/srv/detail/servos_config__type_support.c
[0.987s] -- Up-to-date: /home/ubuntu/pi-dog_ws/install/i2c_pwm_board_msgs/include/i2c_pwm_board_msgs/i2c_pwm_board_msgs/srv/detail/stop_servos__description.c
[0.987s] -- Up-to-date: /home/ubuntu/pi-dog_ws/install/i2c_pwm_board_msgs/include/i2c_pwm_board_msgs/i2c_pwm_board_msgs/srv/detail/drive_mode__struct.h
[0.987s] -- Up-to-date: /home/ubuntu/pi-dog_ws/install/i2c_pwm_board_msgs/include/i2c_pwm_board_msgs/i2c_pwm_board_msgs/srv/detail/drive_mode__functions.c
[0.988s] -- Up-to-date: /home/ubuntu/pi-dog_ws/install/i2c_pwm_board_msgs/include/i2c_pwm_board_msgs/i2c_pwm_board_msgs/srv/detail/drive_mode__type_support.h
[0.988s] -- Installing: /home/ubuntu/pi-dog_ws/install/i2c_pwm_board_msgs/include/i2c_pwm_board_msgs/i2c_pwm_board_msgs/srv/detail/int_value__type_support.c
[0.988s] -- Up-to-date: /home/ubuntu/pi-dog_ws/install/i2c_pwm_board_msgs/include/i2c_pwm_board_msgs/i2c_pwm_board_msgs/srv/int_value.h
[0.989s] -- Up-to-date: /home/ubuntu/pi-dog_ws/install/i2c_pwm_board_msgs/include/i2c_pwm_board_msgs/i2c_pwm_board_msgs/srv/drive_mode.h
[0.989s] -- Up-to-date: /home/ubuntu/pi-dog_ws/install/i2c_pwm_board_msgs/include/i2c_pwm_board_msgs/i2c_pwm_board_msgs/srv/stop_servos.h
[0.989s] -- Up-to-date: /home/ubuntu/pi-dog_ws/install/i2c_pwm_board_msgs/share/i2c_pwm_board_msgs/environment/library_path.sh
[0.989s] -- Up-to-date: /home/ubuntu/pi-dog_ws/install/i2c_pwm_board_msgs/share/i2c_pwm_board_msgs/environment/library_path.dsv
[0.990s] -- Up-to-date: /home/ubuntu/pi-dog_ws/install/i2c_pwm_board_msgs/lib/libi2c_pwm_board_msgs__rosidl_generator_c.so
[0.990s] -- Up-to-date: /home/ubuntu/pi-dog_ws/install/i2c_pwm_board_msgs/include/i2c_pwm_board_msgs/i2c_pwm_board_msgs
[0.990s] -- Up-to-date: /home/ubuntu/pi-dog_ws/install/i2c_pwm_board_msgs/include/i2c_pwm_board_msgs/i2c_pwm_board_msgs/msg
[0.990s] -- Up-to-date: /home/ubuntu/pi-dog_ws/install/i2c_pwm_board_msgs/include/i2c_pwm_board_msgs/i2c_pwm_board_msgs/msg/detail
[0.991s] -- Up-to-date: /home/ubuntu/pi-dog_ws/install/i2c_pwm_board_msgs/include/i2c_pwm_board_msgs/i2c_pwm_board_msgs/msg/detail/servo__rosidl_typesupport_fastrtps_c.h
[0.991s] -- Up-to-date: /home/ubuntu/pi-dog_ws/install/i2c_pwm_board_msgs/include/i2c_pwm_board_msgs/i2c_pwm_board_msgs/msg/detail/servo_array__rosidl_typesupport_fastrtps_c.h
[0.991s] -- Up-to-date: /home/ubuntu/pi-dog_ws/install/i2c_pwm_board_msgs/include/i2c_pwm_board_msgs/i2c_pwm_board_msgs/msg/detail/position__rosidl_typesupport_fastrtps_c.h
[0.992s] -- Up-to-date: /home/ubuntu/pi-dog_ws/install/i2c_pwm_board_msgs/include/i2c_pwm_board_msgs/i2c_pwm_board_msgs/msg/detail/servo_config__rosidl_typesupport_fastrtps_c.h
[0.992s] -- Up-to-date: /home/ubuntu/pi-dog_ws/install/i2c_pwm_board_msgs/include/i2c_pwm_board_msgs/i2c_pwm_board_msgs/msg/detail/position_array__rosidl_typesupport_fastrtps_c.h
[0.992s] -- Up-to-date: /home/ubuntu/pi-dog_ws/install/i2c_pwm_board_msgs/include/i2c_pwm_board_msgs/i2c_pwm_board_msgs/msg/detail/servo_config_array__rosidl_typesupport_fastrtps_c.h
[0.992s] -- Up-to-date: /home/ubuntu/pi-dog_ws/install/i2c_pwm_board_msgs/include/i2c_pwm_board_msgs/i2c_pwm_board_msgs/msg/rosidl_typesupport_fastrtps_c__visibility_control.h
[0.993s] -- Up-to-date: /home/ubuntu/pi-dog_ws/install/i2c_pwm_board_msgs/include/i2c_pwm_board_msgs/i2c_pwm_board_msgs/srv
[0.993s] -- Up-to-date: /home/ubuntu/pi-dog_ws/install/i2c_pwm_board_msgs/include/i2c_pwm_board_msgs/i2c_pwm_board_msgs/srv/detail
[0.993s] -- Up-to-date: /home/ubuntu/pi-dog_ws/install/i2c_pwm_board_msgs/include/i2c_pwm_board_msgs/i2c_pwm_board_msgs/srv/detail/drive_mode__rosidl_typesupport_fastrtps_c.h
[0.994s] -- Up-to-date: /home/ubuntu/pi-dog_ws/install/i2c_pwm_board_msgs/include/i2c_pwm_board_msgs/i2c_pwm_board_msgs/srv/detail/stop_servos__rosidl_typesupport_fastrtps_c.h
[0.994s] -- Up-to-date: /home/ubuntu/pi-dog_ws/install/i2c_pwm_board_msgs/include/i2c_pwm_board_msgs/i2c_pwm_board_msgs/srv/detail/servos_config__rosidl_typesupport_fastrtps_c.h
[0.994s] -- Up-to-date: /home/ubuntu/pi-dog_ws/install/i2c_pwm_board_msgs/include/i2c_pwm_board_msgs/i2c_pwm_board_msgs/srv/detail/int_value__rosidl_typesupport_fastrtps_c.h
[0.995s] -- Up-to-date: /home/ubuntu/pi-dog_ws/install/i2c_pwm_board_msgs/lib/libi2c_pwm_board_msgs__rosidl_typesupport_fastrtps_c.so
[0.995s] -- Up-to-date: /home/ubuntu/pi-dog_ws/install/i2c_pwm_board_msgs/include/i2c_pwm_board_msgs/i2c_pwm_board_msgs
[0.995s] -- Up-to-date: /home/ubuntu/pi-dog_ws/install/i2c_pwm_board_msgs/include/i2c_pwm_board_msgs/i2c_pwm_board_msgs/msg
[0.995s] -- Up-to-date: /home/ubuntu/pi-dog_ws/install/i2c_pwm_board_msgs/include/i2c_pwm_board_msgs/i2c_pwm_board_msgs/msg/rosidl_typesupport_introspection_c__visibility_control.h
[0.996s] -- Up-to-date: /home/ubuntu/pi-dog_ws/install/i2c_pwm_board_msgs/include/i2c_pwm_board_msgs/i2c_pwm_board_msgs/msg/detail
[0.996s] -- Up-to-date: /home/ubuntu/pi-dog_ws/install/i2c_pwm_board_msgs/include/i2c_pwm_board_msgs/i2c_pwm_board_msgs/msg/detail/servo__rosidl_typesupport_introspection_c.h
[0.996s] -- Up-to-date: /home/ubuntu/pi-dog_ws/install/i2c_pwm_board_msgs/include/i2c_pwm_board_msgs/i2c_pwm_board_msgs/msg/detail/servo_array__rosidl_typesupport_introspection_c.h
[0.997s] -- Installing: /home/ubuntu/pi-dog_ws/install/i2c_pwm_board_msgs/include/i2c_pwm_board_msgs/i2c_pwm_board_msgs/msg/detail/position_array__type_support.c
[0.997s] -- Installing: /home/ubuntu/pi-dog_ws/install/i2c_pwm_board_msgs/include/i2c_pwm_board_msgs/i2c_pwm_board_msgs/msg/detail/position__type_support.c
[0.997s] -- Up-to-date: /home/ubuntu/pi-dog_ws/install/i2c_pwm_board_msgs/include/i2c_pwm_board_msgs/i2c_pwm_board_msgs/msg/detail/servo_config_array__rosidl_typesupport_introspection_c.h
[0.998s] -- Installing: /home/ubuntu/pi-dog_ws/install/i2c_pwm_board_msgs/include/i2c_pwm_board_msgs/i2c_pwm_board_msgs/msg/detail/servo_config_array__type_support.c
[0.998s] -- Installing: /home/ubuntu/pi-dog_ws/install/i2c_pwm_board_msgs/include/i2c_pwm_board_msgs/i2c_pwm_board_msgs/msg/detail/servo_config__type_support.c
[0.998s] -- Installing: /home/ubuntu/pi-dog_ws/install/i2c_pwm_board_msgs/include/i2c_pwm_board_msgs/i2c_pwm_board_msgs/msg/detail/servo_array__type_support.c
[0.999s] -- Up-to-date: /home/ubuntu/pi-dog_ws/install/i2c_pwm_board_msgs/include/i2c_pwm_board_msgs/i2c_pwm_board_msgs/msg/detail/position__rosidl_typesupport_introspection_c.h
[0.999s] -- Up-to-date: /home/ubuntu/pi-dog_ws/install/i2c_pwm_board_msgs/include/i2c_pwm_board_msgs/i2c_pwm_board_msgs/msg/detail/position_array__rosidl_typesupport_introspection_c.h
[0.999s] -- Installing: /home/ubuntu/pi-dog_ws/install/i2c_pwm_board_msgs/include/i2c_pwm_board_msgs/i2c_pwm_board_msgs/msg/detail/servo__type_support.c
[1.000s] -- Up-to-date: /home/ubuntu/pi-dog_ws/install/i2c_pwm_board_msgs/include/i2c_pwm_board_msgs/i2c_pwm_board_msgs/msg/detail/servo_config__rosidl_typesupport_introspection_c.h
[1.000s] -- Up-to-date: /home/ubuntu/pi-dog_ws/install/i2c_pwm_board_msgs/include/i2c_pwm_board_msgs/i2c_pwm_board_msgs/srv
[1.001s] -- Up-to-date: /home/ubuntu/pi-dog_ws/install/i2c_pwm_board_msgs/include/i2c_pwm_board_msgs/i2c_pwm_board_msgs/srv/detail
[1.001s] -- Up-to-date: /home/ubuntu/pi-dog_ws/install/i2c_pwm_board_msgs/include/i2c_pwm_board_msgs/i2c_pwm_board_msgs/srv/detail/int_value__rosidl_typesupport_introspection_c.h
[1.001s] -- Up-to-date: /home/ubuntu/pi-dog_ws/install/i2c_pwm_board_msgs/include/i2c_pwm_board_msgs/i2c_pwm_board_msgs/srv/detail/stop_servos__rosidl_typesupport_introspection_c.h
[1.001s] -- Installing: /home/ubuntu/pi-dog_ws/install/i2c_pwm_board_msgs/include/i2c_pwm_board_msgs/i2c_pwm_board_msgs/srv/detail/stop_servos__type_support.c
[1.002s] -- Up-to-date: /home/ubuntu/pi-dog_ws/install/i2c_pwm_board_msgs/include/i2c_pwm_board_msgs/i2c_pwm_board_msgs/srv/detail/drive_mode__rosidl_typesupport_introspection_c.h
[1.002s] -- Installing: /home/ubuntu/pi-dog_ws/install/i2c_pwm_board_msgs/include/i2c_pwm_board_msgs/i2c_pwm_board_msgs/srv/detail/drive_mode__type_support.c
[1.002s] -- Installing: /home/ubuntu/pi-dog_ws/install/i2c_pwm_board_msgs/include/i2c_pwm_board_msgs/i2c_pwm_board_msgs/srv/detail/servos_config__type_support.c
[1.003s] -- Up-to-date: /home/ubuntu/pi-dog_ws/install/i2c_pwm_board_msgs/include/i2c_pwm_board_msgs/i2c_pwm_board_msgs/srv/detail/servos_config__rosidl_typesupport_introspection_c.h
[1.003s] -- Installing: /home/ubuntu/pi-dog_ws/install/i2c_pwm_board_msgs/include/i2c_pwm_board_msgs/i2c_pwm_board_msgs/srv/detail/int_value__type_support.c
[1.003s] -- Up-to-date: /home/ubuntu/pi-dog_ws/install/i2c_pwm_board_msgs/lib/libi2c_pwm_board_msgs__rosidl_typesupport_introspection_c.so
[1.003s] -- Up-to-date: /home/ubuntu/pi-dog_ws/install/i2c_pwm_board_msgs/lib/libi2c_pwm_board_msgs__rosidl_typesupport_c.so
[1.004s] -- Up-to-date: /home/ubuntu/pi-dog_ws/install/i2c_pwm_board_msgs/include/i2c_pwm_board_msgs/i2c_pwm_board_msgs
[1.004s] -- Up-to-date: /home/ubuntu/pi-dog_ws/install/i2c_pwm_board_msgs/include/i2c_pwm_board_msgs/i2c_pwm_board_msgs/msg
[1.004s] -- Up-to-date: /home/ubuntu/pi-dog_ws/install/i2c_pwm_board_msgs/include/i2c_pwm_board_msgs/i2c_pwm_board_msgs/msg/rosidl_generator_cpp__visibility_control.hpp
[1.005s] -- Up-to-date: /home/ubuntu/pi-dog_ws/install/i2c_pwm_board_msgs/include/i2c_pwm_board_msgs/i2c_pwm_board_msgs/msg/position_array.hpp
[1.005s] -- Up-to-date: /home/ubuntu/pi-dog_ws/install/i2c_pwm_board_msgs/include/i2c_pwm_board_msgs/i2c_pwm_board_msgs/msg/servo.hpp
[1.005s] -- Up-to-date: /home/ubuntu/pi-dog_ws/install/i2c_pwm_board_msgs/include/i2c_pwm_board_msgs/i2c_pwm_board_msgs/msg/detail
[1.006s] -- Up-to-date: /home/ubuntu/pi-dog_ws/install/i2c_pwm_board_msgs/include/i2c_pwm_board_msgs/i2c_pwm_board_msgs/msg/detail/position__struct.hpp
[1.006s] -- Up-to-date: /home/ubuntu/pi-dog_ws/install/i2c_pwm_board_msgs/include/i2c_pwm_board_msgs/i2c_pwm_board_msgs/msg/detail/servo_config__type_support.hpp
[1.006s] -- Up-to-date: /home/ubuntu/pi-dog_ws/install/i2c_pwm_board_msgs/include/i2c_pwm_board_msgs/i2c_pwm_board_msgs/msg/detail/servo_array__traits.hpp
[1.006s] -- Up-to-date: /home/ubuntu/pi-dog_ws/install/i2c_pwm_board_msgs/include/i2c_pwm_board_msgs/i2c_pwm_board_msgs/msg/detail/position__builder.hpp
[1.007s] -- Up-to-date: /home/ubuntu/pi-dog_ws/install/i2c_pwm_board_msgs/include/i2c_pwm_board_msgs/i2c_pwm_board_msgs/msg/detail/position_array__type_support.hpp
[1.007s] -- Up-to-date: /home/ubuntu/pi-dog_ws/install/i2c_pwm_board_msgs/include/i2c_pwm_board_msgs/i2c_pwm_board_msgs/msg/detail/position_array__builder.hpp
[1.008s] -- Up-to-date: /home/ubuntu/pi-dog_ws/install/i2c_pwm_board_msgs/include/i2c_pwm_board_msgs/i2c_pwm_board_msgs/msg/detail/servo_config__struct.hpp
[1.009s] -- Up-to-date: /home/ubuntu/pi-dog_ws/install/i2c_pwm_board_msgs/include/i2c_pwm_board_msgs/i2c_pwm_board_msgs/msg/detail/position_array__struct.hpp
[1.009s] -- Up-to-date: /home/ubuntu/pi-dog_ws/install/i2c_pwm_board_msgs/include/i2c_pwm_board_msgs/i2c_pwm_board_msgs/msg/detail/servo_config_array__traits.hpp
[1.009s] -- Up-to-date: /home/ubuntu/pi-dog_ws/install/i2c_pwm_board_msgs/include/i2c_pwm_board_msgs/i2c_pwm_board_msgs/msg/detail/servo_config_array__builder.hpp
[1.010s] -- Up-to-date: /home/ubuntu/pi-dog_ws/install/i2c_pwm_board_msgs/include/i2c_pwm_board_msgs/i2c_pwm_board_msgs/msg/detail/servo_array__type_support.hpp
[1.010s] -- Up-to-date: /home/ubuntu/pi-dog_ws/install/i2c_pwm_board_msgs/include/i2c_pwm_board_msgs/i2c_pwm_board_msgs/msg/detail/servo_config_array__struct.hpp
[1.010s] -- Up-to-date: /home/ubuntu/pi-dog_ws/install/i2c_pwm_board_msgs/include/i2c_pwm_board_msgs/i2c_pwm_board_msgs/msg/detail/servo_config__builder.hpp
[1.011s] -- Up-to-date: /home/ubuntu/pi-dog_ws/install/i2c_pwm_board_msgs/include/i2c_pwm_board_msgs/i2c_pwm_board_msgs/msg/detail/servo_config_array__type_support.hpp
[1.011s] -- Up-to-date: /home/ubuntu/pi-dog_ws/install/i2c_pwm_board_msgs/include/i2c_pwm_board_msgs/i2c_pwm_board_msgs/msg/detail/servo_array__builder.hpp
[1.011s] -- Up-to-date: /home/ubuntu/pi-dog_ws/install/i2c_pwm_board_msgs/include/i2c_pwm_board_msgs/i2c_pwm_board_msgs/msg/detail/servo_array__struct.hpp
[1.011s] -- Up-to-date: /home/ubuntu/pi-dog_ws/install/i2c_pwm_board_msgs/include/i2c_pwm_board_msgs/i2c_pwm_board_msgs/msg/detail/servo__traits.hpp
[1.012s] -- Up-to-date: /home/ubuntu/pi-dog_ws/install/i2c_pwm_board_msgs/include/i2c_pwm_board_msgs/i2c_pwm_board_msgs/msg/detail/servo__type_support.hpp
[1.012s] -- Up-to-date: /home/ubuntu/pi-dog_ws/install/i2c_pwm_board_msgs/include/i2c_pwm_board_msgs/i2c_pwm_board_msgs/msg/detail/position__type_support.hpp
[1.012s] -- Up-to-date: /home/ubuntu/pi-dog_ws/install/i2c_pwm_board_msgs/include/i2c_pwm_board_msgs/i2c_pwm_board_msgs/msg/detail/servo_config__traits.hpp
[1.013s] -- Up-to-date: /home/ubuntu/pi-dog_ws/install/i2c_pwm_board_msgs/include/i2c_pwm_board_msgs/i2c_pwm_board_msgs/msg/detail/servo__builder.hpp
[1.013s] -- Up-to-date: /home/ubuntu/pi-dog_ws/install/i2c_pwm_board_msgs/include/i2c_pwm_board_msgs/i2c_pwm_board_msgs/msg/detail/position_array__traits.hpp
[1.013s] -- Up-to-date: /home/ubuntu/pi-dog_ws/install/i2c_pwm_board_msgs/include/i2c_pwm_board_msgs/i2c_pwm_board_msgs/msg/detail/position__traits.hpp
[1.014s] -- Up-to-date: /home/ubuntu/pi-dog_ws/install/i2c_pwm_board_msgs/include/i2c_pwm_board_msgs/i2c_pwm_board_msgs/msg/detail/servo__struct.hpp
[1.014s] -- Up-to-date: /home/ubuntu/pi-dog_ws/install/i2c_pwm_board_msgs/include/i2c_pwm_board_msgs/i2c_pwm_board_msgs/msg/servo_config_array.hpp
[1.014s] -- Up-to-date: /home/ubuntu/pi-dog_ws/install/i2c_pwm_board_msgs/include/i2c_pwm_board_msgs/i2c_pwm_board_msgs/msg/servo_config.hpp
[1.014s] -- Up-to-date: /home/ubuntu/pi-dog_ws/install/i2c_pwm_board_msgs/include/i2c_pwm_board_msgs/i2c_pwm_board_msgs/msg/servo_array.hpp
[1.015s] -- Up-to-date: /home/ubuntu/pi-dog_ws/install/i2c_pwm_board_msgs/include/i2c_pwm_board_msgs/i2c_pwm_board_msgs/msg/position.hpp
[1.015s] -- Up-to-date: /home/ubuntu/pi-dog_ws/install/i2c_pwm_board_msgs/include/i2c_pwm_board_msgs/i2c_pwm_board_msgs/srv
[1.015s] -- Up-to-date: /home/ubuntu/pi-dog_ws/install/i2c_pwm_board_msgs/include/i2c_pwm_board_msgs/i2c_pwm_board_msgs/srv/int_value.hpp
[1.016s] -- Up-to-date: /home/ubuntu/pi-dog_ws/install/i2c_pwm_board_msgs/include/i2c_pwm_board_msgs/i2c_pwm_board_msgs/srv/drive_mode.hpp
[1.016s] -- Up-to-date: /home/ubuntu/pi-dog_ws/install/i2c_pwm_board_msgs/include/i2c_pwm_board_msgs/i2c_pwm_board_msgs/srv/servos_config.hpp
[1.017s] -- Up-to-date: /home/ubuntu/pi-dog_ws/install/i2c_pwm_board_msgs/include/i2c_pwm_board_msgs/i2c_pwm_board_msgs/srv/detail
[1.017s] -- Up-to-date: /home/ubuntu/pi-dog_ws/install/i2c_pwm_board_msgs/include/i2c_pwm_board_msgs/i2c_pwm_board_msgs/srv/detail/servos_config__traits.hpp
[1.018s] -- Up-to-date: /home/ubuntu/pi-dog_ws/install/i2c_pwm_board_msgs/include/i2c_pwm_board_msgs/i2c_pwm_board_msgs/srv/detail/int_value__builder.hpp
[1.018s] -- Up-to-date: /home/ubuntu/pi-dog_ws/install/i2c_pwm_board_msgs/include/i2c_pwm_board_msgs/i2c_pwm_board_msgs/srv/detail/servos_config__struct.hpp
[1.018s] -- Up-to-date: /home/ubuntu/pi-dog_ws/install/i2c_pwm_board_msgs/include/i2c_pwm_board_msgs/i2c_pwm_board_msgs/srv/detail/drive_mode__type_support.hpp
[1.019s] -- Up-to-date: /home/ubuntu/pi-dog_ws/install/i2c_pwm_board_msgs/include/i2c_pwm_board_msgs/i2c_pwm_board_msgs/srv/detail/stop_servos__struct.hpp
[1.019s] -- Up-to-date: /home/ubuntu/pi-dog_ws/install/i2c_pwm_board_msgs/include/i2c_pwm_board_msgs/i2c_pwm_board_msgs/srv/detail/stop_servos__type_support.hpp
[1.019s] -- Up-to-date: /home/ubuntu/pi-dog_ws/install/i2c_pwm_board_msgs/include/i2c_pwm_board_msgs/i2c_pwm_board_msgs/srv/detail/drive_mode__traits.hpp
[1.020s] -- Up-to-date: /home/ubuntu/pi-dog_ws/install/i2c_pwm_board_msgs/include/i2c_pwm_board_msgs/i2c_pwm_board_msgs/srv/detail/servos_config__builder.hpp
[1.020s] -- Up-to-date: /home/ubuntu/pi-dog_ws/install/i2c_pwm_board_msgs/include/i2c_pwm_board_msgs/i2c_pwm_board_msgs/srv/detail/int_value__struct.hpp
[1.020s] -- Up-to-date: /home/ubuntu/pi-dog_ws/install/i2c_pwm_board_msgs/include/i2c_pwm_board_msgs/i2c_pwm_board_msgs/srv/detail/stop_servos__traits.hpp
[1.021s] -- Up-to-date: /home/ubuntu/pi-dog_ws/install/i2c_pwm_board_msgs/include/i2c_pwm_board_msgs/i2c_pwm_board_msgs/srv/detail/servos_config__type_support.hpp
[1.021s] -- Up-to-date: /home/ubuntu/pi-dog_ws/install/i2c_pwm_board_msgs/include/i2c_pwm_board_msgs/i2c_pwm_board_msgs/srv/detail/stop_servos__builder.hpp
[1.021s] -- Up-to-date: /home/ubuntu/pi-dog_ws/install/i2c_pwm_board_msgs/include/i2c_pwm_board_msgs/i2c_pwm_board_msgs/srv/detail/drive_mode__builder.hpp
[1.021s] -- Up-to-date: /home/ubuntu/pi-dog_ws/install/i2c_pwm_board_msgs/include/i2c_pwm_board_msgs/i2c_pwm_board_msgs/srv/detail/drive_mode__struct.hpp
[1.022s] -- Up-to-date: /home/ubuntu/pi-dog_ws/install/i2c_pwm_board_msgs/include/i2c_pwm_board_msgs/i2c_pwm_board_msgs/srv/detail/int_value__type_support.hpp
[1.022s] -- Up-to-date: /home/ubuntu/pi-dog_ws/install/i2c_pwm_board_msgs/include/i2c_pwm_board_msgs/i2c_pwm_board_msgs/srv/detail/int_value__traits.hpp
[1.022s] -- Up-to-date: /home/ubuntu/pi-dog_ws/install/i2c_pwm_board_msgs/include/i2c_pwm_board_msgs/i2c_pwm_board_msgs/srv/stop_servos.hpp
[1.022s] -- Up-to-date: /home/ubuntu/pi-dog_ws/install/i2c_pwm_board_msgs/include/i2c_pwm_board_msgs/i2c_pwm_board_msgs
[1.023s] -- Up-to-date: /home/ubuntu/pi-dog_ws/install/i2c_pwm_board_msgs/include/i2c_pwm_board_msgs/i2c_pwm_board_msgs/msg
[1.023s] -- Up-to-date: /home/ubuntu/pi-dog_ws/install/i2c_pwm_board_msgs/include/i2c_pwm_board_msgs/i2c_pwm_board_msgs/msg/rosidl_typesupport_fastrtps_cpp__visibility_control.h
[1.023s] -- Up-to-date: /home/ubuntu/pi-dog_ws/install/i2c_pwm_board_msgs/include/i2c_pwm_board_msgs/i2c_pwm_board_msgs/msg/detail
[1.023s] -- Up-to-date: /home/ubuntu/pi-dog_ws/install/i2c_pwm_board_msgs/include/i2c_pwm_board_msgs/i2c_pwm_board_msgs/msg/detail/servo_config_array__rosidl_typesupport_fastrtps_cpp.hpp
[1.023s] -- Up-to-date: /home/ubuntu/pi-dog_ws/install/i2c_pwm_board_msgs/include/i2c_pwm_board_msgs/i2c_pwm_board_msgs/msg/detail/dds_fastrtps
[1.024s] -- Up-to-date: /home/ubuntu/pi-dog_ws/install/i2c_pwm_board_msgs/include/i2c_pwm_board_msgs/i2c_pwm_board_msgs/msg/detail/servo__rosidl_typesupport_fastrtps_cpp.hpp
[1.024s] -- Up-to-date: /home/ubuntu/pi-dog_ws/install/i2c_pwm_board_msgs/include/i2c_pwm_board_msgs/i2c_pwm_board_msgs/msg/detail/servo_config__rosidl_typesupport_fastrtps_cpp.hpp
[1.025s] -- Up-to-date: /home/ubuntu/pi-dog_ws/install/i2c_pwm_board_msgs/include/i2c_pwm_board_msgs/i2c_pwm_board_msgs/msg/detail/position_array__rosidl_typesupport_fastrtps_cpp.hpp
[1.025s] -- Up-to-date: /home/ubuntu/pi-dog_ws/install/i2c_pwm_board_msgs/include/i2c_pwm_board_msgs/i2c_pwm_board_msgs/msg/detail/servo_array__rosidl_typesupport_fastrtps_cpp.hpp
[1.025s] -- Up-to-date: /home/ubuntu/pi-dog_ws/install/i2c_pwm_board_msgs/include/i2c_pwm_board_msgs/i2c_pwm_board_msgs/msg/detail/position__rosidl_typesupport_fastrtps_cpp.hpp
[1.025s] -- Up-to-date: /home/ubuntu/pi-dog_ws/install/i2c_pwm_board_msgs/include/i2c_pwm_board_msgs/i2c_pwm_board_msgs/srv
[1.026s] -- Up-to-date: /home/ubuntu/pi-dog_ws/install/i2c_pwm_board_msgs/include/i2c_pwm_board_msgs/i2c_pwm_board_msgs/srv/detail
[1.026s] -- Up-to-date: /home/ubuntu/pi-dog_ws/install/i2c_pwm_board_msgs/include/i2c_pwm_board_msgs/i2c_pwm_board_msgs/srv/detail/dds_fastrtps
[1.026s] -- Up-to-date: /home/ubuntu/pi-dog_ws/install/i2c_pwm_board_msgs/include/i2c_pwm_board_msgs/i2c_pwm_board_msgs/srv/detail/servos_config__rosidl_typesupport_fastrtps_cpp.hpp
[1.026s] -- Up-to-date: /home/ubuntu/pi-dog_ws/install/i2c_pwm_board_msgs/include/i2c_pwm_board_msgs/i2c_pwm_board_msgs/srv/detail/int_value__rosidl_typesupport_fastrtps_cpp.hpp
[1.027s] -- Up-to-date: /home/ubuntu/pi-dog_ws/install/i2c_pwm_board_msgs/include/i2c_pwm_board_msgs/i2c_pwm_board_msgs/srv/detail/drive_mode__rosidl_typesupport_fastrtps_cpp.hpp
[1.027s] -- Up-to-date: /home/ubuntu/pi-dog_ws/install/i2c_pwm_board_msgs/include/i2c_pwm_board_msgs/i2c_pwm_board_msgs/srv/detail/stop_servos__rosidl_typesupport_fastrtps_cpp.hpp
[1.027s] -- Up-to-date: /home/ubuntu/pi-dog_ws/install/i2c_pwm_board_msgs/lib/libi2c_pwm_board_msgs__rosidl_typesupport_fastrtps_cpp.so
[1.027s] -- Up-to-date: /home/ubuntu/pi-dog_ws/install/i2c_pwm_board_msgs/include/i2c_pwm_board_msgs/i2c_pwm_board_msgs
[1.027s] -- Up-to-date: /home/ubuntu/pi-dog_ws/install/i2c_pwm_board_msgs/include/i2c_pwm_board_msgs/i2c_pwm_board_msgs/msg
[1.028s] -- Up-to-date: /home/ubuntu/pi-dog_ws/install/i2c_pwm_board_msgs/include/i2c_pwm_board_msgs/i2c_pwm_board_msgs/msg/detail
[1.028s] -- Up-to-date: /home/ubuntu/pi-dog_ws/install/i2c_pwm_board_msgs/include/i2c_pwm_board_msgs/i2c_pwm_board_msgs/msg/detail/position_array__rosidl_typesupport_introspection_cpp.hpp
[1.028s] -- Up-to-date: /home/ubuntu/pi-dog_ws/install/i2c_pwm_board_msgs/include/i2c_pwm_board_msgs/i2c_pwm_board_msgs/msg/detail/position__rosidl_typesupport_introspection_cpp.hpp
[1.028s] -- Up-to-date: /home/ubuntu/pi-dog_ws/install/i2c_pwm_board_msgs/include/i2c_pwm_board_msgs/i2c_pwm_board_msgs/msg/detail/servo_config__rosidl_typesupport_introspection_cpp.hpp
[1.029s] -- Up-to-date: /home/ubuntu/pi-dog_ws/install/i2c_pwm_board_msgs/include/i2c_pwm_board_msgs/i2c_pwm_board_msgs/msg/detail/servo_config_array__rosidl_typesupport_introspection_cpp.hpp
[1.029s] -- Up-to-date: /home/ubuntu/pi-dog_ws/install/i2c_pwm_board_msgs/include/i2c_pwm_board_msgs/i2c_pwm_board_msgs/msg/detail/servo__rosidl_typesupport_introspection_cpp.hpp
[1.029s] -- Up-to-date: /home/ubuntu/pi-dog_ws/install/i2c_pwm_board_msgs/include/i2c_pwm_board_msgs/i2c_pwm_board_msgs/msg/detail/servo_array__rosidl_typesupport_introspection_cpp.hpp
[1.029s] -- Up-to-date: /home/ubuntu/pi-dog_ws/install/i2c_pwm_board_msgs/include/i2c_pwm_board_msgs/i2c_pwm_board_msgs/msg/detail/servo_config__type_support.cpp
[1.030s] -- Up-to-date: /home/ubuntu/pi-dog_ws/install/i2c_pwm_board_msgs/include/i2c_pwm_board_msgs/i2c_pwm_board_msgs/msg/detail/servo_config_array__type_support.cpp
[1.030s] -- Up-to-date: /home/ubuntu/pi-dog_ws/install/i2c_pwm_board_msgs/include/i2c_pwm_board_msgs/i2c_pwm_board_msgs/msg/detail/position_array__type_support.cpp
[1.030s] -- Up-to-date: /home/ubuntu/pi-dog_ws/install/i2c_pwm_board_msgs/include/i2c_pwm_board_msgs/i2c_pwm_board_msgs/msg/detail/position__type_support.cpp
[1.030s] -- Up-to-date: /home/ubuntu/pi-dog_ws/install/i2c_pwm_board_msgs/include/i2c_pwm_board_msgs/i2c_pwm_board_msgs/msg/detail/servo_array__type_support.cpp
[1.030s] -- Up-to-date: /home/ubuntu/pi-dog_ws/install/i2c_pwm_board_msgs/include/i2c_pwm_board_msgs/i2c_pwm_board_msgs/msg/detail/servo__type_support.cpp
[1.031s] -- Up-to-date: /home/ubuntu/pi-dog_ws/install/i2c_pwm_board_msgs/include/i2c_pwm_board_msgs/i2c_pwm_board_msgs/srv
[1.031s] -- Up-to-date: /home/ubuntu/pi-dog_ws/install/i2c_pwm_board_msgs/include/i2c_pwm_board_msgs/i2c_pwm_board_msgs/srv/detail
[1.031s] -- Up-to-date: /home/ubuntu/pi-dog_ws/install/i2c_pwm_board_msgs/include/i2c_pwm_board_msgs/i2c_pwm_board_msgs/srv/detail/int_value__rosidl_typesupport_introspection_cpp.hpp
[1.031s] -- Up-to-date: /home/ubuntu/pi-dog_ws/install/i2c_pwm_board_msgs/include/i2c_pwm_board_msgs/i2c_pwm_board_msgs/srv/detail/stop_servos__type_support.cpp
[1.032s] -- Up-to-date: /home/ubuntu/pi-dog_ws/install/i2c_pwm_board_msgs/include/i2c_pwm_board_msgs/i2c_pwm_board_msgs/srv/detail/servos_config__type_support.cpp
[1.032s] -- Up-to-date: /home/ubuntu/pi-dog_ws/install/i2c_pwm_board_msgs/include/i2c_pwm_board_msgs/i2c_pwm_board_msgs/srv/detail/servos_config__rosidl_typesupport_introspection_cpp.hpp
[1.032s] -- Up-to-date: /home/ubuntu/pi-dog_ws/install/i2c_pwm_board_msgs/include/i2c_pwm_board_msgs/i2c_pwm_board_msgs/srv/detail/int_value__type_support.cpp
[1.032s] -- Up-to-date: /home/ubuntu/pi-dog_ws/install/i2c_pwm_board_msgs/include/i2c_pwm_board_msgs/i2c_pwm_board_msgs/srv/detail/stop_servos__rosidl_typesupport_introspection_cpp.hpp
[1.033s] -- Up-to-date: /home/ubuntu/pi-dog_ws/install/i2c_pwm_board_msgs/include/i2c_pwm_board_msgs/i2c_pwm_board_msgs/srv/detail/drive_mode__type_support.cpp
[1.033s] -- Up-to-date: /home/ubuntu/pi-dog_ws/install/i2c_pwm_board_msgs/include/i2c_pwm_board_msgs/i2c_pwm_board_msgs/srv/detail/drive_mode__rosidl_typesupport_introspection_cpp.hpp
[1.033s] -- Up-to-date: /home/ubuntu/pi-dog_ws/install/i2c_pwm_board_msgs/lib/libi2c_pwm_board_msgs__rosidl_typesupport_introspection_cpp.so
[1.033s] -- Up-to-date: /home/ubuntu/pi-dog_ws/install/i2c_pwm_board_msgs/lib/libi2c_pwm_board_msgs__rosidl_typesupport_cpp.so
[1.033s] -- Up-to-date: /home/ubuntu/pi-dog_ws/install/i2c_pwm_board_msgs/share/i2c_pwm_board_msgs/environment/pythonpath.sh
[1.034s] -- Up-to-date: /home/ubuntu/pi-dog_ws/install/i2c_pwm_board_msgs/share/i2c_pwm_board_msgs/environment/pythonpath.dsv
[1.034s] -- Up-to-date: /home/ubuntu/pi-dog_ws/install/i2c_pwm_board_msgs/lib/python3.12/site-packages/i2c_pwm_board_msgs-0.1.0-py3.12.egg-info
[1.034s] -- Installing: /home/ubuntu/pi-dog_ws/install/i2c_pwm_board_msgs/lib/python3.12/site-packages/i2c_pwm_board_msgs-0.1.0-py3.12.egg-info/dependency_links.txt
[1.034s] -- Installing: /home/ubuntu/pi-dog_ws/install/i2c_pwm_board_msgs/lib/python3.12/site-packages/i2c_pwm_board_msgs-0.1.0-py3.12.egg-info/SOURCES.txt
[1.035s] -- Installing: /home/ubuntu/pi-dog_ws/install/i2c_pwm_board_msgs/lib/python3.12/site-packages/i2c_pwm_board_msgs-0.1.0-py3.12.egg-info/top_level.txt
[1.035s] -- Installing: /home/ubuntu/pi-dog_ws/install/i2c_pwm_board_msgs/lib/python3.12/site-packages/i2c_pwm_board_msgs-0.1.0-py3.12.egg-info/PKG-INFO
[1.035s] -- Up-to-date: /home/ubuntu/pi-dog_ws/install/i2c_pwm_board_msgs/lib/python3.12/site-packages/i2c_pwm_board_msgs
[1.035s] -- Up-to-date: /home/ubuntu/pi-dog_ws/install/i2c_pwm_board_msgs/lib/python3.12/site-packages/i2c_pwm_board_msgs/msg
[1.035s] -- Up-to-date: /home/ubuntu/pi-dog_ws/install/i2c_pwm_board_msgs/lib/python3.12/site-packages/i2c_pwm_board_msgs/msg/_servo.py
[1.036s] -- Up-to-date: /home/ubuntu/pi-dog_ws/install/i2c_pwm_board_msgs/lib/python3.12/site-packages/i2c_pwm_board_msgs/msg/_servo_array.py
[1.036s] -- Up-to-date: /home/ubuntu/pi-dog_ws/install/i2c_pwm_board_msgs/lib/python3.12/site-packages/i2c_pwm_board_msgs/msg/_position.py
[1.036s] -- Up-to-date: /home/ubuntu/pi-dog_ws/install/i2c_pwm_board_msgs/lib/python3.12/site-packages/i2c_pwm_board_msgs/msg/_servo_s.c
[1.036s] -- Up-to-date: /home/ubuntu/pi-dog_ws/install/i2c_pwm_board_msgs/lib/python3.12/site-packages/i2c_pwm_board_msgs/msg/_servo_config_array_s.c
[1.037s] -- Up-to-date: /home/ubuntu/pi-dog_ws/install/i2c_pwm_board_msgs/lib/python3.12/site-packages/i2c_pwm_board_msgs/msg/_position_s.c
[1.037s] -- Up-to-date: /home/ubuntu/pi-dog_ws/install/i2c_pwm_board_msgs/lib/python3.12/site-packages/i2c_pwm_board_msgs/msg/_servo_config.py
[1.037s] -- Up-to-date: /home/ubuntu/pi-dog_ws/install/i2c_pwm_board_msgs/lib/python3.12/site-packages/i2c_pwm_board_msgs/msg/__init__.py
[1.037s] -- Up-to-date: /home/ubuntu/pi-dog_ws/install/i2c_pwm_board_msgs/lib/python3.12/site-packages/i2c_pwm_board_msgs/msg/_servo_config_s.c
[1.037s] -- Up-to-date: /home/ubuntu/pi-dog_ws/install/i2c_pwm_board_msgs/lib/python3.12/site-packages/i2c_pwm_board_msgs/msg/_servo_array_s.c
[1.038s] -- Up-to-date: /home/ubuntu/pi-dog_ws/install/i2c_pwm_board_msgs/lib/python3.12/site-packages/i2c_pwm_board_msgs/msg/_servo_config_array.py
[1.038s] -- Up-to-date: /home/ubuntu/pi-dog_ws/install/i2c_pwm_board_msgs/lib/python3.12/site-packages/i2c_pwm_board_msgs/msg/_position_array_s.c
[1.038s] -- Up-to-date: /home/ubuntu/pi-dog_ws/install/i2c_pwm_board_msgs/lib/python3.12/site-packages/i2c_pwm_board_msgs/msg/_position_array.py
[1.038s] -- Up-to-date: /home/ubuntu/pi-dog_ws/install/i2c_pwm_board_msgs/lib/python3.12/site-packages/i2c_pwm_board_msgs/srv
[1.039s] -- Up-to-date: /home/ubuntu/pi-dog_ws/install/i2c_pwm_board_msgs/lib/python3.12/site-packages/i2c_pwm_board_msgs/srv/_stop_servos.py
[1.039s] -- Up-to-date: /home/ubuntu/pi-dog_ws/install/i2c_pwm_board_msgs/lib/python3.12/site-packages/i2c_pwm_board_msgs/srv/_int_value.py
[1.039s] -- Up-to-date: /home/ubuntu/pi-dog_ws/install/i2c_pwm_board_msgs/lib/python3.12/site-packages/i2c_pwm_board_msgs/srv/_drive_mode_s.c
[1.039s] -- Up-to-date: /home/ubuntu/pi-dog_ws/install/i2c_pwm_board_msgs/lib/python3.12/site-packages/i2c_pwm_board_msgs/srv/__init__.py
[1.039s] -- Up-to-date: /home/ubuntu/pi-dog_ws/install/i2c_pwm_board_msgs/lib/python3.12/site-packages/i2c_pwm_board_msgs/srv/_servos_config_s.c
[1.040s] -- Up-to-date: /home/ubuntu/pi-dog_ws/install/i2c_pwm_board_msgs/lib/python3.12/site-packages/i2c_pwm_board_msgs/srv/_int_value_s.c
[1.040s] -- Up-to-date: /home/ubuntu/pi-dog_ws/install/i2c_pwm_board_msgs/lib/python3.12/site-packages/i2c_pwm_board_msgs/srv/_servos_config.py
[1.040s] -- Up-to-date: /home/ubuntu/pi-dog_ws/install/i2c_pwm_board_msgs/lib/python3.12/site-packages/i2c_pwm_board_msgs/srv/_drive_mode.py
[1.040s] -- Up-to-date: /home/ubuntu/pi-dog_ws/install/i2c_pwm_board_msgs/lib/python3.12/site-packages/i2c_pwm_board_msgs/srv/_stop_servos_s.c
[1.040s] -- Up-to-date: /home/ubuntu/pi-dog_ws/install/i2c_pwm_board_msgs/lib/python3.12/site-packages/i2c_pwm_board_msgs/__init__.py
[1.041s] -- Up-to-date: /home/ubuntu/pi-dog_ws/install/i2c_pwm_board_msgs/lib/python3.12/site-packages/i2c_pwm_board_msgs/_i2c_pwm_board_msgs_s.ep.rosidl_typesupport_c.c
[1.041s] -- Up-to-date: /home/ubuntu/pi-dog_ws/install/i2c_pwm_board_msgs/lib/python3.12/site-packages/i2c_pwm_board_msgs/i2c_pwm_board_msgs_s__rosidl_typesupport_fastrtps_c.so
[1.041s] -- Up-to-date: /home/ubuntu/pi-dog_ws/install/i2c_pwm_board_msgs/lib/python3.12/site-packages/i2c_pwm_board_msgs/_i2c_pwm_board_msgs_s.ep.rosidl_typesupport_introspection_c.c
[1.041s] -- Up-to-date: /home/ubuntu/pi-dog_ws/install/i2c_pwm_board_msgs/lib/python3.12/site-packages/i2c_pwm_board_msgs/i2c_pwm_board_msgs_s__rosidl_typesupport_c.so
[1.042s] -- Up-to-date: /home/ubuntu/pi-dog_ws/install/i2c_pwm_board_msgs/lib/python3.12/site-packages/i2c_pwm_board_msgs/i2c_pwm_board_msgs_s__rosidl_typesupport_introspection_c.so
[1.042s] -- Up-to-date: /home/ubuntu/pi-dog_ws/install/i2c_pwm_board_msgs/lib/python3.12/site-packages/i2c_pwm_board_msgs/_i2c_pwm_board_msgs_s.ep.rosidl_typesupport_fastrtps_c.c
[1.099s] Listing '/home/ubuntu/pi-dog_ws/install/i2c_pwm_board_msgs/lib/python3.12/site-packages/i2c_pwm_board_msgs'...
[1.099s] Listing '/home/ubuntu/pi-dog_ws/install/i2c_pwm_board_msgs/lib/python3.12/site-packages/i2c_pwm_board_msgs/msg'...
[1.099s] Listing '/home/ubuntu/pi-dog_ws/install/i2c_pwm_board_msgs/lib/python3.12/site-packages/i2c_pwm_board_msgs/srv'...
[1.114s] -- Up-to-date: /home/ubuntu/pi-dog_ws/install/i2c_pwm_board_msgs/lib/python3.12/site-packages/i2c_pwm_board_msgs/i2c_pwm_board_msgs_s__rosidl_typesupport_fastrtps_c.so
[1.117s] -- Up-to-date: /home/ubuntu/pi-dog_ws/install/i2c_pwm_board_msgs/lib/python3.12/site-packages/i2c_pwm_board_msgs/i2c_pwm_board_msgs_s__rosidl_typesupport_introspection_c.so
[1.119s] -- Up-to-date: /home/ubuntu/pi-dog_ws/install/i2c_pwm_board_msgs/lib/python3.12/site-packages/i2c_pwm_board_msgs/i2c_pwm_board_msgs_s__rosidl_typesupport_c.so
[1.120s] -- Up-to-date: /home/ubuntu/pi-dog_ws/install/i2c_pwm_board_msgs/lib/libi2c_pwm_board_msgs__rosidl_generator_py.so
[1.121s] -- Up-to-date: /home/ubuntu/pi-dog_ws/install/i2c_pwm_board_msgs/share/ament_index/resource_index/rust_packages/i2c_pwm_board_msgs
[1.121s] -- Up-to-date: /home/ubuntu/pi-dog_ws/install/i2c_pwm_board_msgs/share/i2c_pwm_board_msgs/rust
[1.121s] -- Up-to-date: /home/ubuntu/pi-dog_ws/install/i2c_pwm_board_msgs/share/i2c_pwm_board_msgs/rust/src
[1.121s] -- Up-to-date: /home/ubuntu/pi-dog_ws/install/i2c_pwm_board_msgs/share/i2c_pwm_board_msgs/rust/src/msg
[1.122s] -- Up-to-date: /home/ubuntu/pi-dog_ws/install/i2c_pwm_board_msgs/share/i2c_pwm_board_msgs/rust/src/msg/rmw.rs
[1.122s] -- Up-to-date: /home/ubuntu/pi-dog_ws/install/i2c_pwm_board_msgs/share/i2c_pwm_board_msgs/rust/src/srv
[1.122s] -- Up-to-date: /home/ubuntu/pi-dog_ws/install/i2c_pwm_board_msgs/share/i2c_pwm_board_msgs/rust/src/srv/rmw.rs
[1.122s] -- Up-to-date: /home/ubuntu/pi-dog_ws/install/i2c_pwm_board_msgs/share/i2c_pwm_board_msgs/rust/src/msg.rs
[1.122s] -- Up-to-date: /home/ubuntu/pi-dog_ws/install/i2c_pwm_board_msgs/share/i2c_pwm_board_msgs/rust/src/lib.rs
[1.123s] -- Up-to-date: /home/ubuntu/pi-dog_ws/install/i2c_pwm_board_msgs/share/i2c_pwm_board_msgs/rust/src/srv.rs
[1.123s] -- Up-to-date: /home/ubuntu/pi-dog_ws/install/i2c_pwm_board_msgs/share/i2c_pwm_board_msgs/rust/build.rs
[1.123s] -- Up-to-date: /home/ubuntu/pi-dog_ws/install/i2c_pwm_board_msgs/share/i2c_pwm_board_msgs/rust/Cargo.toml
[1.124s] -- Up-to-date: /home/ubuntu/pi-dog_ws/install/i2c_pwm_board_msgs/share/i2c_pwm_board_msgs/msg/Position.idl
[1.124s] -- Up-to-date: /home/ubuntu/pi-dog_ws/install/i2c_pwm_board_msgs/share/i2c_pwm_board_msgs/msg/PositionArray.idl
[1.124s] -- Up-to-date: /home/ubuntu/pi-dog_ws/install/i2c_pwm_board_msgs/share/i2c_pwm_board_msgs/msg/Servo.idl
[1.125s] -- Up-to-date: /home/ubuntu/pi-dog_ws/install/i2c_pwm_board_msgs/share/i2c_pwm_board_msgs/msg/ServoArray.idl
[1.125s] -- Up-to-date: /home/ubuntu/pi-dog_ws/install/i2c_pwm_board_msgs/share/i2c_pwm_board_msgs/msg/ServoConfig.idl
[1.125s] -- Up-to-date: /home/ubuntu/pi-dog_ws/install/i2c_pwm_board_msgs/share/i2c_pwm_board_msgs/msg/ServoConfigArray.idl
[1.126s] -- Up-to-date: /home/ubuntu/pi-dog_ws/install/i2c_pwm_board_msgs/share/i2c_pwm_board_msgs/srv/DriveMode.idl
[1.126s] -- Up-to-date: /home/ubuntu/pi-dog_ws/install/i2c_pwm_board_msgs/share/i2c_pwm_board_msgs/srv/IntValue.idl
[1.126s] -- Up-to-date: /home/ubuntu/pi-dog_ws/install/i2c_pwm_board_msgs/share/i2c_pwm_board_msgs/srv/ServosConfig.idl
[1.126s] -- Up-to-date: /home/ubuntu/pi-dog_ws/install/i2c_pwm_board_msgs/share/i2c_pwm_board_msgs/srv/StopServos.idl
[1.126s] -- Up-to-date: /home/ubuntu/pi-dog_ws/install/i2c_pwm_board_msgs/share/i2c_pwm_board_msgs/msg/Position.msg
[1.126s] -- Up-to-date: /home/ubuntu/pi-dog_ws/install/i2c_pwm_board_msgs/share/i2c_pwm_board_msgs/msg/PositionArray.msg
[1.127s] -- Up-to-date: /home/ubuntu/pi-dog_ws/install/i2c_pwm_board_msgs/share/i2c_pwm_board_msgs/msg/Servo.msg
[1.127s] -- Up-to-date: /home/ubuntu/pi-dog_ws/install/i2c_pwm_board_msgs/share/i2c_pwm_board_msgs/msg/ServoArray.msg
[1.127s] -- Up-to-date: /home/ubuntu/pi-dog_ws/install/i2c_pwm_board_msgs/share/i2c_pwm_board_msgs/msg/ServoConfig.msg
[1.127s] -- Up-to-date: /home/ubuntu/pi-dog_ws/install/i2c_pwm_board_msgs/share/i2c_pwm_board_msgs/msg/ServoConfigArray.msg
[1.127s] -- Up-to-date: /home/ubuntu/pi-dog_ws/install/i2c_pwm_board_msgs/share/i2c_pwm_board_msgs/srv/DriveMode.srv
[1.128s] -- Up-to-date: /home/ubuntu/pi-dog_ws/install/i2c_pwm_board_msgs/share/i2c_pwm_board_msgs/srv/IntValue.srv
[1.128s] -- Up-to-date: /home/ubuntu/pi-dog_ws/install/i2c_pwm_board_msgs/share/i2c_pwm_board_msgs/srv/ServosConfig.srv
[1.128s] -- Up-to-date: /home/ubuntu/pi-dog_ws/install/i2c_pwm_board_msgs/share/i2c_pwm_board_msgs/srv/StopServos.srv
[1.128s] -- Up-to-date: /home/ubuntu/pi-dog_ws/install/i2c_pwm_board_msgs/share/ament_index/resource_index/package_run_dependencies/i2c_pwm_board_msgs
[1.128s] -- Up-to-date: /home/ubuntu/pi-dog_ws/install/i2c_pwm_board_msgs/share/ament_index/resource_index/parent_prefix_path/i2c_pwm_board_msgs
[1.128s] -- Up-to-date: /home/ubuntu/pi-dog_ws/install/i2c_pwm_board_msgs/share/i2c_pwm_board_msgs/environment/ament_prefix_path.sh
[1.128s] -- Up-to-date: /home/ubuntu/pi-dog_ws/install/i2c_pwm_board_msgs/share/i2c_pwm_board_msgs/environment/ament_prefix_path.dsv
[1.128s] -- Up-to-date: /home/ubuntu/pi-dog_ws/install/i2c_pwm_board_msgs/share/i2c_pwm_board_msgs/environment/path.sh
[1.129s] -- Up-to-date: /home/ubuntu/pi-dog_ws/install/i2c_pwm_board_msgs/share/i2c_pwm_board_msgs/environment/path.dsv
[1.129s] -- Up-to-date: /home/ubuntu/pi-dog_ws/install/i2c_pwm_board_msgs/share/i2c_pwm_board_msgs/local_setup.bash
[1.129s] -- Up-to-date: /home/ubuntu/pi-dog_ws/install/i2c_pwm_board_msgs/share/i2c_pwm_board_msgs/local_setup.sh
[1.129s] -- Up-to-date: /home/ubuntu/pi-dog_ws/install/i2c_pwm_board_msgs/share/i2c_pwm_board_msgs/local_setup.zsh
[1.129s] -- Up-to-date: /home/ubuntu/pi-dog_ws/install/i2c_pwm_board_msgs/share/i2c_pwm_board_msgs/local_setup.dsv
[1.130s] -- Installing: /home/ubuntu/pi-dog_ws/install/i2c_pwm_board_msgs/share/i2c_pwm_board_msgs/package.dsv
[1.130s] -- Up-to-date: /home/ubuntu/pi-dog_ws/install/i2c_pwm_board_msgs/share/ament_index/resource_index/packages/i2c_pwm_board_msgs
[1.130s] -- Up-to-date: /home/ubuntu/pi-dog_ws/install/i2c_pwm_board_msgs/share/i2c_pwm_board_msgs/cmake/export_i2c_pwm_board_msgs__rosidl_generator_cExport.cmake
[1.131s] -- Up-to-date: /home/ubuntu/pi-dog_ws/install/i2c_pwm_board_msgs/share/i2c_pwm_board_msgs/cmake/export_i2c_pwm_board_msgs__rosidl_generator_cExport-noconfig.cmake
[1.131s] -- Up-to-date: /home/ubuntu/pi-dog_ws/install/i2c_pwm_board_msgs/share/i2c_pwm_board_msgs/cmake/export_i2c_pwm_board_msgs__rosidl_typesupport_fastrtps_cExport.cmake
[1.131s] -- Up-to-date: /home/ubuntu/pi-dog_ws/install/i2c_pwm_board_msgs/share/i2c_pwm_board_msgs/cmake/export_i2c_pwm_board_msgs__rosidl_typesupport_fastrtps_cExport-noconfig.cmake
[1.132s] -- Up-to-date: /home/ubuntu/pi-dog_ws/install/i2c_pwm_board_msgs/share/i2c_pwm_board_msgs/cmake/i2c_pwm_board_msgs__rosidl_typesupport_introspection_cExport.cmake
[1.132s] -- Up-to-date: /home/ubuntu/pi-dog_ws/install/i2c_pwm_board_msgs/share/i2c_pwm_board_msgs/cmake/i2c_pwm_board_msgs__rosidl_typesupport_introspection_cExport-noconfig.cmake
[1.132s] -- Up-to-date: /home/ubuntu/pi-dog_ws/install/i2c_pwm_board_msgs/share/i2c_pwm_board_msgs/cmake/i2c_pwm_board_msgs__rosidl_typesupport_cExport.cmake
[1.132s] -- Up-to-date: /home/ubuntu/pi-dog_ws/install/i2c_pwm_board_msgs/share/i2c_pwm_board_msgs/cmake/i2c_pwm_board_msgs__rosidl_typesupport_cExport-noconfig.cmake
[1.133s] -- Up-to-date: /home/ubuntu/pi-dog_ws/install/i2c_pwm_board_msgs/share/i2c_pwm_board_msgs/cmake/export_i2c_pwm_board_msgs__rosidl_generator_cppExport.cmake
[1.133s] -- Up-to-date: /home/ubuntu/pi-dog_ws/install/i2c_pwm_board_msgs/share/i2c_pwm_board_msgs/cmake/export_i2c_pwm_board_msgs__rosidl_typesupport_fastrtps_cppExport.cmake
[1.133s] -- Up-to-date: /home/ubuntu/pi-dog_ws/install/i2c_pwm_board_msgs/share/i2c_pwm_board_msgs/cmake/export_i2c_pwm_board_msgs__rosidl_typesupport_fastrtps_cppExport-noconfig.cmake
[1.134s] -- Up-to-date: /home/ubuntu/pi-dog_ws/install/i2c_pwm_board_msgs/share/i2c_pwm_board_msgs/cmake/i2c_pwm_board_msgs__rosidl_typesupport_introspection_cppExport.cmake
[1.134s] -- Up-to-date: /home/ubuntu/pi-dog_ws/install/i2c_pwm_board_msgs/share/i2c_pwm_board_msgs/cmake/i2c_pwm_board_msgs__rosidl_typesupport_introspection_cppExport-noconfig.cmake
[1.135s] -- Up-to-date: /home/ubuntu/pi-dog_ws/install/i2c_pwm_board_msgs/share/i2c_pwm_board_msgs/cmake/i2c_pwm_board_msgs__rosidl_typesupport_cppExport.cmake
[1.135s] -- Up-to-date: /home/ubuntu/pi-dog_ws/install/i2c_pwm_board_msgs/share/i2c_pwm_board_msgs/cmake/i2c_pwm_board_msgs__rosidl_typesupport_cppExport-noconfig.cmake
[1.135s] -- Up-to-date: /home/ubuntu/pi-dog_ws/install/i2c_pwm_board_msgs/share/i2c_pwm_board_msgs/cmake/export_i2c_pwm_board_msgs__rosidl_generator_pyExport.cmake
[1.136s] -- Up-to-date: /home/ubuntu/pi-dog_ws/install/i2c_pwm_board_msgs/share/i2c_pwm_board_msgs/cmake/export_i2c_pwm_board_msgs__rosidl_generator_pyExport-noconfig.cmake
[1.136s] -- Up-to-date: /home/ubuntu/pi-dog_ws/install/i2c_pwm_board_msgs/share/i2c_pwm_board_msgs/cmake/rosidl_cmake-extras.cmake
[1.136s] -- Up-to-date: /home/ubuntu/pi-dog_ws/install/i2c_pwm_board_msgs/share/i2c_pwm_board_msgs/cmake/ament_cmake_export_dependencies-extras.cmake
[1.137s] -- Up-to-date: /home/ubuntu/pi-dog_ws/install/i2c_pwm_board_msgs/share/i2c_pwm_board_msgs/cmake/ament_cmake_export_include_directories-extras.cmake
[1.137s] -- Up-to-date: /home/ubuntu/pi-dog_ws/install/i2c_pwm_board_msgs/share/i2c_pwm_board_msgs/cmake/ament_cmake_export_libraries-extras.cmake
[1.137s] -- Up-to-date: /home/ubuntu/pi-dog_ws/install/i2c_pwm_board_msgs/share/i2c_pwm_board_msgs/cmake/ament_cmake_export_targets-extras.cmake
[1.137s] -- Up-to-date: /home/ubuntu/pi-dog_ws/install/i2c_pwm_board_msgs/share/i2c_pwm_board_msgs/cmake/rosidl_cmake_export_typesupport_targets-extras.cmake
[1.137s] -- Up-to-date: /home/ubuntu/pi-dog_ws/install/i2c_pwm_board_msgs/share/i2c_pwm_board_msgs/cmake/rosidl_cmake_export_typesupport_libraries-extras.cmake
[1.137s] -- Up-to-date: /home/ubuntu/pi-dog_ws/install/i2c_pwm_board_msgs/share/i2c_pwm_board_msgs/cmake/i2c_pwm_board_msgsConfig.cmake
[1.137s] -- Up-to-date: /home/ubuntu/pi-dog_ws/install/i2c_pwm_board_msgs/share/i2c_pwm_board_msgs/cmake/i2c_pwm_board_msgsConfig-version.cmake
[1.137s] -- Up-to-date: /home/ubuntu/pi-dog_ws/install/i2c_pwm_board_msgs/share/i2c_pwm_board_msgs/package.xml
[1.145s] Invoked command in '/home/ubuntu/pi-dog_ws/build/i2c_pwm_board_msgs' returned '0': CMAKE_PREFIX_PATH=/opt/ros/jazzy /usr/bin/cmake --install /home/ubuntu/pi-dog_ws/build/i2c_pwm_board_msgs
