[0.140s] DEBUG:colcon:Command line arguments: ['/usr/bin/colcon', 'build', '--packages-select', 'i2c_pwm_board', 'i2c_pwm_board_msgs']
[0.140s] DEBUG:colcon:Parsed command line arguments: Namespace(log_base=None, log_level=None, verb_name='build', build_base='build', install_base='install', merge_install=False, symlink_install=False, test_result_base=None, continue_on_error=False, executor='parallel', parallel_workers=4, event_handlers=None, ignore_user_meta=False, metas=['./colcon.meta'], base_paths=['.'], packages_ignore=None, packages_ignore_regex=None, paths=None, packages_up_to=None, packages_up_to_regex=None, packages_above=None, packages_above_and_dependencies=None, packages_above_depth=None, packages_select_by_dep=None, packages_skip_by_dep=None, packages_skip_up_to=None, packages_select_build_failed=False, packages_skip_build_finished=False, packages_select_test_failures=False, packages_skip_test_passed=False, packages_select=['i2c_pwm_board', 'i2c_pwm_board_msgs'], packages_skip=None, packages_select_regex=None, packages_skip_regex=None, packages_start=None, packages_end=None, allow_overriding=[], cmake_args=None, cmake_target=None, cmake_target_skip_unavailable=False, cmake_clean_cache=False, cmake_clean_first=False, cmake_force_configure=False, ament_cmake_args=None, catkin_cmake_args=None, catkin_skip_building_tests=False, verb_parser=<colcon_defaults.argument_parser.defaults.DefaultArgumentsDecorator object at 0xffffb372bbc0>, verb_extension=<colcon_core.verb.build.BuildVerb object at 0xffffb39048f0>, main=<bound method BuildVerb.main of <colcon_core.verb.build.BuildVerb object at 0xffffb39048f0>>)
[0.197s] Level 1:colcon.colcon_core.package_discovery:discover_packages(colcon_meta) check parameters
[0.197s] Level 1:colcon.colcon_core.package_discovery:discover_packages(recursive) check parameters
[0.197s] Level 1:colcon.colcon_core.package_discovery:discover_packages(ignore) check parameters
[0.197s] Level 1:colcon.colcon_core.package_discovery:discover_packages(path) check parameters
[0.197s] Level 1:colcon.colcon_core.package_discovery:discover_packages(colcon_meta) discover
[0.197s] Level 1:colcon.colcon_core.package_discovery:discover_packages(recursive) discover
[0.197s] INFO:colcon.colcon_core.package_discovery:Crawling recursively for packages in '/home/ubuntu/pi-dog_ws'
[0.197s] Level 1:colcon.colcon_core.package_identification:_identify(.) by extensions ['ignore', 'ignore_ament_install']
[0.197s] Level 1:colcon.colcon_core.package_identification:_identify(.) by extension 'ignore'
[0.197s] Level 1:colcon.colcon_core.package_identification:_identify(.) by extension 'ignore_ament_install'
[0.197s] Level 1:colcon.colcon_core.package_identification:_identify(.) by extensions ['colcon_pkg']
[0.197s] Level 1:colcon.colcon_core.package_identification:_identify(.) by extension 'colcon_pkg'
[0.197s] Level 1:colcon.colcon_core.package_identification:_identify(.) by extensions ['colcon_meta']
[0.198s] Level 1:colcon.colcon_core.package_identification:_identify(.) by extension 'colcon_meta'
[0.198s] Level 1:colcon.colcon_core.package_identification:_identify(.) by extensions ['ros']
[0.198s] Level 1:colcon.colcon_core.package_identification:_identify(.) by extension 'ros'
[0.234s] Level 1:colcon.colcon_core.package_identification:_identify(.) by extensions ['cmake', 'python']
[0.234s] Level 1:colcon.colcon_core.package_identification:_identify(.) by extension 'cmake'
[0.234s] Level 1:colcon.colcon_core.package_identification:_identify(.) by extension 'python'
[0.234s] Level 1:colcon.colcon_core.package_identification:_identify(.) by extensions ['python_setup_py']
[0.234s] Level 1:colcon.colcon_core.package_identification:_identify(.) by extension 'python_setup_py'
[0.234s] Level 1:colcon.colcon_core.package_identification:_identify(build) by extensions ['ignore', 'ignore_ament_install']
[0.234s] Level 1:colcon.colcon_core.package_identification:_identify(build) by extension 'ignore'
[0.234s] Level 1:colcon.colcon_core.package_identification:_identify(build) ignored
[0.235s] Level 1:colcon.colcon_core.package_identification:_identify(install) by extensions ['ignore', 'ignore_ament_install']
[0.235s] Level 1:colcon.colcon_core.package_identification:_identify(install) by extension 'ignore'
[0.235s] Level 1:colcon.colcon_core.package_identification:_identify(install) ignored
[0.235s] Level 1:colcon.colcon_core.package_identification:_identify(log) by extensions ['ignore', 'ignore_ament_install']
[0.235s] Level 1:colcon.colcon_core.package_identification:_identify(log) by extension 'ignore'
[0.235s] Level 1:colcon.colcon_core.package_identification:_identify(log) ignored
[0.235s] Level 1:colcon.colcon_core.package_identification:_identify(src) by extensions ['ignore', 'ignore_ament_install']
[0.235s] Level 1:colcon.colcon_core.package_identification:_identify(src) by extension 'ignore'
[0.235s] Level 1:colcon.colcon_core.package_identification:_identify(src) by extension 'ignore_ament_install'
[0.235s] Level 1:colcon.colcon_core.package_identification:_identify(src) by extensions ['colcon_pkg']
[0.235s] Level 1:colcon.colcon_core.package_identification:_identify(src) by extension 'colcon_pkg'
[0.235s] Level 1:colcon.colcon_core.package_identification:_identify(src) by extensions ['colcon_meta']
[0.235s] Level 1:colcon.colcon_core.package_identification:_identify(src) by extension 'colcon_meta'
[0.235s] Level 1:colcon.colcon_core.package_identification:_identify(src) by extensions ['ros']
[0.235s] Level 1:colcon.colcon_core.package_identification:_identify(src) by extension 'ros'
[0.236s] Level 1:colcon.colcon_core.package_identification:_identify(src) by extensions ['cmake', 'python']
[0.236s] Level 1:colcon.colcon_core.package_identification:_identify(src) by extension 'cmake'
[0.236s] Level 1:colcon.colcon_core.package_identification:_identify(src) by extension 'python'
[0.236s] Level 1:colcon.colcon_core.package_identification:_identify(src) by extensions ['python_setup_py']
[0.236s] Level 1:colcon.colcon_core.package_identification:_identify(src) by extension 'python_setup_py'
[0.236s] Level 1:colcon.colcon_core.package_identification:_identify(src/build) by extensions ['ignore', 'ignore_ament_install']
[0.236s] Level 1:colcon.colcon_core.package_identification:_identify(src/build) by extension 'ignore'
[0.236s] Level 1:colcon.colcon_core.package_identification:_identify(src/build) ignored
[0.236s] Level 1:colcon.colcon_core.package_identification:_identify(src/i2c_pwm_board) by extensions ['ignore', 'ignore_ament_install']
[0.236s] Level 1:colcon.colcon_core.package_identification:_identify(src/i2c_pwm_board) by extension 'ignore'
[0.236s] Level 1:colcon.colcon_core.package_identification:_identify(src/i2c_pwm_board) by extension 'ignore_ament_install'
[0.236s] Level 1:colcon.colcon_core.package_identification:_identify(src/i2c_pwm_board) by extensions ['colcon_pkg']
[0.236s] Level 1:colcon.colcon_core.package_identification:_identify(src/i2c_pwm_board) by extension 'colcon_pkg'
[0.236s] Level 1:colcon.colcon_core.package_identification:_identify(src/i2c_pwm_board) by extensions ['colcon_meta']
[0.236s] Level 1:colcon.colcon_core.package_identification:_identify(src/i2c_pwm_board) by extension 'colcon_meta'
[0.236s] Level 1:colcon.colcon_core.package_identification:_identify(src/i2c_pwm_board) by extensions ['ros']
[0.236s] Level 1:colcon.colcon_core.package_identification:_identify(src/i2c_pwm_board) by extension 'ros'
[0.237s] Level 1:colcon.colcon_core.package_identification:_identify(src/i2c_pwm_board) by extensions ['cmake', 'python']
[0.237s] Level 1:colcon.colcon_core.package_identification:_identify(src/i2c_pwm_board) by extension 'cmake'
[0.237s] Level 1:colcon.colcon_core.package_identification:_identify(src/i2c_pwm_board) by extension 'python'
[0.237s] Level 1:colcon.colcon_core.package_identification:_identify(src/i2c_pwm_board) by extensions ['python_setup_py']
[0.237s] Level 1:colcon.colcon_core.package_identification:_identify(src/i2c_pwm_board) by extension 'python_setup_py'
[0.237s] Level 1:colcon.colcon_core.package_identification:_identify(src/i2c_pwm_board/docs) by extensions ['ignore', 'ignore_ament_install']
[0.237s] Level 1:colcon.colcon_core.package_identification:_identify(src/i2c_pwm_board/docs) by extension 'ignore'
[0.237s] Level 1:colcon.colcon_core.package_identification:_identify(src/i2c_pwm_board/docs) by extension 'ignore_ament_install'
[0.237s] Level 1:colcon.colcon_core.package_identification:_identify(src/i2c_pwm_board/docs) by extensions ['colcon_pkg']
[0.237s] Level 1:colcon.colcon_core.package_identification:_identify(src/i2c_pwm_board/docs) by extension 'colcon_pkg'
[0.237s] Level 1:colcon.colcon_core.package_identification:_identify(src/i2c_pwm_board/docs) by extensions ['colcon_meta']
[0.237s] Level 1:colcon.colcon_core.package_identification:_identify(src/i2c_pwm_board/docs) by extension 'colcon_meta'
[0.237s] Level 1:colcon.colcon_core.package_identification:_identify(src/i2c_pwm_board/docs) by extensions ['ros']
[0.237s] Level 1:colcon.colcon_core.package_identification:_identify(src/i2c_pwm_board/docs) by extension 'ros'
[0.237s] Level 1:colcon.colcon_core.package_identification:_identify(src/i2c_pwm_board/docs) by extensions ['cmake', 'python']
[0.237s] Level 1:colcon.colcon_core.package_identification:_identify(src/i2c_pwm_board/docs) by extension 'cmake'
[0.237s] Level 1:colcon.colcon_core.package_identification:_identify(src/i2c_pwm_board/docs) by extension 'python'
[0.237s] Level 1:colcon.colcon_core.package_identification:_identify(src/i2c_pwm_board/docs) by extensions ['python_setup_py']
[0.237s] Level 1:colcon.colcon_core.package_identification:_identify(src/i2c_pwm_board/docs) by extension 'python_setup_py'
[0.238s] Level 1:colcon.colcon_core.package_identification:_identify(src/i2c_pwm_board/docs/images) by extensions ['ignore', 'ignore_ament_install']
[0.238s] Level 1:colcon.colcon_core.package_identification:_identify(src/i2c_pwm_board/docs/images) by extension 'ignore'
[0.238s] Level 1:colcon.colcon_core.package_identification:_identify(src/i2c_pwm_board/docs/images) by extension 'ignore_ament_install'
[0.238s] Level 1:colcon.colcon_core.package_identification:_identify(src/i2c_pwm_board/docs/images) by extensions ['colcon_pkg']
[0.238s] Level 1:colcon.colcon_core.package_identification:_identify(src/i2c_pwm_board/docs/images) by extension 'colcon_pkg'
[0.238s] Level 1:colcon.colcon_core.package_identification:_identify(src/i2c_pwm_board/docs/images) by extensions ['colcon_meta']
[0.238s] Level 1:colcon.colcon_core.package_identification:_identify(src/i2c_pwm_board/docs/images) by extension 'colcon_meta'
[0.238s] Level 1:colcon.colcon_core.package_identification:_identify(src/i2c_pwm_board/docs/images) by extensions ['ros']
[0.238s] Level 1:colcon.colcon_core.package_identification:_identify(src/i2c_pwm_board/docs/images) by extension 'ros'
[0.238s] Level 1:colcon.colcon_core.package_identification:_identify(src/i2c_pwm_board/docs/images) by extensions ['cmake', 'python']
[0.238s] Level 1:colcon.colcon_core.package_identification:_identify(src/i2c_pwm_board/docs/images) by extension 'cmake'
[0.238s] Level 1:colcon.colcon_core.package_identification:_identify(src/i2c_pwm_board/docs/images) by extension 'python'
[0.238s] Level 1:colcon.colcon_core.package_identification:_identify(src/i2c_pwm_board/docs/images) by extensions ['python_setup_py']
[0.238s] Level 1:colcon.colcon_core.package_identification:_identify(src/i2c_pwm_board/docs/images) by extension 'python_setup_py'
[0.238s] Level 1:colcon.colcon_core.package_identification:_identify(src/i2c_pwm_board/i2c_pwm_board) by extensions ['ignore', 'ignore_ament_install']
[0.238s] Level 1:colcon.colcon_core.package_identification:_identify(src/i2c_pwm_board/i2c_pwm_board) by extension 'ignore'
[0.238s] Level 1:colcon.colcon_core.package_identification:_identify(src/i2c_pwm_board/i2c_pwm_board) by extension 'ignore_ament_install'
[0.239s] Level 1:colcon.colcon_core.package_identification:_identify(src/i2c_pwm_board/i2c_pwm_board) by extensions ['colcon_pkg']
[0.239s] Level 1:colcon.colcon_core.package_identification:_identify(src/i2c_pwm_board/i2c_pwm_board) by extension 'colcon_pkg'
[0.239s] Level 1:colcon.colcon_core.package_identification:_identify(src/i2c_pwm_board/i2c_pwm_board) by extensions ['colcon_meta']
[0.239s] Level 1:colcon.colcon_core.package_identification:_identify(src/i2c_pwm_board/i2c_pwm_board) by extension 'colcon_meta'
[0.239s] Level 1:colcon.colcon_core.package_identification:_identify(src/i2c_pwm_board/i2c_pwm_board) by extensions ['ros']
[0.239s] Level 1:colcon.colcon_core.package_identification:_identify(src/i2c_pwm_board/i2c_pwm_board) by extension 'ros'
[0.244s] DEBUG:colcon.colcon_core.package_identification:Package 'src/i2c_pwm_board/i2c_pwm_board' with type 'ros.ament_cmake' and name 'i2c_pwm_board'
[0.244s] Level 1:colcon.colcon_core.package_identification:_identify(src/i2c_pwm_board/i2c_pwm_board_calibration) by extensions ['ignore', 'ignore_ament_install']
[0.244s] Level 1:colcon.colcon_core.package_identification:_identify(src/i2c_pwm_board/i2c_pwm_board_calibration) by extension 'ignore'
[0.245s] Level 1:colcon.colcon_core.package_identification:_identify(src/i2c_pwm_board/i2c_pwm_board_calibration) by extension 'ignore_ament_install'
[0.245s] Level 1:colcon.colcon_core.package_identification:_identify(src/i2c_pwm_board/i2c_pwm_board_calibration) by extensions ['colcon_pkg']
[0.245s] Level 1:colcon.colcon_core.package_identification:_identify(src/i2c_pwm_board/i2c_pwm_board_calibration) by extension 'colcon_pkg'
[0.245s] Level 1:colcon.colcon_core.package_identification:_identify(src/i2c_pwm_board/i2c_pwm_board_calibration) by extensions ['colcon_meta']
[0.245s] Level 1:colcon.colcon_core.package_identification:_identify(src/i2c_pwm_board/i2c_pwm_board_calibration) by extension 'colcon_meta'
[0.245s] Level 1:colcon.colcon_core.package_identification:_identify(src/i2c_pwm_board/i2c_pwm_board_calibration) by extensions ['ros']
[0.245s] Level 1:colcon.colcon_core.package_identification:_identify(src/i2c_pwm_board/i2c_pwm_board_calibration) by extension 'ros'
[0.246s] DEBUG:colcon.colcon_core.package_identification:Package 'src/i2c_pwm_board/i2c_pwm_board_calibration' with type 'ros.ament_cmake' and name 'i2c_pwm_board_calibration'
[0.246s] Level 1:colcon.colcon_core.package_identification:_identify(src/i2c_pwm_board/i2c_pwm_board_msgs) by extensions ['ignore', 'ignore_ament_install']
[0.246s] Level 1:colcon.colcon_core.package_identification:_identify(src/i2c_pwm_board/i2c_pwm_board_msgs) by extension 'ignore'
[0.246s] Level 1:colcon.colcon_core.package_identification:_identify(src/i2c_pwm_board/i2c_pwm_board_msgs) by extension 'ignore_ament_install'
[0.246s] Level 1:colcon.colcon_core.package_identification:_identify(src/i2c_pwm_board/i2c_pwm_board_msgs) by extensions ['colcon_pkg']
[0.246s] Level 1:colcon.colcon_core.package_identification:_identify(src/i2c_pwm_board/i2c_pwm_board_msgs) by extension 'colcon_pkg'
[0.246s] Level 1:colcon.colcon_core.package_identification:_identify(src/i2c_pwm_board/i2c_pwm_board_msgs) by extensions ['colcon_meta']
[0.246s] Level 1:colcon.colcon_core.package_identification:_identify(src/i2c_pwm_board/i2c_pwm_board_msgs) by extension 'colcon_meta'
[0.246s] Level 1:colcon.colcon_core.package_identification:_identify(src/i2c_pwm_board/i2c_pwm_board_msgs) by extensions ['ros']
[0.246s] Level 1:colcon.colcon_core.package_identification:_identify(src/i2c_pwm_board/i2c_pwm_board_msgs) by extension 'ros'
[0.247s] DEBUG:colcon.colcon_core.package_identification:Package 'src/i2c_pwm_board/i2c_pwm_board_msgs' with type 'ros.ament_cmake' and name 'i2c_pwm_board_msgs'
[0.247s] Level 1:colcon.colcon_core.package_identification:_identify(src/i2c_pwm_board/i2c_pwm_board_xmlrp) by extensions ['ignore', 'ignore_ament_install']
[0.247s] Level 1:colcon.colcon_core.package_identification:_identify(src/i2c_pwm_board/i2c_pwm_board_xmlrp) by extension 'ignore'
[0.247s] Level 1:colcon.colcon_core.package_identification:_identify(src/i2c_pwm_board/i2c_pwm_board_xmlrp) by extension 'ignore_ament_install'
[0.247s] Level 1:colcon.colcon_core.package_identification:_identify(src/i2c_pwm_board/i2c_pwm_board_xmlrp) by extensions ['colcon_pkg']
[0.247s] Level 1:colcon.colcon_core.package_identification:_identify(src/i2c_pwm_board/i2c_pwm_board_xmlrp) by extension 'colcon_pkg'
[0.247s] Level 1:colcon.colcon_core.package_identification:_identify(src/i2c_pwm_board/i2c_pwm_board_xmlrp) by extensions ['colcon_meta']
[0.247s] Level 1:colcon.colcon_core.package_identification:_identify(src/i2c_pwm_board/i2c_pwm_board_xmlrp) by extension 'colcon_meta'
[0.247s] Level 1:colcon.colcon_core.package_identification:_identify(src/i2c_pwm_board/i2c_pwm_board_xmlrp) by extensions ['ros']
[0.247s] Level 1:colcon.colcon_core.package_identification:_identify(src/i2c_pwm_board/i2c_pwm_board_xmlrp) by extension 'ros'
[0.248s] DEBUG:colcon.colcon_core.package_identification:Package 'src/i2c_pwm_board/i2c_pwm_board_xmlrp' with type 'ros.ament_cmake' and name 'i2c_pwm_board_xmlrp'
[0.248s] Level 1:colcon.colcon_core.package_identification:_identify(src/i2c_pwm_board/xmlrpcpp) by extensions ['ignore', 'ignore_ament_install']
[0.248s] Level 1:colcon.colcon_core.package_identification:_identify(src/i2c_pwm_board/xmlrpcpp) by extension 'ignore'
[0.248s] Level 1:colcon.colcon_core.package_identification:_identify(src/i2c_pwm_board/xmlrpcpp) by extension 'ignore_ament_install'
[0.248s] Level 1:colcon.colcon_core.package_identification:_identify(src/i2c_pwm_board/xmlrpcpp) by extensions ['colcon_pkg']
[0.248s] Level 1:colcon.colcon_core.package_identification:_identify(src/i2c_pwm_board/xmlrpcpp) by extension 'colcon_pkg'
[0.248s] Level 1:colcon.colcon_core.package_identification:_identify(src/i2c_pwm_board/xmlrpcpp) by extensions ['colcon_meta']
[0.248s] Level 1:colcon.colcon_core.package_identification:_identify(src/i2c_pwm_board/xmlrpcpp) by extension 'colcon_meta'
[0.248s] Level 1:colcon.colcon_core.package_identification:_identify(src/i2c_pwm_board/xmlrpcpp) by extensions ['ros']
[0.248s] Level 1:colcon.colcon_core.package_identification:_identify(src/i2c_pwm_board/xmlrpcpp) by extension 'ros'
[0.249s] DEBUG:colcon.colcon_core.package_identification:Package 'src/i2c_pwm_board/xmlrpcpp' with type 'ros.ament_cmake' and name 'xmlrpcpp'
[0.249s] Level 1:colcon.colcon_core.package_identification:_identify(src/install) by extensions ['ignore', 'ignore_ament_install']
[0.249s] Level 1:colcon.colcon_core.package_identification:_identify(src/install) by extension 'ignore'
[0.249s] Level 1:colcon.colcon_core.package_identification:_identify(src/install) ignored
[0.249s] Level 1:colcon.colcon_core.package_identification:_identify(src/log) by extensions ['ignore', 'ignore_ament_install']
[0.249s] Level 1:colcon.colcon_core.package_identification:_identify(src/log) by extension 'ignore'
[0.249s] Level 1:colcon.colcon_core.package_identification:_identify(src/log) ignored
[0.250s] Level 1:colcon.colcon_core.package_identification:_identify(src/quadruped_controller) by extensions ['ignore', 'ignore_ament_install']
[0.250s] Level 1:colcon.colcon_core.package_identification:_identify(src/quadruped_controller) by extension 'ignore'
[0.250s] Level 1:colcon.colcon_core.package_identification:_identify(src/quadruped_controller) by extension 'ignore_ament_install'
[0.250s] Level 1:colcon.colcon_core.package_identification:_identify(src/quadruped_controller) by extensions ['colcon_pkg']
[0.250s] Level 1:colcon.colcon_core.package_identification:_identify(src/quadruped_controller) by extension 'colcon_pkg'
[0.250s] Level 1:colcon.colcon_core.package_identification:_identify(src/quadruped_controller) by extensions ['colcon_meta']
[0.250s] Level 1:colcon.colcon_core.package_identification:_identify(src/quadruped_controller) by extension 'colcon_meta'
[0.250s] Level 1:colcon.colcon_core.package_identification:_identify(src/quadruped_controller) by extensions ['ros']
[0.250s] Level 1:colcon.colcon_core.package_identification:_identify(src/quadruped_controller) by extension 'ros'
[0.250s] DEBUG:colcon.colcon_core.package_identification:Package 'src/quadruped_controller' with type 'ros.ament_cmake' and name 'quadruped_controller'
[0.251s] Level 1:colcon.colcon_core.package_discovery:discover_packages(recursive) using defaults
[0.251s] Level 1:colcon.colcon_core.package_discovery:discover_packages(ignore) discover
[0.251s] Level 1:colcon.colcon_core.package_discovery:discover_packages(ignore) using defaults
[0.251s] Level 1:colcon.colcon_core.package_discovery:discover_packages(path) discover
[0.251s] Level 1:colcon.colcon_core.package_discovery:discover_packages(path) using defaults
[0.275s] INFO:colcon.colcon_core.package_selection:Skipping not selected package 'quadruped_controller' in 'src/quadruped_controller'
[0.275s] INFO:colcon.colcon_core.package_selection:Skipping not selected package 'xmlrpcpp' in 'src/i2c_pwm_board/xmlrpcpp'
[0.275s] INFO:colcon.colcon_core.package_selection:Skipping not selected package 'i2c_pwm_board_calibration' in 'src/i2c_pwm_board/i2c_pwm_board_calibration'
[0.275s] INFO:colcon.colcon_core.package_selection:Skipping not selected package 'i2c_pwm_board_xmlrp' in 'src/i2c_pwm_board/i2c_pwm_board_xmlrp'
[0.275s] Level 1:colcon.colcon_core.package_discovery:discover_packages(prefix_path) check parameters
[0.275s] Level 1:colcon.colcon_core.package_discovery:discover_packages(prefix_path) discover
[0.277s] DEBUG:colcon.colcon_installed_package_information.package_discovery:Found 1 installed packages in /home/ubuntu/pi-dog_ws/install
[0.279s] DEBUG:colcon.colcon_installed_package_information.package_discovery:Found 194 installed packages in /opt/ros/jazzy
[0.279s] Level 1:colcon.colcon_core.package_discovery:discover_packages(prefix_path) using defaults
[0.319s] Level 5:colcon.colcon_core.verb:set package 'i2c_pwm_board_msgs' build argument 'cmake_args' from command line to 'None'
[0.319s] Level 5:colcon.colcon_core.verb:set package 'i2c_pwm_board_msgs' build argument 'cmake_target' from command line to 'None'
[0.319s] Level 5:colcon.colcon_core.verb:set package 'i2c_pwm_board_msgs' build argument 'cmake_target_skip_unavailable' from command line to 'False'
[0.319s] Level 5:colcon.colcon_core.verb:set package 'i2c_pwm_board_msgs' build argument 'cmake_clean_cache' from command line to 'False'
[0.319s] Level 5:colcon.colcon_core.verb:set package 'i2c_pwm_board_msgs' build argument 'cmake_clean_first' from command line to 'False'
[0.319s] Level 5:colcon.colcon_core.verb:set package 'i2c_pwm_board_msgs' build argument 'cmake_force_configure' from command line to 'False'
[0.319s] Level 5:colcon.colcon_core.verb:set package 'i2c_pwm_board_msgs' build argument 'ament_cmake_args' from command line to 'None'
[0.319s] Level 5:colcon.colcon_core.verb:set package 'i2c_pwm_board_msgs' build argument 'catkin_cmake_args' from command line to 'None'
[0.319s] Level 5:colcon.colcon_core.verb:set package 'i2c_pwm_board_msgs' build argument 'catkin_skip_building_tests' from command line to 'False'
[0.319s] DEBUG:colcon.colcon_core.verb:Building package 'i2c_pwm_board_msgs' with the following arguments: {'ament_cmake_args': None, 'build_base': '/home/ubuntu/pi-dog_ws/build/i2c_pwm_board_msgs', 'catkin_cmake_args': None, 'catkin_skip_building_tests': False, 'cmake_args': None, 'cmake_clean_cache': False, 'cmake_clean_first': False, 'cmake_force_configure': False, 'cmake_target': None, 'cmake_target_skip_unavailable': False, 'install_base': '/home/ubuntu/pi-dog_ws/install/i2c_pwm_board_msgs', 'merge_install': False, 'path': '/home/ubuntu/pi-dog_ws/src/i2c_pwm_board/i2c_pwm_board_msgs', 'symlink_install': False, 'test_result_base': None}
[0.319s] Level 5:colcon.colcon_core.verb:set package 'i2c_pwm_board' build argument 'cmake_args' from command line to 'None'
[0.319s] Level 5:colcon.colcon_core.verb:set package 'i2c_pwm_board' build argument 'cmake_target' from command line to 'None'
[0.319s] Level 5:colcon.colcon_core.verb:set package 'i2c_pwm_board' build argument 'cmake_target_skip_unavailable' from command line to 'False'
[0.319s] Level 5:colcon.colcon_core.verb:set package 'i2c_pwm_board' build argument 'cmake_clean_cache' from command line to 'False'
[0.319s] Level 5:colcon.colcon_core.verb:set package 'i2c_pwm_board' build argument 'cmake_clean_first' from command line to 'False'
[0.319s] Level 5:colcon.colcon_core.verb:set package 'i2c_pwm_board' build argument 'cmake_force_configure' from command line to 'False'
[0.320s] Level 5:colcon.colcon_core.verb:set package 'i2c_pwm_board' build argument 'ament_cmake_args' from command line to 'None'
[0.320s] Level 5:colcon.colcon_core.verb:set package 'i2c_pwm_board' build argument 'catkin_cmake_args' from command line to 'None'
[0.320s] Level 5:colcon.colcon_core.verb:set package 'i2c_pwm_board' build argument 'catkin_skip_building_tests' from command line to 'False'
[0.320s] DEBUG:colcon.colcon_core.verb:Building package 'i2c_pwm_board' with the following arguments: {'ament_cmake_args': None, 'build_base': '/home/ubuntu/pi-dog_ws/build/i2c_pwm_board', 'catkin_cmake_args': None, 'catkin_skip_building_tests': False, 'cmake_args': None, 'cmake_clean_cache': False, 'cmake_clean_first': False, 'cmake_force_configure': False, 'cmake_target': None, 'cmake_target_skip_unavailable': False, 'install_base': '/home/ubuntu/pi-dog_ws/install/i2c_pwm_board', 'merge_install': False, 'path': '/home/ubuntu/pi-dog_ws/src/i2c_pwm_board/i2c_pwm_board', 'symlink_install': False, 'test_result_base': None}
[0.320s] INFO:colcon.colcon_core.executor:Executing jobs using 'parallel' executor
[0.321s] DEBUG:colcon.colcon_parallel_executor.executor.parallel:run_until_complete
[0.321s] INFO:colcon.colcon_ros.task.ament_cmake.build:Building ROS package in '/home/ubuntu/pi-dog_ws/src/i2c_pwm_board/i2c_pwm_board_msgs' with build type 'ament_cmake'
[0.322s] INFO:colcon.colcon_cmake.task.cmake.build:Building CMake package in '/home/ubuntu/pi-dog_ws/src/i2c_pwm_board/i2c_pwm_board_msgs'
[0.324s] INFO:colcon.colcon_core.plugin_system:Skipping extension 'colcon_core.shell.bat': Not used on non-Windows systems
[0.324s] INFO:colcon.colcon_core.shell:Skip shell extension 'powershell' for command environment: Not usable outside of PowerShell
[0.325s] DEBUG:colcon.colcon_core.shell:Skip shell extension 'dsv' for command environment
[0.336s] DEBUG:colcon.colcon_core.event_handler.log_command:Invoking command in '/home/ubuntu/pi-dog_ws/build/i2c_pwm_board_msgs': CMAKE_PREFIX_PATH=${CMAKE_PREFIX_PATH}:/opt/ros/jazzy /usr/bin/cmake /home/ubuntu/pi-dog_ws/src/i2c_pwm_board/i2c_pwm_board_msgs -DCMAKE_INSTALL_PREFIX=/home/ubuntu/pi-dog_ws/install/i2c_pwm_board_msgs
[5.429s] DEBUG:colcon.colcon_core.event_handler.log_command:Invoked command in '/home/ubuntu/pi-dog_ws/build/i2c_pwm_board_msgs' returned '0': CMAKE_PREFIX_PATH=${CMAKE_PREFIX_PATH}:/opt/ros/jazzy /usr/bin/cmake /home/ubuntu/pi-dog_ws/src/i2c_pwm_board/i2c_pwm_board_msgs -DCMAKE_INSTALL_PREFIX=/home/ubuntu/pi-dog_ws/install/i2c_pwm_board_msgs
[5.432s] DEBUG:colcon.colcon_core.event_handler.log_command:Invoking command in '/home/ubuntu/pi-dog_ws/build/i2c_pwm_board_msgs': CMAKE_PREFIX_PATH=${CMAKE_PREFIX_PATH}:/opt/ros/jazzy /usr/bin/cmake --build /home/ubuntu/pi-dog_ws/build/i2c_pwm_board_msgs -- -j4 -l4
[30.091s] DEBUG:colcon.colcon_core.event_handler.log_command:Invoked command in '/home/ubuntu/pi-dog_ws/build/i2c_pwm_board_msgs' returned '0': CMAKE_PREFIX_PATH=${CMAKE_PREFIX_PATH}:/opt/ros/jazzy /usr/bin/cmake --build /home/ubuntu/pi-dog_ws/build/i2c_pwm_board_msgs -- -j4 -l4
[30.109s] DEBUG:colcon.colcon_core.event_handler.log_command:Invoking command in '/home/ubuntu/pi-dog_ws/build/i2c_pwm_board_msgs': CMAKE_PREFIX_PATH=${CMAKE_PREFIX_PATH}:/opt/ros/jazzy /usr/bin/cmake --install /home/ubuntu/pi-dog_ws/build/i2c_pwm_board_msgs
[30.337s] Level 1:colcon.colcon_core.environment:create_environment_scripts_only(i2c_pwm_board_msgs)
[30.338s] DEBUG:colcon.colcon_core.event_handler.log_command:Invoked command in '/home/ubuntu/pi-dog_ws/build/i2c_pwm_board_msgs' returned '0': CMAKE_PREFIX_PATH=${CMAKE_PREFIX_PATH}:/opt/ros/jazzy /usr/bin/cmake --install /home/ubuntu/pi-dog_ws/build/i2c_pwm_board_msgs
[30.340s] Level 1:colcon.colcon_core.environment:checking '/home/ubuntu/pi-dog_ws/install/i2c_pwm_board_msgs' for CMake module files
[30.341s] Level 1:colcon.colcon_core.environment:checking '/home/ubuntu/pi-dog_ws/install/i2c_pwm_board_msgs' for CMake config files
[30.342s] Level 1:colcon.colcon_core.shell:create_environment_hook('i2c_pwm_board_msgs', 'cmake_prefix_path')
[30.343s] INFO:colcon.colcon_core.shell:Creating environment hook '/home/ubuntu/pi-dog_ws/install/i2c_pwm_board_msgs/share/i2c_pwm_board_msgs/hook/cmake_prefix_path.ps1'
[30.343s] INFO:colcon.colcon_core.shell:Creating environment descriptor '/home/ubuntu/pi-dog_ws/install/i2c_pwm_board_msgs/share/i2c_pwm_board_msgs/hook/cmake_prefix_path.dsv'
[30.344s] INFO:colcon.colcon_core.shell:Creating environment hook '/home/ubuntu/pi-dog_ws/install/i2c_pwm_board_msgs/share/i2c_pwm_board_msgs/hook/cmake_prefix_path.sh'
[30.345s] Level 1:colcon.colcon_core.environment:checking '/home/ubuntu/pi-dog_ws/install/i2c_pwm_board_msgs/lib'
[30.345s] Level 1:colcon.colcon_core.shell:create_environment_hook('i2c_pwm_board_msgs', 'ld_library_path_lib')
[30.345s] INFO:colcon.colcon_core.shell:Creating environment hook '/home/ubuntu/pi-dog_ws/install/i2c_pwm_board_msgs/share/i2c_pwm_board_msgs/hook/ld_library_path_lib.ps1'
[30.346s] INFO:colcon.colcon_core.shell:Creating environment descriptor '/home/ubuntu/pi-dog_ws/install/i2c_pwm_board_msgs/share/i2c_pwm_board_msgs/hook/ld_library_path_lib.dsv'
[30.346s] INFO:colcon.colcon_core.shell:Creating environment hook '/home/ubuntu/pi-dog_ws/install/i2c_pwm_board_msgs/share/i2c_pwm_board_msgs/hook/ld_library_path_lib.sh'
[30.347s] Level 1:colcon.colcon_core.environment:checking '/home/ubuntu/pi-dog_ws/install/i2c_pwm_board_msgs/bin'
[30.347s] Level 1:colcon.colcon_core.environment:checking '/home/ubuntu/pi-dog_ws/install/i2c_pwm_board_msgs/lib/pkgconfig/i2c_pwm_board_msgs.pc'
[30.347s] Level 1:colcon.colcon_core.environment:checking '/home/ubuntu/pi-dog_ws/install/i2c_pwm_board_msgs/lib/python3.12/site-packages'
[30.347s] Level 1:colcon.colcon_core.shell:create_environment_hook('i2c_pwm_board_msgs', 'pythonpath')
[30.348s] INFO:colcon.colcon_core.shell:Creating environment hook '/home/ubuntu/pi-dog_ws/install/i2c_pwm_board_msgs/share/i2c_pwm_board_msgs/hook/pythonpath.ps1'
[30.348s] INFO:colcon.colcon_core.shell:Creating environment descriptor '/home/ubuntu/pi-dog_ws/install/i2c_pwm_board_msgs/share/i2c_pwm_board_msgs/hook/pythonpath.dsv'
[30.348s] INFO:colcon.colcon_core.shell:Creating environment hook '/home/ubuntu/pi-dog_ws/install/i2c_pwm_board_msgs/share/i2c_pwm_board_msgs/hook/pythonpath.sh'
[30.349s] Level 1:colcon.colcon_core.environment:checking '/home/ubuntu/pi-dog_ws/install/i2c_pwm_board_msgs/bin'
[30.350s] INFO:colcon.colcon_core.shell:Creating package script '/home/ubuntu/pi-dog_ws/install/i2c_pwm_board_msgs/share/i2c_pwm_board_msgs/package.ps1'
[30.351s] INFO:colcon.colcon_core.shell:Creating package descriptor '/home/ubuntu/pi-dog_ws/install/i2c_pwm_board_msgs/share/i2c_pwm_board_msgs/package.dsv'
[30.352s] INFO:colcon.colcon_core.shell:Creating package script '/home/ubuntu/pi-dog_ws/install/i2c_pwm_board_msgs/share/i2c_pwm_board_msgs/package.sh'
[30.353s] INFO:colcon.colcon_core.shell:Creating package script '/home/ubuntu/pi-dog_ws/install/i2c_pwm_board_msgs/share/i2c_pwm_board_msgs/package.bash'
[30.354s] INFO:colcon.colcon_core.shell:Creating package script '/home/ubuntu/pi-dog_ws/install/i2c_pwm_board_msgs/share/i2c_pwm_board_msgs/package.zsh'
[30.354s] Level 1:colcon.colcon_core.environment:create_file_with_runtime_dependencies(/home/ubuntu/pi-dog_ws/install/i2c_pwm_board_msgs/share/colcon-core/packages/i2c_pwm_board_msgs)
[30.355s] Level 1:colcon.colcon_core.environment:create_environment_scripts_only(i2c_pwm_board_msgs)
[30.355s] Level 1:colcon.colcon_core.environment:checking '/home/ubuntu/pi-dog_ws/install/i2c_pwm_board_msgs' for CMake module files
[30.356s] Level 1:colcon.colcon_core.environment:checking '/home/ubuntu/pi-dog_ws/install/i2c_pwm_board_msgs' for CMake config files
[30.357s] Level 1:colcon.colcon_core.shell:create_environment_hook('i2c_pwm_board_msgs', 'cmake_prefix_path')
[30.358s] INFO:colcon.colcon_core.shell:Creating environment hook '/home/ubuntu/pi-dog_ws/install/i2c_pwm_board_msgs/share/i2c_pwm_board_msgs/hook/cmake_prefix_path.ps1'
[30.358s] INFO:colcon.colcon_core.shell:Creating environment descriptor '/home/ubuntu/pi-dog_ws/install/i2c_pwm_board_msgs/share/i2c_pwm_board_msgs/hook/cmake_prefix_path.dsv'
[30.359s] INFO:colcon.colcon_core.shell:Creating environment hook '/home/ubuntu/pi-dog_ws/install/i2c_pwm_board_msgs/share/i2c_pwm_board_msgs/hook/cmake_prefix_path.sh'
[30.360s] Level 1:colcon.colcon_core.environment:checking '/home/ubuntu/pi-dog_ws/install/i2c_pwm_board_msgs/lib'
[30.360s] Level 1:colcon.colcon_core.shell:create_environment_hook('i2c_pwm_board_msgs', 'ld_library_path_lib')
[30.360s] INFO:colcon.colcon_core.shell:Creating environment hook '/home/ubuntu/pi-dog_ws/install/i2c_pwm_board_msgs/share/i2c_pwm_board_msgs/hook/ld_library_path_lib.ps1'
[30.361s] INFO:colcon.colcon_core.shell:Creating environment descriptor '/home/ubuntu/pi-dog_ws/install/i2c_pwm_board_msgs/share/i2c_pwm_board_msgs/hook/ld_library_path_lib.dsv'
[30.361s] INFO:colcon.colcon_core.shell:Creating environment hook '/home/ubuntu/pi-dog_ws/install/i2c_pwm_board_msgs/share/i2c_pwm_board_msgs/hook/ld_library_path_lib.sh'
[30.362s] Level 1:colcon.colcon_core.environment:checking '/home/ubuntu/pi-dog_ws/install/i2c_pwm_board_msgs/bin'
[30.362s] Level 1:colcon.colcon_core.environment:checking '/home/ubuntu/pi-dog_ws/install/i2c_pwm_board_msgs/lib/pkgconfig/i2c_pwm_board_msgs.pc'
[30.363s] Level 1:colcon.colcon_core.environment:checking '/home/ubuntu/pi-dog_ws/install/i2c_pwm_board_msgs/lib/python3.12/site-packages'
[30.363s] Level 1:colcon.colcon_core.shell:create_environment_hook('i2c_pwm_board_msgs', 'pythonpath')
[30.363s] INFO:colcon.colcon_core.shell:Creating environment hook '/home/ubuntu/pi-dog_ws/install/i2c_pwm_board_msgs/share/i2c_pwm_board_msgs/hook/pythonpath.ps1'
[30.363s] INFO:colcon.colcon_core.shell:Creating environment descriptor '/home/ubuntu/pi-dog_ws/install/i2c_pwm_board_msgs/share/i2c_pwm_board_msgs/hook/pythonpath.dsv'
[30.364s] INFO:colcon.colcon_core.shell:Creating environment hook '/home/ubuntu/pi-dog_ws/install/i2c_pwm_board_msgs/share/i2c_pwm_board_msgs/hook/pythonpath.sh'
[30.366s] Level 1:colcon.colcon_core.environment:checking '/home/ubuntu/pi-dog_ws/install/i2c_pwm_board_msgs/bin'
[30.367s] INFO:colcon.colcon_core.shell:Creating package script '/home/ubuntu/pi-dog_ws/install/i2c_pwm_board_msgs/share/i2c_pwm_board_msgs/package.ps1'
[30.367s] INFO:colcon.colcon_core.shell:Creating package descriptor '/home/ubuntu/pi-dog_ws/install/i2c_pwm_board_msgs/share/i2c_pwm_board_msgs/package.dsv'
[30.369s] INFO:colcon.colcon_core.shell:Creating package script '/home/ubuntu/pi-dog_ws/install/i2c_pwm_board_msgs/share/i2c_pwm_board_msgs/package.sh'
[30.370s] INFO:colcon.colcon_core.shell:Creating package script '/home/ubuntu/pi-dog_ws/install/i2c_pwm_board_msgs/share/i2c_pwm_board_msgs/package.bash'
[30.371s] INFO:colcon.colcon_core.shell:Creating package script '/home/ubuntu/pi-dog_ws/install/i2c_pwm_board_msgs/share/i2c_pwm_board_msgs/package.zsh'
[30.373s] Level 1:colcon.colcon_core.environment:create_file_with_runtime_dependencies(/home/ubuntu/pi-dog_ws/install/i2c_pwm_board_msgs/share/colcon-core/packages/i2c_pwm_board_msgs)
[30.374s] INFO:colcon.colcon_ros.task.ament_cmake.build:Building ROS package in '/home/ubuntu/pi-dog_ws/src/i2c_pwm_board/i2c_pwm_board' with build type 'ament_cmake'
[30.374s] INFO:colcon.colcon_cmake.task.cmake.build:Building CMake package in '/home/ubuntu/pi-dog_ws/src/i2c_pwm_board/i2c_pwm_board'
[30.375s] INFO:colcon.colcon_core.shell:Skip shell extension 'powershell' for command environment: Not usable outside of PowerShell
[30.375s] DEBUG:colcon.colcon_core.shell:Skip shell extension 'dsv' for command environment
[30.378s] ERROR:colcon.colcon_cmake.task.cmake.build:Failed to find the following files:
- /home/ubuntu/pi-dog_ws/install/xmlrpcpp/share/xmlrpcpp/package.sh
- /home/ubuntu/pi-dog_ws/install/i2c_pwm_board_xmlrp/share/i2c_pwm_board_xmlrp/package.sh
Check that the following packages have been built:
- xmlrpcpp
- i2c_pwm_board_xmlrp
[30.378s] Level 1:colcon.colcon_core.environment:create_environment_scripts_only(i2c_pwm_board)
[30.378s] Level 1:colcon.colcon_core.environment:checking '/home/ubuntu/pi-dog_ws/install/i2c_pwm_board' for CMake module files
[30.379s] Level 1:colcon.colcon_core.environment:checking '/home/ubuntu/pi-dog_ws/install/i2c_pwm_board' for CMake config files
[30.379s] Level 1:colcon.colcon_core.environment:checking '/home/ubuntu/pi-dog_ws/install/i2c_pwm_board/bin'
[30.379s] Level 1:colcon.colcon_core.environment:checking '/home/ubuntu/pi-dog_ws/install/i2c_pwm_board/lib/pkgconfig/i2c_pwm_board.pc'
[30.380s] Level 1:colcon.colcon_core.environment:checking '/home/ubuntu/pi-dog_ws/install/i2c_pwm_board/lib/python3.12/site-packages'
[30.380s] Level 1:colcon.colcon_core.environment:checking '/home/ubuntu/pi-dog_ws/install/i2c_pwm_board/bin'
[30.380s] INFO:colcon.colcon_core.shell:Creating package script '/home/ubuntu/pi-dog_ws/install/i2c_pwm_board/share/i2c_pwm_board/package.ps1'
[30.381s] INFO:colcon.colcon_core.shell:Creating package descriptor '/home/ubuntu/pi-dog_ws/install/i2c_pwm_board/share/i2c_pwm_board/package.dsv'
[30.382s] INFO:colcon.colcon_core.shell:Creating package script '/home/ubuntu/pi-dog_ws/install/i2c_pwm_board/share/i2c_pwm_board/package.sh'
[30.382s] INFO:colcon.colcon_core.shell:Creating package script '/home/ubuntu/pi-dog_ws/install/i2c_pwm_board/share/i2c_pwm_board/package.bash'
[30.383s] INFO:colcon.colcon_core.shell:Creating package script '/home/ubuntu/pi-dog_ws/install/i2c_pwm_board/share/i2c_pwm_board/package.zsh'
[30.383s] Level 1:colcon.colcon_core.environment:create_file_with_runtime_dependencies(/home/ubuntu/pi-dog_ws/install/i2c_pwm_board/share/colcon-core/packages/i2c_pwm_board)
[30.394s] DEBUG:colcon.colcon_parallel_executor.executor.parallel:closing loop
[30.394s] DEBUG:colcon.colcon_parallel_executor.executor.parallel:loop closed
[30.394s] DEBUG:colcon.colcon_parallel_executor.executor.parallel:run_until_complete finished with '1'
[30.394s] DEBUG:colcon.colcon_core.event_reactor:joining thread
[30.395s] DEBUG:colcon.colcon_core.event_reactor:joined thread
[30.395s] INFO:colcon.colcon_core.shell:Creating prefix script '/home/ubuntu/pi-dog_ws/install/local_setup.ps1'
[30.396s] INFO:colcon.colcon_core.shell:Creating prefix util module '/home/ubuntu/pi-dog_ws/install/_local_setup_util_ps1.py'
[30.399s] INFO:colcon.colcon_core.shell:Creating prefix chain script '/home/ubuntu/pi-dog_ws/install/setup.ps1'
[30.401s] INFO:colcon.colcon_core.shell:Creating prefix script '/home/ubuntu/pi-dog_ws/install/local_setup.sh'
[30.402s] INFO:colcon.colcon_core.shell:Creating prefix util module '/home/ubuntu/pi-dog_ws/install/_local_setup_util_sh.py'
[30.404s] INFO:colcon.colcon_core.shell:Creating prefix chain script '/home/ubuntu/pi-dog_ws/install/setup.sh'
[30.406s] INFO:colcon.colcon_core.shell:Creating prefix script '/home/ubuntu/pi-dog_ws/install/local_setup.bash'
[30.407s] INFO:colcon.colcon_core.shell:Creating prefix chain script '/home/ubuntu/pi-dog_ws/install/setup.bash'
[30.410s] INFO:colcon.colcon_core.shell:Creating prefix script '/home/ubuntu/pi-dog_ws/install/local_setup.zsh'
[30.411s] INFO:colcon.colcon_core.shell:Creating prefix chain script '/home/ubuntu/pi-dog_ws/install/setup.zsh'
