[0.130s] DEBUG:colcon:Command line arguments: ['/usr/bin/colcon', 'build', '--packages-select', 'quadruped_controller']
[0.130s] DEBUG:colcon:Parsed command line arguments: Namespace(log_base=None, log_level=None, verb_name='build', build_base='build', install_base='install', merge_install=False, symlink_install=False, test_result_base=None, continue_on_error=False, executor='parallel', parallel_workers=4, event_handlers=None, ignore_user_meta=False, metas=['./colcon.meta'], base_paths=['.'], packages_ignore=None, packages_ignore_regex=None, paths=None, packages_up_to=None, packages_up_to_regex=None, packages_above=None, packages_above_and_dependencies=None, packages_above_depth=None, packages_select_by_dep=None, packages_skip_by_dep=None, packages_skip_up_to=None, packages_select_build_failed=False, packages_skip_build_finished=False, packages_select_test_failures=False, packages_skip_test_passed=False, packages_select=['quadruped_controller'], packages_skip=None, packages_select_regex=None, packages_skip_regex=None, packages_start=None, packages_end=None, allow_overriding=[], cmake_args=None, cmake_target=None, cmake_target_skip_unavailable=False, cmake_clean_cache=False, cmake_clean_first=False, cmake_force_configure=False, ament_cmake_args=None, catkin_cmake_args=None, catkin_skip_building_tests=False, verb_parser=<colcon_defaults.argument_parser.defaults.DefaultArgumentsDecorator object at 0xffffab63bd70>, verb_extension=<colcon_core.verb.build.BuildVerb object at 0xffffab814920>, main=<bound method BuildVerb.main of <colcon_core.verb.build.BuildVerb object at 0xffffab814920>>)
[0.187s] Level 1:colcon.colcon_core.package_discovery:discover_packages(colcon_meta) check parameters
[0.187s] Level 1:colcon.colcon_core.package_discovery:discover_packages(recursive) check parameters
[0.187s] Level 1:colcon.colcon_core.package_discovery:discover_packages(ignore) check parameters
[0.187s] Level 1:colcon.colcon_core.package_discovery:discover_packages(path) check parameters
[0.187s] Level 1:colcon.colcon_core.package_discovery:discover_packages(colcon_meta) discover
[0.187s] Level 1:colcon.colcon_core.package_discovery:discover_packages(recursive) discover
[0.187s] INFO:colcon.colcon_core.package_discovery:Crawling recursively for packages in '/home/ubuntu/pi-dog_ws/src'
[0.187s] Level 1:colcon.colcon_core.package_identification:_identify(.) by extensions ['ignore', 'ignore_ament_install']
[0.187s] Level 1:colcon.colcon_core.package_identification:_identify(.) by extension 'ignore'
[0.188s] Level 1:colcon.colcon_core.package_identification:_identify(.) by extension 'ignore_ament_install'
[0.188s] Level 1:colcon.colcon_core.package_identification:_identify(.) by extensions ['colcon_pkg']
[0.188s] Level 1:colcon.colcon_core.package_identification:_identify(.) by extension 'colcon_pkg'
[0.188s] Level 1:colcon.colcon_core.package_identification:_identify(.) by extensions ['colcon_meta']
[0.188s] Level 1:colcon.colcon_core.package_identification:_identify(.) by extension 'colcon_meta'
[0.188s] Level 1:colcon.colcon_core.package_identification:_identify(.) by extensions ['ros']
[0.188s] Level 1:colcon.colcon_core.package_identification:_identify(.) by extension 'ros'
[0.223s] Level 1:colcon.colcon_core.package_identification:_identify(.) by extensions ['cmake', 'python']
[0.224s] Level 1:colcon.colcon_core.package_identification:_identify(.) by extension 'cmake'
[0.224s] Level 1:colcon.colcon_core.package_identification:_identify(.) by extension 'python'
[0.224s] Level 1:colcon.colcon_core.package_identification:_identify(.) by extensions ['python_setup_py']
[0.224s] Level 1:colcon.colcon_core.package_identification:_identify(.) by extension 'python_setup_py'
[0.224s] Level 1:colcon.colcon_core.package_identification:_identify(build) by extensions ['ignore', 'ignore_ament_install']
[0.224s] Level 1:colcon.colcon_core.package_identification:_identify(build) by extension 'ignore'
[0.224s] Level 1:colcon.colcon_core.package_identification:_identify(build) ignored
[0.224s] Level 1:colcon.colcon_core.package_identification:_identify(install) by extensions ['ignore', 'ignore_ament_install']
[0.225s] Level 1:colcon.colcon_core.package_identification:_identify(install) by extension 'ignore'
[0.225s] Level 1:colcon.colcon_core.package_identification:_identify(install) ignored
[0.225s] Level 1:colcon.colcon_core.package_identification:_identify(log) by extensions ['ignore', 'ignore_ament_install']
[0.225s] Level 1:colcon.colcon_core.package_identification:_identify(log) by extension 'ignore'
[0.225s] Level 1:colcon.colcon_core.package_identification:_identify(log) ignored
[0.225s] Level 1:colcon.colcon_core.package_identification:_identify(quadruped_controller) by extensions ['ignore', 'ignore_ament_install']
[0.226s] Level 1:colcon.colcon_core.package_identification:_identify(quadruped_controller) by extension 'ignore'
[0.226s] Level 1:colcon.colcon_core.package_identification:_identify(quadruped_controller) by extension 'ignore_ament_install'
[0.226s] Level 1:colcon.colcon_core.package_identification:_identify(quadruped_controller) by extensions ['colcon_pkg']
[0.226s] Level 1:colcon.colcon_core.package_identification:_identify(quadruped_controller) by extension 'colcon_pkg'
[0.226s] Level 1:colcon.colcon_core.package_identification:_identify(quadruped_controller) by extensions ['colcon_meta']
[0.226s] Level 1:colcon.colcon_core.package_identification:_identify(quadruped_controller) by extension 'colcon_meta'
[0.226s] Level 1:colcon.colcon_core.package_identification:_identify(quadruped_controller) by extensions ['ros']
[0.226s] Level 1:colcon.colcon_core.package_identification:_identify(quadruped_controller) by extension 'ros'
[0.232s] DEBUG:colcon.colcon_core.package_identification:Package 'quadruped_controller' with type 'ros.ament_cmake' and name 'quadruped_controller'
[0.232s] Level 1:colcon.colcon_core.package_discovery:discover_packages(recursive) using defaults
[0.232s] Level 1:colcon.colcon_core.package_discovery:discover_packages(ignore) discover
[0.232s] Level 1:colcon.colcon_core.package_discovery:discover_packages(ignore) using defaults
[0.232s] Level 1:colcon.colcon_core.package_discovery:discover_packages(path) discover
[0.232s] Level 1:colcon.colcon_core.package_discovery:discover_packages(path) using defaults
[0.254s] Level 1:colcon.colcon_core.package_discovery:discover_packages(prefix_path) check parameters
[0.254s] Level 1:colcon.colcon_core.package_discovery:discover_packages(prefix_path) discover
[0.257s] DEBUG:colcon.colcon_installed_package_information.package_discovery:Found 194 installed packages in /opt/ros/jazzy
[0.258s] Level 1:colcon.colcon_core.package_discovery:discover_packages(prefix_path) using defaults
[0.296s] Level 5:colcon.colcon_core.verb:set package 'quadruped_controller' build argument 'cmake_args' from command line to 'None'
[0.296s] Level 5:colcon.colcon_core.verb:set package 'quadruped_controller' build argument 'cmake_target' from command line to 'None'
[0.296s] Level 5:colcon.colcon_core.verb:set package 'quadruped_controller' build argument 'cmake_target_skip_unavailable' from command line to 'False'
[0.296s] Level 5:colcon.colcon_core.verb:set package 'quadruped_controller' build argument 'cmake_clean_cache' from command line to 'False'
[0.296s] Level 5:colcon.colcon_core.verb:set package 'quadruped_controller' build argument 'cmake_clean_first' from command line to 'False'
[0.296s] Level 5:colcon.colcon_core.verb:set package 'quadruped_controller' build argument 'cmake_force_configure' from command line to 'False'
[0.296s] Level 5:colcon.colcon_core.verb:set package 'quadruped_controller' build argument 'ament_cmake_args' from command line to 'None'
[0.296s] Level 5:colcon.colcon_core.verb:set package 'quadruped_controller' build argument 'catkin_cmake_args' from command line to 'None'
[0.296s] Level 5:colcon.colcon_core.verb:set package 'quadruped_controller' build argument 'catkin_skip_building_tests' from command line to 'False'
[0.297s] DEBUG:colcon.colcon_core.verb:Building package 'quadruped_controller' with the following arguments: {'ament_cmake_args': None, 'build_base': '/home/ubuntu/pi-dog_ws/src/build/quadruped_controller', 'catkin_cmake_args': None, 'catkin_skip_building_tests': False, 'cmake_args': None, 'cmake_clean_cache': False, 'cmake_clean_first': False, 'cmake_force_configure': False, 'cmake_target': None, 'cmake_target_skip_unavailable': False, 'install_base': '/home/ubuntu/pi-dog_ws/src/install/quadruped_controller', 'merge_install': False, 'path': '/home/ubuntu/pi-dog_ws/src/quadruped_controller', 'symlink_install': False, 'test_result_base': None}
[0.297s] INFO:colcon.colcon_core.executor:Executing jobs using 'parallel' executor
[0.298s] DEBUG:colcon.colcon_parallel_executor.executor.parallel:run_until_complete
[0.298s] INFO:colcon.colcon_ros.task.ament_cmake.build:Building ROS package in '/home/ubuntu/pi-dog_ws/src/quadruped_controller' with build type 'ament_cmake'
[0.298s] INFO:colcon.colcon_cmake.task.cmake.build:Building CMake package in '/home/ubuntu/pi-dog_ws/src/quadruped_controller'
[0.301s] INFO:colcon.colcon_core.plugin_system:Skipping extension 'colcon_core.shell.bat': Not used on non-Windows systems
[0.301s] INFO:colcon.colcon_core.shell:Skip shell extension 'powershell' for command environment: Not usable outside of PowerShell
[0.301s] DEBUG:colcon.colcon_core.shell:Skip shell extension 'dsv' for command environment
[0.315s] DEBUG:colcon.colcon_core.event_handler.log_command:Invoking command in '/home/ubuntu/pi-dog_ws/src/build/quadruped_controller': CMAKE_PREFIX_PATH=/opt/ros/jazzy /usr/bin/cmake --build /home/ubuntu/pi-dog_ws/src/build/quadruped_controller -- -j4 -l4
[4.848s] DEBUG:colcon.colcon_parallel_executor.executor.parallel:run_until_complete was interrupted
[4.848s] DEBUG:colcon.colcon_parallel_executor.executor.parallel:run_until_complete again
[4.902s] DEBUG:colcon.colcon_core.event_handler.log_command:Invoked command in '/home/ubuntu/pi-dog_ws/src/build/quadruped_controller' returned '-2': CMAKE_PREFIX_PATH=/opt/ros/jazzy /usr/bin/cmake --build /home/ubuntu/pi-dog_ws/src/build/quadruped_controller -- -j4 -l4
[4.903s] Level 1:colcon.colcon_core.environment:create_environment_scripts_only(quadruped_controller)
[4.905s] Level 1:colcon.colcon_core.environment:checking '/home/ubuntu/pi-dog_ws/src/install/quadruped_controller' for CMake module files
[4.906s] Level 1:colcon.colcon_core.environment:checking '/home/ubuntu/pi-dog_ws/src/install/quadruped_controller' for CMake config files
[4.907s] Level 1:colcon.colcon_core.environment:checking '/home/ubuntu/pi-dog_ws/src/install/quadruped_controller/bin'
[4.907s] Level 1:colcon.colcon_core.environment:checking '/home/ubuntu/pi-dog_ws/src/install/quadruped_controller/lib/pkgconfig/quadruped_controller.pc'
[4.907s] Level 1:colcon.colcon_core.environment:checking '/home/ubuntu/pi-dog_ws/src/install/quadruped_controller/lib/python3.12/site-packages'
[4.907s] Level 1:colcon.colcon_core.environment:checking '/home/ubuntu/pi-dog_ws/src/install/quadruped_controller/bin'
[4.908s] INFO:colcon.colcon_core.shell:Creating package script '/home/ubuntu/pi-dog_ws/src/install/quadruped_controller/share/quadruped_controller/package.ps1'
[4.909s] INFO:colcon.colcon_core.shell:Creating package descriptor '/home/ubuntu/pi-dog_ws/src/install/quadruped_controller/share/quadruped_controller/package.dsv'
[4.910s] INFO:colcon.colcon_core.shell:Creating package script '/home/ubuntu/pi-dog_ws/src/install/quadruped_controller/share/quadruped_controller/package.sh'
[4.911s] INFO:colcon.colcon_core.shell:Creating package script '/home/ubuntu/pi-dog_ws/src/install/quadruped_controller/share/quadruped_controller/package.bash'
[4.911s] INFO:colcon.colcon_core.shell:Creating package script '/home/ubuntu/pi-dog_ws/src/install/quadruped_controller/share/quadruped_controller/package.zsh'
[4.912s] Level 1:colcon.colcon_core.environment:create_file_with_runtime_dependencies(/home/ubuntu/pi-dog_ws/src/install/quadruped_controller/share/colcon-core/packages/quadruped_controller)
[4.923s] DEBUG:colcon.colcon_parallel_executor.executor.parallel:run_until_complete finished
[4.923s] DEBUG:colcon.colcon_parallel_executor.executor.parallel:closing loop
[4.923s] DEBUG:colcon.colcon_parallel_executor.executor.parallel:loop closed
[4.923s] DEBUG:colcon.colcon_core.event_reactor:joining thread
[4.924s] DEBUG:colcon.colcon_core.event_reactor:joined thread
[4.925s] INFO:colcon.colcon_core.shell:Creating prefix script '/home/ubuntu/pi-dog_ws/src/install/local_setup.ps1'
[5.303s] INFO:colcon.colcon_core.shell:Creating prefix util module '/home/ubuntu/pi-dog_ws/src/install/_local_setup_util_ps1.py'
[5.305s] INFO:colcon.colcon_core.shell:Creating prefix chain script '/home/ubuntu/pi-dog_ws/src/install/setup.ps1'
[5.307s] INFO:colcon.colcon_core.shell:Creating prefix script '/home/ubuntu/pi-dog_ws/src/install/local_setup.sh'
[5.308s] INFO:colcon.colcon_core.shell:Creating prefix util module '/home/ubuntu/pi-dog_ws/src/install/_local_setup_util_sh.py'
[5.309s] INFO:colcon.colcon_core.shell:Creating prefix chain script '/home/ubuntu/pi-dog_ws/src/install/setup.sh'
[5.310s] INFO:colcon.colcon_core.shell:Creating prefix script '/home/ubuntu/pi-dog_ws/src/install/local_setup.bash'
[5.311s] INFO:colcon.colcon_core.shell:Creating prefix chain script '/home/ubuntu/pi-dog_ws/src/install/setup.bash'
[5.312s] INFO:colcon.colcon_core.shell:Creating prefix script '/home/ubuntu/pi-dog_ws/src/install/local_setup.zsh'
[5.312s] INFO:colcon.colcon_core.shell:Creating prefix chain script '/home/ubuntu/pi-dog_ws/src/install/setup.zsh'
