[0.130s] DEBUG:colcon:Command line arguments: ['/usr/bin/colcon', 'build', '--packages-up-to', 'i2c_pwm_board']
[0.130s] DEBUG:colcon:Parsed command line arguments: Namespace(log_base=None, log_level=None, verb_name='build', build_base='build', install_base='install', merge_install=False, symlink_install=False, test_result_base=None, continue_on_error=False, executor='parallel', parallel_workers=4, event_handlers=None, ignore_user_meta=False, metas=['./colcon.meta'], base_paths=['.'], packages_ignore=None, packages_ignore_regex=None, paths=None, packages_up_to=['i2c_pwm_board'], packages_up_to_regex=None, packages_above=None, packages_above_and_dependencies=None, packages_above_depth=None, packages_select_by_dep=None, packages_skip_by_dep=None, packages_skip_up_to=None, packages_select_build_failed=False, packages_skip_build_finished=False, packages_select_test_failures=False, packages_skip_test_passed=False, packages_select=None, packages_skip=None, packages_select_regex=None, packages_skip_regex=None, packages_start=None, packages_end=None, allow_overriding=[], cmake_args=None, cmake_target=None, cmake_target_skip_unavailable=False, cmake_clean_cache=False, cmake_clean_first=False, cmake_force_configure=False, ament_cmake_args=None, catkin_cmake_args=None, catkin_skip_building_tests=False, verb_parser=<colcon_defaults.argument_parser.defaults.DefaultArgumentsDecorator object at 0xffff8c10bc50>, verb_extension=<colcon_core.verb.build.BuildVerb object at 0xffff8c2e4980>, main=<bound method BuildVerb.main of <colcon_core.verb.build.BuildVerb object at 0xffff8c2e4980>>)
[0.184s] Level 1:colcon.colcon_core.package_discovery:discover_packages(colcon_meta) check parameters
[0.184s] Level 1:colcon.colcon_core.package_discovery:discover_packages(recursive) check parameters
[0.184s] Level 1:colcon.colcon_core.package_discovery:discover_packages(ignore) check parameters
[0.184s] Level 1:colcon.colcon_core.package_discovery:discover_packages(path) check parameters
[0.184s] Level 1:colcon.colcon_core.package_discovery:discover_packages(colcon_meta) discover
[0.184s] Level 1:colcon.colcon_core.package_discovery:discover_packages(recursive) discover
[0.185s] INFO:colcon.colcon_core.package_discovery:Crawling recursively for packages in '/home/ubuntu/pi-dog_ws'
[0.185s] Level 1:colcon.colcon_core.package_identification:_identify(.) by extensions ['ignore', 'ignore_ament_install']
[0.185s] Level 1:colcon.colcon_core.package_identification:_identify(.) by extension 'ignore'
[0.185s] Level 1:colcon.colcon_core.package_identification:_identify(.) by extension 'ignore_ament_install'
[0.185s] Level 1:colcon.colcon_core.package_identification:_identify(.) by extensions ['colcon_pkg']
[0.185s] Level 1:colcon.colcon_core.package_identification:_identify(.) by extension 'colcon_pkg'
[0.185s] Level 1:colcon.colcon_core.package_identification:_identify(.) by extensions ['colcon_meta']
[0.185s] Level 1:colcon.colcon_core.package_identification:_identify(.) by extension 'colcon_meta'
[0.185s] Level 1:colcon.colcon_core.package_identification:_identify(.) by extensions ['ros']
[0.185s] Level 1:colcon.colcon_core.package_identification:_identify(.) by extension 'ros'
[0.220s] Level 1:colcon.colcon_core.package_identification:_identify(.) by extensions ['cmake', 'python']
[0.220s] Level 1:colcon.colcon_core.package_identification:_identify(.) by extension 'cmake'
[0.220s] Level 1:colcon.colcon_core.package_identification:_identify(.) by extension 'python'
[0.220s] Level 1:colcon.colcon_core.package_identification:_identify(.) by extensions ['python_setup_py']
[0.220s] Level 1:colcon.colcon_core.package_identification:_identify(.) by extension 'python_setup_py'
[0.220s] Level 1:colcon.colcon_core.package_identification:_identify(build) by extensions ['ignore', 'ignore_ament_install']
[0.220s] Level 1:colcon.colcon_core.package_identification:_identify(build) by extension 'ignore'
[0.220s] Level 1:colcon.colcon_core.package_identification:_identify(build) ignored
[0.220s] Level 1:colcon.colcon_core.package_identification:_identify(install) by extensions ['ignore', 'ignore_ament_install']
[0.221s] Level 1:colcon.colcon_core.package_identification:_identify(install) by extension 'ignore'
[0.221s] Level 1:colcon.colcon_core.package_identification:_identify(install) ignored
[0.221s] Level 1:colcon.colcon_core.package_identification:_identify(log) by extensions ['ignore', 'ignore_ament_install']
[0.221s] Level 1:colcon.colcon_core.package_identification:_identify(log) by extension 'ignore'
[0.221s] Level 1:colcon.colcon_core.package_identification:_identify(log) ignored
[0.221s] Level 1:colcon.colcon_core.package_identification:_identify(src) by extensions ['ignore', 'ignore_ament_install']
[0.221s] Level 1:colcon.colcon_core.package_identification:_identify(src) by extension 'ignore'
[0.221s] Level 1:colcon.colcon_core.package_identification:_identify(src) by extension 'ignore_ament_install'
[0.221s] Level 1:colcon.colcon_core.package_identification:_identify(src) by extensions ['colcon_pkg']
[0.221s] Level 1:colcon.colcon_core.package_identification:_identify(src) by extension 'colcon_pkg'
[0.221s] Level 1:colcon.colcon_core.package_identification:_identify(src) by extensions ['colcon_meta']
[0.221s] Level 1:colcon.colcon_core.package_identification:_identify(src) by extension 'colcon_meta'
[0.221s] Level 1:colcon.colcon_core.package_identification:_identify(src) by extensions ['ros']
[0.221s] Level 1:colcon.colcon_core.package_identification:_identify(src) by extension 'ros'
[0.221s] Level 1:colcon.colcon_core.package_identification:_identify(src) by extensions ['cmake', 'python']
[0.221s] Level 1:colcon.colcon_core.package_identification:_identify(src) by extension 'cmake'
[0.221s] Level 1:colcon.colcon_core.package_identification:_identify(src) by extension 'python'
[0.221s] Level 1:colcon.colcon_core.package_identification:_identify(src) by extensions ['python_setup_py']
[0.222s] Level 1:colcon.colcon_core.package_identification:_identify(src) by extension 'python_setup_py'
[0.222s] Level 1:colcon.colcon_core.package_identification:_identify(src/build) by extensions ['ignore', 'ignore_ament_install']
[0.222s] Level 1:colcon.colcon_core.package_identification:_identify(src/build) by extension 'ignore'
[0.222s] Level 1:colcon.colcon_core.package_identification:_identify(src/build) ignored
[0.222s] Level 1:colcon.colcon_core.package_identification:_identify(src/i2c_pwm_board) by extensions ['ignore', 'ignore_ament_install']
[0.222s] Level 1:colcon.colcon_core.package_identification:_identify(src/i2c_pwm_board) by extension 'ignore'
[0.222s] Level 1:colcon.colcon_core.package_identification:_identify(src/i2c_pwm_board) by extension 'ignore_ament_install'
[0.222s] Level 1:colcon.colcon_core.package_identification:_identify(src/i2c_pwm_board) by extensions ['colcon_pkg']
[0.222s] Level 1:colcon.colcon_core.package_identification:_identify(src/i2c_pwm_board) by extension 'colcon_pkg'
[0.222s] Level 1:colcon.colcon_core.package_identification:_identify(src/i2c_pwm_board) by extensions ['colcon_meta']
[0.222s] Level 1:colcon.colcon_core.package_identification:_identify(src/i2c_pwm_board) by extension 'colcon_meta'
[0.222s] Level 1:colcon.colcon_core.package_identification:_identify(src/i2c_pwm_board) by extensions ['ros']
[0.222s] Level 1:colcon.colcon_core.package_identification:_identify(src/i2c_pwm_board) by extension 'ros'
[0.222s] Level 1:colcon.colcon_core.package_identification:_identify(src/i2c_pwm_board) by extensions ['cmake', 'python']
[0.222s] Level 1:colcon.colcon_core.package_identification:_identify(src/i2c_pwm_board) by extension 'cmake'
[0.222s] Level 1:colcon.colcon_core.package_identification:_identify(src/i2c_pwm_board) by extension 'python'
[0.222s] Level 1:colcon.colcon_core.package_identification:_identify(src/i2c_pwm_board) by extensions ['python_setup_py']
[0.222s] Level 1:colcon.colcon_core.package_identification:_identify(src/i2c_pwm_board) by extension 'python_setup_py'
[0.223s] Level 1:colcon.colcon_core.package_identification:_identify(src/i2c_pwm_board/docs) by extensions ['ignore', 'ignore_ament_install']
[0.223s] Level 1:colcon.colcon_core.package_identification:_identify(src/i2c_pwm_board/docs) by extension 'ignore'
[0.223s] Level 1:colcon.colcon_core.package_identification:_identify(src/i2c_pwm_board/docs) by extension 'ignore_ament_install'
[0.223s] Level 1:colcon.colcon_core.package_identification:_identify(src/i2c_pwm_board/docs) by extensions ['colcon_pkg']
[0.223s] Level 1:colcon.colcon_core.package_identification:_identify(src/i2c_pwm_board/docs) by extension 'colcon_pkg'
[0.223s] Level 1:colcon.colcon_core.package_identification:_identify(src/i2c_pwm_board/docs) by extensions ['colcon_meta']
[0.223s] Level 1:colcon.colcon_core.package_identification:_identify(src/i2c_pwm_board/docs) by extension 'colcon_meta'
[0.223s] Level 1:colcon.colcon_core.package_identification:_identify(src/i2c_pwm_board/docs) by extensions ['ros']
[0.223s] Level 1:colcon.colcon_core.package_identification:_identify(src/i2c_pwm_board/docs) by extension 'ros'
[0.223s] Level 1:colcon.colcon_core.package_identification:_identify(src/i2c_pwm_board/docs) by extensions ['cmake', 'python']
[0.223s] Level 1:colcon.colcon_core.package_identification:_identify(src/i2c_pwm_board/docs) by extension 'cmake'
[0.223s] Level 1:colcon.colcon_core.package_identification:_identify(src/i2c_pwm_board/docs) by extension 'python'
[0.223s] Level 1:colcon.colcon_core.package_identification:_identify(src/i2c_pwm_board/docs) by extensions ['python_setup_py']
[0.223s] Level 1:colcon.colcon_core.package_identification:_identify(src/i2c_pwm_board/docs) by extension 'python_setup_py'
[0.223s] Level 1:colcon.colcon_core.package_identification:_identify(src/i2c_pwm_board/docs/images) by extensions ['ignore', 'ignore_ament_install']
[0.223s] Level 1:colcon.colcon_core.package_identification:_identify(src/i2c_pwm_board/docs/images) by extension 'ignore'
[0.223s] Level 1:colcon.colcon_core.package_identification:_identify(src/i2c_pwm_board/docs/images) by extension 'ignore_ament_install'
[0.223s] Level 1:colcon.colcon_core.package_identification:_identify(src/i2c_pwm_board/docs/images) by extensions ['colcon_pkg']
[0.223s] Level 1:colcon.colcon_core.package_identification:_identify(src/i2c_pwm_board/docs/images) by extension 'colcon_pkg'
[0.224s] Level 1:colcon.colcon_core.package_identification:_identify(src/i2c_pwm_board/docs/images) by extensions ['colcon_meta']
[0.224s] Level 1:colcon.colcon_core.package_identification:_identify(src/i2c_pwm_board/docs/images) by extension 'colcon_meta'
[0.224s] Level 1:colcon.colcon_core.package_identification:_identify(src/i2c_pwm_board/docs/images) by extensions ['ros']
[0.224s] Level 1:colcon.colcon_core.package_identification:_identify(src/i2c_pwm_board/docs/images) by extension 'ros'
[0.224s] Level 1:colcon.colcon_core.package_identification:_identify(src/i2c_pwm_board/docs/images) by extensions ['cmake', 'python']
[0.224s] Level 1:colcon.colcon_core.package_identification:_identify(src/i2c_pwm_board/docs/images) by extension 'cmake'
[0.224s] Level 1:colcon.colcon_core.package_identification:_identify(src/i2c_pwm_board/docs/images) by extension 'python'
[0.224s] Level 1:colcon.colcon_core.package_identification:_identify(src/i2c_pwm_board/docs/images) by extensions ['python_setup_py']
[0.224s] Level 1:colcon.colcon_core.package_identification:_identify(src/i2c_pwm_board/docs/images) by extension 'python_setup_py'
[0.224s] Level 1:colcon.colcon_core.package_identification:_identify(src/i2c_pwm_board/i2c_pwm_board) by extensions ['ignore', 'ignore_ament_install']
[0.224s] Level 1:colcon.colcon_core.package_identification:_identify(src/i2c_pwm_board/i2c_pwm_board) by extension 'ignore'
[0.224s] Level 1:colcon.colcon_core.package_identification:_identify(src/i2c_pwm_board/i2c_pwm_board) by extension 'ignore_ament_install'
[0.224s] Level 1:colcon.colcon_core.package_identification:_identify(src/i2c_pwm_board/i2c_pwm_board) by extensions ['colcon_pkg']
[0.224s] Level 1:colcon.colcon_core.package_identification:_identify(src/i2c_pwm_board/i2c_pwm_board) by extension 'colcon_pkg'
[0.224s] Level 1:colcon.colcon_core.package_identification:_identify(src/i2c_pwm_board/i2c_pwm_board) by extensions ['colcon_meta']
[0.224s] Level 1:colcon.colcon_core.package_identification:_identify(src/i2c_pwm_board/i2c_pwm_board) by extension 'colcon_meta'
[0.224s] Level 1:colcon.colcon_core.package_identification:_identify(src/i2c_pwm_board/i2c_pwm_board) by extensions ['ros']
[0.224s] Level 1:colcon.colcon_core.package_identification:_identify(src/i2c_pwm_board/i2c_pwm_board) by extension 'ros'
[0.229s] DEBUG:colcon.colcon_core.package_identification:Package 'src/i2c_pwm_board/i2c_pwm_board' with type 'ros.ament_cmake' and name 'i2c_pwm_board'
[0.230s] Level 1:colcon.colcon_core.package_identification:_identify(src/i2c_pwm_board/i2c_pwm_board_calibration) by extensions ['ignore', 'ignore_ament_install']
[0.230s] Level 1:colcon.colcon_core.package_identification:_identify(src/i2c_pwm_board/i2c_pwm_board_calibration) by extension 'ignore'
[0.230s] Level 1:colcon.colcon_core.package_identification:_identify(src/i2c_pwm_board/i2c_pwm_board_calibration) by extension 'ignore_ament_install'
[0.230s] Level 1:colcon.colcon_core.package_identification:_identify(src/i2c_pwm_board/i2c_pwm_board_calibration) by extensions ['colcon_pkg']
[0.230s] Level 1:colcon.colcon_core.package_identification:_identify(src/i2c_pwm_board/i2c_pwm_board_calibration) by extension 'colcon_pkg'
[0.230s] Level 1:colcon.colcon_core.package_identification:_identify(src/i2c_pwm_board/i2c_pwm_board_calibration) by extensions ['colcon_meta']
[0.230s] Level 1:colcon.colcon_core.package_identification:_identify(src/i2c_pwm_board/i2c_pwm_board_calibration) by extension 'colcon_meta'
[0.230s] Level 1:colcon.colcon_core.package_identification:_identify(src/i2c_pwm_board/i2c_pwm_board_calibration) by extensions ['ros']
[0.230s] Level 1:colcon.colcon_core.package_identification:_identify(src/i2c_pwm_board/i2c_pwm_board_calibration) by extension 'ros'
[0.231s] DEBUG:colcon.colcon_core.package_identification:Package 'src/i2c_pwm_board/i2c_pwm_board_calibration' with type 'ros.ament_cmake' and name 'i2c_pwm_board_calibration'
[0.231s] Level 1:colcon.colcon_core.package_identification:_identify(src/i2c_pwm_board/i2c_pwm_board_msgs) by extensions ['ignore', 'ignore_ament_install']
[0.231s] Level 1:colcon.colcon_core.package_identification:_identify(src/i2c_pwm_board/i2c_pwm_board_msgs) by extension 'ignore'
[0.231s] Level 1:colcon.colcon_core.package_identification:_identify(src/i2c_pwm_board/i2c_pwm_board_msgs) by extension 'ignore_ament_install'
[0.231s] Level 1:colcon.colcon_core.package_identification:_identify(src/i2c_pwm_board/i2c_pwm_board_msgs) by extensions ['colcon_pkg']
[0.231s] Level 1:colcon.colcon_core.package_identification:_identify(src/i2c_pwm_board/i2c_pwm_board_msgs) by extension 'colcon_pkg'
[0.231s] Level 1:colcon.colcon_core.package_identification:_identify(src/i2c_pwm_board/i2c_pwm_board_msgs) by extensions ['colcon_meta']
[0.231s] Level 1:colcon.colcon_core.package_identification:_identify(src/i2c_pwm_board/i2c_pwm_board_msgs) by extension 'colcon_meta'
[0.231s] Level 1:colcon.colcon_core.package_identification:_identify(src/i2c_pwm_board/i2c_pwm_board_msgs) by extensions ['ros']
[0.231s] Level 1:colcon.colcon_core.package_identification:_identify(src/i2c_pwm_board/i2c_pwm_board_msgs) by extension 'ros'
[0.232s] DEBUG:colcon.colcon_core.package_identification:Package 'src/i2c_pwm_board/i2c_pwm_board_msgs' with type 'ros.ament_cmake' and name 'i2c_pwm_board_msgs'
[0.232s] Level 1:colcon.colcon_core.package_identification:_identify(src/i2c_pwm_board/i2c_pwm_board_xmlrp) by extensions ['ignore', 'ignore_ament_install']
[0.232s] Level 1:colcon.colcon_core.package_identification:_identify(src/i2c_pwm_board/i2c_pwm_board_xmlrp) by extension 'ignore'
[0.232s] Level 1:colcon.colcon_core.package_identification:_identify(src/i2c_pwm_board/i2c_pwm_board_xmlrp) by extension 'ignore_ament_install'
[0.232s] Level 1:colcon.colcon_core.package_identification:_identify(src/i2c_pwm_board/i2c_pwm_board_xmlrp) by extensions ['colcon_pkg']
[0.232s] Level 1:colcon.colcon_core.package_identification:_identify(src/i2c_pwm_board/i2c_pwm_board_xmlrp) by extension 'colcon_pkg'
[0.232s] Level 1:colcon.colcon_core.package_identification:_identify(src/i2c_pwm_board/i2c_pwm_board_xmlrp) by extensions ['colcon_meta']
[0.232s] Level 1:colcon.colcon_core.package_identification:_identify(src/i2c_pwm_board/i2c_pwm_board_xmlrp) by extension 'colcon_meta'
[0.232s] Level 1:colcon.colcon_core.package_identification:_identify(src/i2c_pwm_board/i2c_pwm_board_xmlrp) by extensions ['ros']
[0.232s] Level 1:colcon.colcon_core.package_identification:_identify(src/i2c_pwm_board/i2c_pwm_board_xmlrp) by extension 'ros'
[0.233s] DEBUG:colcon.colcon_core.package_identification:Package 'src/i2c_pwm_board/i2c_pwm_board_xmlrp' with type 'ros.ament_cmake' and name 'i2c_pwm_board_xmlrp'
[0.233s] Level 1:colcon.colcon_core.package_identification:_identify(src/i2c_pwm_board/xmlrpcpp) by extensions ['ignore', 'ignore_ament_install']
[0.233s] Level 1:colcon.colcon_core.package_identification:_identify(src/i2c_pwm_board/xmlrpcpp) by extension 'ignore'
[0.233s] Level 1:colcon.colcon_core.package_identification:_identify(src/i2c_pwm_board/xmlrpcpp) by extension 'ignore_ament_install'
[0.233s] Level 1:colcon.colcon_core.package_identification:_identify(src/i2c_pwm_board/xmlrpcpp) by extensions ['colcon_pkg']
[0.233s] Level 1:colcon.colcon_core.package_identification:_identify(src/i2c_pwm_board/xmlrpcpp) by extension 'colcon_pkg'
[0.233s] Level 1:colcon.colcon_core.package_identification:_identify(src/i2c_pwm_board/xmlrpcpp) by extensions ['colcon_meta']
[0.233s] Level 1:colcon.colcon_core.package_identification:_identify(src/i2c_pwm_board/xmlrpcpp) by extension 'colcon_meta'
[0.233s] Level 1:colcon.colcon_core.package_identification:_identify(src/i2c_pwm_board/xmlrpcpp) by extensions ['ros']
[0.233s] Level 1:colcon.colcon_core.package_identification:_identify(src/i2c_pwm_board/xmlrpcpp) by extension 'ros'
[0.234s] DEBUG:colcon.colcon_core.package_identification:Package 'src/i2c_pwm_board/xmlrpcpp' with type 'ros.ament_cmake' and name 'xmlrpcpp'
[0.234s] Level 1:colcon.colcon_core.package_identification:_identify(src/install) by extensions ['ignore', 'ignore_ament_install']
[0.234s] Level 1:colcon.colcon_core.package_identification:_identify(src/install) by extension 'ignore'
[0.234s] Level 1:colcon.colcon_core.package_identification:_identify(src/install) ignored
[0.234s] Level 1:colcon.colcon_core.package_identification:_identify(src/log) by extensions ['ignore', 'ignore_ament_install']
[0.234s] Level 1:colcon.colcon_core.package_identification:_identify(src/log) by extension 'ignore'
[0.234s] Level 1:colcon.colcon_core.package_identification:_identify(src/log) ignored
[0.234s] Level 1:colcon.colcon_core.package_identification:_identify(src/quadruped_controller) by extensions ['ignore', 'ignore_ament_install']
[0.234s] Level 1:colcon.colcon_core.package_identification:_identify(src/quadruped_controller) by extension 'ignore'
[0.234s] Level 1:colcon.colcon_core.package_identification:_identify(src/quadruped_controller) by extension 'ignore_ament_install'
[0.234s] Level 1:colcon.colcon_core.package_identification:_identify(src/quadruped_controller) by extensions ['colcon_pkg']
[0.234s] Level 1:colcon.colcon_core.package_identification:_identify(src/quadruped_controller) by extension 'colcon_pkg'
[0.235s] Level 1:colcon.colcon_core.package_identification:_identify(src/quadruped_controller) by extensions ['colcon_meta']
[0.235s] Level 1:colcon.colcon_core.package_identification:_identify(src/quadruped_controller) by extension 'colcon_meta'
[0.235s] Level 1:colcon.colcon_core.package_identification:_identify(src/quadruped_controller) by extensions ['ros']
[0.235s] Level 1:colcon.colcon_core.package_identification:_identify(src/quadruped_controller) by extension 'ros'
[0.235s] DEBUG:colcon.colcon_core.package_identification:Package 'src/quadruped_controller' with type 'ros.ament_cmake' and name 'quadruped_controller'
[0.235s] Level 1:colcon.colcon_core.package_discovery:discover_packages(recursive) using defaults
[0.235s] Level 1:colcon.colcon_core.package_discovery:discover_packages(ignore) discover
[0.235s] Level 1:colcon.colcon_core.package_discovery:discover_packages(ignore) using defaults
[0.235s] Level 1:colcon.colcon_core.package_discovery:discover_packages(path) discover
[0.235s] Level 1:colcon.colcon_core.package_discovery:discover_packages(path) using defaults
[0.258s] INFO:colcon.colcon_core.package_selection:Skipping package 'i2c_pwm_board_calibration' in 'src/i2c_pwm_board/i2c_pwm_board_calibration'
[0.258s] INFO:colcon.colcon_core.package_selection:Skipping package 'quadruped_controller' in 'src/quadruped_controller'
[0.259s] Level 1:colcon.colcon_core.package_discovery:discover_packages(prefix_path) check parameters
[0.259s] Level 1:colcon.colcon_core.package_discovery:discover_packages(prefix_path) discover
[0.261s] DEBUG:colcon.colcon_installed_package_information.package_discovery:Found 3 installed packages in /home/ubuntu/pi-dog_ws/install
[0.262s] DEBUG:colcon.colcon_installed_package_information.package_discovery:Found 194 installed packages in /opt/ros/jazzy
[0.263s] Level 1:colcon.colcon_core.package_discovery:discover_packages(prefix_path) using defaults
[0.301s] Level 5:colcon.colcon_core.verb:set package 'i2c_pwm_board_msgs' build argument 'cmake_args' from command line to 'None'
[0.301s] Level 5:colcon.colcon_core.verb:set package 'i2c_pwm_board_msgs' build argument 'cmake_target' from command line to 'None'
[0.301s] Level 5:colcon.colcon_core.verb:set package 'i2c_pwm_board_msgs' build argument 'cmake_target_skip_unavailable' from command line to 'False'
[0.301s] Level 5:colcon.colcon_core.verb:set package 'i2c_pwm_board_msgs' build argument 'cmake_clean_cache' from command line to 'False'
[0.301s] Level 5:colcon.colcon_core.verb:set package 'i2c_pwm_board_msgs' build argument 'cmake_clean_first' from command line to 'False'
[0.301s] Level 5:colcon.colcon_core.verb:set package 'i2c_pwm_board_msgs' build argument 'cmake_force_configure' from command line to 'False'
[0.302s] Level 5:colcon.colcon_core.verb:set package 'i2c_pwm_board_msgs' build argument 'ament_cmake_args' from command line to 'None'
[0.302s] Level 5:colcon.colcon_core.verb:set package 'i2c_pwm_board_msgs' build argument 'catkin_cmake_args' from command line to 'None'
[0.302s] Level 5:colcon.colcon_core.verb:set package 'i2c_pwm_board_msgs' build argument 'catkin_skip_building_tests' from command line to 'False'
[0.302s] DEBUG:colcon.colcon_core.verb:Building package 'i2c_pwm_board_msgs' with the following arguments: {'ament_cmake_args': None, 'build_base': '/home/ubuntu/pi-dog_ws/build/i2c_pwm_board_msgs', 'catkin_cmake_args': None, 'catkin_skip_building_tests': False, 'cmake_args': None, 'cmake_clean_cache': False, 'cmake_clean_first': False, 'cmake_force_configure': False, 'cmake_target': None, 'cmake_target_skip_unavailable': False, 'install_base': '/home/ubuntu/pi-dog_ws/install/i2c_pwm_board_msgs', 'merge_install': False, 'path': '/home/ubuntu/pi-dog_ws/src/i2c_pwm_board/i2c_pwm_board_msgs', 'symlink_install': False, 'test_result_base': None}
[0.302s] Level 5:colcon.colcon_core.verb:set package 'xmlrpcpp' build argument 'cmake_args' from command line to 'None'
[0.302s] Level 5:colcon.colcon_core.verb:set package 'xmlrpcpp' build argument 'cmake_target' from command line to 'None'
[0.302s] Level 5:colcon.colcon_core.verb:set package 'xmlrpcpp' build argument 'cmake_target_skip_unavailable' from command line to 'False'
[0.302s] Level 5:colcon.colcon_core.verb:set package 'xmlrpcpp' build argument 'cmake_clean_cache' from command line to 'False'
[0.302s] Level 5:colcon.colcon_core.verb:set package 'xmlrpcpp' build argument 'cmake_clean_first' from command line to 'False'
[0.302s] Level 5:colcon.colcon_core.verb:set package 'xmlrpcpp' build argument 'cmake_force_configure' from command line to 'False'
[0.302s] Level 5:colcon.colcon_core.verb:set package 'xmlrpcpp' build argument 'ament_cmake_args' from command line to 'None'
[0.302s] Level 5:colcon.colcon_core.verb:set package 'xmlrpcpp' build argument 'catkin_cmake_args' from command line to 'None'
[0.302s] Level 5:colcon.colcon_core.verb:set package 'xmlrpcpp' build argument 'catkin_skip_building_tests' from command line to 'False'
[0.302s] DEBUG:colcon.colcon_core.verb:Building package 'xmlrpcpp' with the following arguments: {'ament_cmake_args': None, 'build_base': '/home/ubuntu/pi-dog_ws/build/xmlrpcpp', 'catkin_cmake_args': None, 'catkin_skip_building_tests': False, 'cmake_args': None, 'cmake_clean_cache': False, 'cmake_clean_first': False, 'cmake_force_configure': False, 'cmake_target': None, 'cmake_target_skip_unavailable': False, 'install_base': '/home/ubuntu/pi-dog_ws/install/xmlrpcpp', 'merge_install': False, 'path': '/home/ubuntu/pi-dog_ws/src/i2c_pwm_board/xmlrpcpp', 'symlink_install': False, 'test_result_base': None}
[0.302s] Level 5:colcon.colcon_core.verb:set package 'i2c_pwm_board_xmlrp' build argument 'cmake_args' from command line to 'None'
[0.303s] Level 5:colcon.colcon_core.verb:set package 'i2c_pwm_board_xmlrp' build argument 'cmake_target' from command line to 'None'
[0.303s] Level 5:colcon.colcon_core.verb:set package 'i2c_pwm_board_xmlrp' build argument 'cmake_target_skip_unavailable' from command line to 'False'
[0.303s] Level 5:colcon.colcon_core.verb:set package 'i2c_pwm_board_xmlrp' build argument 'cmake_clean_cache' from command line to 'False'
[0.303s] Level 5:colcon.colcon_core.verb:set package 'i2c_pwm_board_xmlrp' build argument 'cmake_clean_first' from command line to 'False'
[0.303s] Level 5:colcon.colcon_core.verb:set package 'i2c_pwm_board_xmlrp' build argument 'cmake_force_configure' from command line to 'False'
[0.303s] Level 5:colcon.colcon_core.verb:set package 'i2c_pwm_board_xmlrp' build argument 'ament_cmake_args' from command line to 'None'
[0.303s] Level 5:colcon.colcon_core.verb:set package 'i2c_pwm_board_xmlrp' build argument 'catkin_cmake_args' from command line to 'None'
[0.303s] Level 5:colcon.colcon_core.verb:set package 'i2c_pwm_board_xmlrp' build argument 'catkin_skip_building_tests' from command line to 'False'
[0.303s] DEBUG:colcon.colcon_core.verb:Building package 'i2c_pwm_board_xmlrp' with the following arguments: {'ament_cmake_args': None, 'build_base': '/home/ubuntu/pi-dog_ws/build/i2c_pwm_board_xmlrp', 'catkin_cmake_args': None, 'catkin_skip_building_tests': False, 'cmake_args': None, 'cmake_clean_cache': False, 'cmake_clean_first': False, 'cmake_force_configure': False, 'cmake_target': None, 'cmake_target_skip_unavailable': False, 'install_base': '/home/ubuntu/pi-dog_ws/install/i2c_pwm_board_xmlrp', 'merge_install': False, 'path': '/home/ubuntu/pi-dog_ws/src/i2c_pwm_board/i2c_pwm_board_xmlrp', 'symlink_install': False, 'test_result_base': None}
[0.303s] Level 5:colcon.colcon_core.verb:set package 'i2c_pwm_board' build argument 'cmake_args' from command line to 'None'
[0.303s] Level 5:colcon.colcon_core.verb:set package 'i2c_pwm_board' build argument 'cmake_target' from command line to 'None'
[0.303s] Level 5:colcon.colcon_core.verb:set package 'i2c_pwm_board' build argument 'cmake_target_skip_unavailable' from command line to 'False'
[0.303s] Level 5:colcon.colcon_core.verb:set package 'i2c_pwm_board' build argument 'cmake_clean_cache' from command line to 'False'
[0.303s] Level 5:colcon.colcon_core.verb:set package 'i2c_pwm_board' build argument 'cmake_clean_first' from command line to 'False'
[0.303s] Level 5:colcon.colcon_core.verb:set package 'i2c_pwm_board' build argument 'cmake_force_configure' from command line to 'False'
[0.303s] Level 5:colcon.colcon_core.verb:set package 'i2c_pwm_board' build argument 'ament_cmake_args' from command line to 'None'
[0.303s] Level 5:colcon.colcon_core.verb:set package 'i2c_pwm_board' build argument 'catkin_cmake_args' from command line to 'None'
[0.303s] Level 5:colcon.colcon_core.verb:set package 'i2c_pwm_board' build argument 'catkin_skip_building_tests' from command line to 'False'
[0.303s] DEBUG:colcon.colcon_core.verb:Building package 'i2c_pwm_board' with the following arguments: {'ament_cmake_args': None, 'build_base': '/home/ubuntu/pi-dog_ws/build/i2c_pwm_board', 'catkin_cmake_args': None, 'catkin_skip_building_tests': False, 'cmake_args': None, 'cmake_clean_cache': False, 'cmake_clean_first': False, 'cmake_force_configure': False, 'cmake_target': None, 'cmake_target_skip_unavailable': False, 'install_base': '/home/ubuntu/pi-dog_ws/install/i2c_pwm_board', 'merge_install': False, 'path': '/home/ubuntu/pi-dog_ws/src/i2c_pwm_board/i2c_pwm_board', 'symlink_install': False, 'test_result_base': None}
[0.303s] INFO:colcon.colcon_core.executor:Executing jobs using 'parallel' executor
[0.305s] DEBUG:colcon.colcon_parallel_executor.executor.parallel:run_until_complete
[0.305s] INFO:colcon.colcon_ros.task.ament_cmake.build:Building ROS package in '/home/ubuntu/pi-dog_ws/src/i2c_pwm_board/xmlrpcpp' with build type 'ament_cmake'
[0.305s] INFO:colcon.colcon_cmake.task.cmake.build:Building CMake package in '/home/ubuntu/pi-dog_ws/src/i2c_pwm_board/xmlrpcpp'
[0.307s] INFO:colcon.colcon_core.plugin_system:Skipping extension 'colcon_core.shell.bat': Not used on non-Windows systems
[0.307s] INFO:colcon.colcon_core.shell:Skip shell extension 'powershell' for command environment: Not usable outside of PowerShell
[0.308s] DEBUG:colcon.colcon_core.shell:Skip shell extension 'dsv' for command environment
[0.311s] INFO:colcon.colcon_ros.task.ament_cmake.build:Building ROS package in '/home/ubuntu/pi-dog_ws/src/i2c_pwm_board/i2c_pwm_board_msgs' with build type 'ament_cmake'
[0.311s] INFO:colcon.colcon_cmake.task.cmake.build:Building CMake package in '/home/ubuntu/pi-dog_ws/src/i2c_pwm_board/i2c_pwm_board_msgs'
[0.312s] INFO:colcon.colcon_core.shell:Skip shell extension 'powershell' for command environment: Not usable outside of PowerShell
[0.312s] DEBUG:colcon.colcon_core.shell:Skip shell extension 'dsv' for command environment
[0.322s] DEBUG:colcon.colcon_core.event_handler.log_command:Invoking command in '/home/ubuntu/pi-dog_ws/build/xmlrpcpp': CMAKE_PREFIX_PATH=${CMAKE_PREFIX_PATH}:/opt/ros/jazzy /usr/bin/cmake /home/ubuntu/pi-dog_ws/src/i2c_pwm_board/xmlrpcpp -DCMAKE_INSTALL_PREFIX=/home/ubuntu/pi-dog_ws/install/xmlrpcpp
[0.329s] DEBUG:colcon.colcon_core.event_handler.log_command:Invoking command in '/home/ubuntu/pi-dog_ws/build/i2c_pwm_board_msgs': CMAKE_PREFIX_PATH=${CMAKE_PREFIX_PATH}:/opt/ros/jazzy /usr/bin/cmake --build /home/ubuntu/pi-dog_ws/build/i2c_pwm_board_msgs -- -j4 -l4
[1.207s] DEBUG:colcon.colcon_core.event_handler.log_command:Invoked command in '/home/ubuntu/pi-dog_ws/build/i2c_pwm_board_msgs' returned '0': CMAKE_PREFIX_PATH=${CMAKE_PREFIX_PATH}:/opt/ros/jazzy /usr/bin/cmake --build /home/ubuntu/pi-dog_ws/build/i2c_pwm_board_msgs -- -j4 -l4
[1.224s] DEBUG:colcon.colcon_core.event_handler.log_command:Invoking command in '/home/ubuntu/pi-dog_ws/build/i2c_pwm_board_msgs': CMAKE_PREFIX_PATH=${CMAKE_PREFIX_PATH}:/opt/ros/jazzy /usr/bin/cmake --install /home/ubuntu/pi-dog_ws/build/i2c_pwm_board_msgs
[1.336s] Level 1:colcon.colcon_core.environment:create_environment_scripts_only(i2c_pwm_board_msgs)
[1.337s] DEBUG:colcon.colcon_core.event_handler.log_command:Invoked command in '/home/ubuntu/pi-dog_ws/build/i2c_pwm_board_msgs' returned '0': CMAKE_PREFIX_PATH=${CMAKE_PREFIX_PATH}:/opt/ros/jazzy /usr/bin/cmake --install /home/ubuntu/pi-dog_ws/build/i2c_pwm_board_msgs
[1.339s] Level 1:colcon.colcon_core.environment:checking '/home/ubuntu/pi-dog_ws/install/i2c_pwm_board_msgs' for CMake module files
[1.340s] Level 1:colcon.colcon_core.environment:checking '/home/ubuntu/pi-dog_ws/install/i2c_pwm_board_msgs' for CMake config files
[1.341s] Level 1:colcon.colcon_core.shell:create_environment_hook('i2c_pwm_board_msgs', 'cmake_prefix_path')
[1.342s] INFO:colcon.colcon_core.shell:Creating environment hook '/home/ubuntu/pi-dog_ws/install/i2c_pwm_board_msgs/share/i2c_pwm_board_msgs/hook/cmake_prefix_path.ps1'
[1.342s] INFO:colcon.colcon_core.shell:Creating environment descriptor '/home/ubuntu/pi-dog_ws/install/i2c_pwm_board_msgs/share/i2c_pwm_board_msgs/hook/cmake_prefix_path.dsv'
[1.343s] INFO:colcon.colcon_core.shell:Creating environment hook '/home/ubuntu/pi-dog_ws/install/i2c_pwm_board_msgs/share/i2c_pwm_board_msgs/hook/cmake_prefix_path.sh'
[1.345s] Level 1:colcon.colcon_core.environment:checking '/home/ubuntu/pi-dog_ws/install/i2c_pwm_board_msgs/lib'
[1.345s] Level 1:colcon.colcon_core.shell:create_environment_hook('i2c_pwm_board_msgs', 'ld_library_path_lib')
[1.345s] INFO:colcon.colcon_core.shell:Creating environment hook '/home/ubuntu/pi-dog_ws/install/i2c_pwm_board_msgs/share/i2c_pwm_board_msgs/hook/ld_library_path_lib.ps1'
[1.346s] INFO:colcon.colcon_core.shell:Creating environment descriptor '/home/ubuntu/pi-dog_ws/install/i2c_pwm_board_msgs/share/i2c_pwm_board_msgs/hook/ld_library_path_lib.dsv'
[1.346s] INFO:colcon.colcon_core.shell:Creating environment hook '/home/ubuntu/pi-dog_ws/install/i2c_pwm_board_msgs/share/i2c_pwm_board_msgs/hook/ld_library_path_lib.sh'
[1.347s] Level 1:colcon.colcon_core.environment:checking '/home/ubuntu/pi-dog_ws/install/i2c_pwm_board_msgs/bin'
[1.347s] Level 1:colcon.colcon_core.environment:checking '/home/ubuntu/pi-dog_ws/install/i2c_pwm_board_msgs/lib/pkgconfig/i2c_pwm_board_msgs.pc'
[1.348s] Level 1:colcon.colcon_core.environment:checking '/home/ubuntu/pi-dog_ws/install/i2c_pwm_board_msgs/lib/python3.12/site-packages'
[1.348s] Level 1:colcon.colcon_core.shell:create_environment_hook('i2c_pwm_board_msgs', 'pythonpath')
[1.348s] INFO:colcon.colcon_core.shell:Creating environment hook '/home/ubuntu/pi-dog_ws/install/i2c_pwm_board_msgs/share/i2c_pwm_board_msgs/hook/pythonpath.ps1'
[1.349s] INFO:colcon.colcon_core.shell:Creating environment descriptor '/home/ubuntu/pi-dog_ws/install/i2c_pwm_board_msgs/share/i2c_pwm_board_msgs/hook/pythonpath.dsv'
[1.350s] INFO:colcon.colcon_core.shell:Creating environment hook '/home/ubuntu/pi-dog_ws/install/i2c_pwm_board_msgs/share/i2c_pwm_board_msgs/hook/pythonpath.sh'
[1.351s] Level 1:colcon.colcon_core.environment:checking '/home/ubuntu/pi-dog_ws/install/i2c_pwm_board_msgs/bin'
[1.352s] INFO:colcon.colcon_core.shell:Creating package script '/home/ubuntu/pi-dog_ws/install/i2c_pwm_board_msgs/share/i2c_pwm_board_msgs/package.ps1'
[1.353s] INFO:colcon.colcon_core.shell:Creating package descriptor '/home/ubuntu/pi-dog_ws/install/i2c_pwm_board_msgs/share/i2c_pwm_board_msgs/package.dsv'
[1.354s] INFO:colcon.colcon_core.shell:Creating package script '/home/ubuntu/pi-dog_ws/install/i2c_pwm_board_msgs/share/i2c_pwm_board_msgs/package.sh'
[1.356s] INFO:colcon.colcon_core.shell:Creating package script '/home/ubuntu/pi-dog_ws/install/i2c_pwm_board_msgs/share/i2c_pwm_board_msgs/package.bash'
[1.357s] INFO:colcon.colcon_core.shell:Creating package script '/home/ubuntu/pi-dog_ws/install/i2c_pwm_board_msgs/share/i2c_pwm_board_msgs/package.zsh'
[1.358s] Level 1:colcon.colcon_core.environment:create_file_with_runtime_dependencies(/home/ubuntu/pi-dog_ws/install/i2c_pwm_board_msgs/share/colcon-core/packages/i2c_pwm_board_msgs)
[1.360s] Level 1:colcon.colcon_core.environment:create_environment_scripts_only(i2c_pwm_board_msgs)
[1.361s] Level 1:colcon.colcon_core.environment:checking '/home/ubuntu/pi-dog_ws/install/i2c_pwm_board_msgs' for CMake module files
[1.362s] Level 1:colcon.colcon_core.environment:checking '/home/ubuntu/pi-dog_ws/install/i2c_pwm_board_msgs' for CMake config files
[1.363s] Level 1:colcon.colcon_core.shell:create_environment_hook('i2c_pwm_board_msgs', 'cmake_prefix_path')
[1.363s] INFO:colcon.colcon_core.shell:Creating environment hook '/home/ubuntu/pi-dog_ws/install/i2c_pwm_board_msgs/share/i2c_pwm_board_msgs/hook/cmake_prefix_path.ps1'
[1.364s] INFO:colcon.colcon_core.shell:Creating environment descriptor '/home/ubuntu/pi-dog_ws/install/i2c_pwm_board_msgs/share/i2c_pwm_board_msgs/hook/cmake_prefix_path.dsv'
[1.365s] INFO:colcon.colcon_core.shell:Creating environment hook '/home/ubuntu/pi-dog_ws/install/i2c_pwm_board_msgs/share/i2c_pwm_board_msgs/hook/cmake_prefix_path.sh'
[1.366s] Level 1:colcon.colcon_core.environment:checking '/home/ubuntu/pi-dog_ws/install/i2c_pwm_board_msgs/lib'
[1.366s] Level 1:colcon.colcon_core.shell:create_environment_hook('i2c_pwm_board_msgs', 'ld_library_path_lib')
[1.366s] INFO:colcon.colcon_core.shell:Creating environment hook '/home/ubuntu/pi-dog_ws/install/i2c_pwm_board_msgs/share/i2c_pwm_board_msgs/hook/ld_library_path_lib.ps1'
[1.367s] INFO:colcon.colcon_core.shell:Creating environment descriptor '/home/ubuntu/pi-dog_ws/install/i2c_pwm_board_msgs/share/i2c_pwm_board_msgs/hook/ld_library_path_lib.dsv'
[1.368s] INFO:colcon.colcon_core.shell:Creating environment hook '/home/ubuntu/pi-dog_ws/install/i2c_pwm_board_msgs/share/i2c_pwm_board_msgs/hook/ld_library_path_lib.sh'
[1.369s] Level 1:colcon.colcon_core.environment:checking '/home/ubuntu/pi-dog_ws/install/i2c_pwm_board_msgs/bin'
[1.369s] Level 1:colcon.colcon_core.environment:checking '/home/ubuntu/pi-dog_ws/install/i2c_pwm_board_msgs/lib/pkgconfig/i2c_pwm_board_msgs.pc'
[1.369s] Level 1:colcon.colcon_core.environment:checking '/home/ubuntu/pi-dog_ws/install/i2c_pwm_board_msgs/lib/python3.12/site-packages'
[1.369s] Level 1:colcon.colcon_core.shell:create_environment_hook('i2c_pwm_board_msgs', 'pythonpath')
[1.369s] INFO:colcon.colcon_core.shell:Creating environment hook '/home/ubuntu/pi-dog_ws/install/i2c_pwm_board_msgs/share/i2c_pwm_board_msgs/hook/pythonpath.ps1'
[1.370s] INFO:colcon.colcon_core.shell:Creating environment descriptor '/home/ubuntu/pi-dog_ws/install/i2c_pwm_board_msgs/share/i2c_pwm_board_msgs/hook/pythonpath.dsv'
[1.371s] INFO:colcon.colcon_core.shell:Creating environment hook '/home/ubuntu/pi-dog_ws/install/i2c_pwm_board_msgs/share/i2c_pwm_board_msgs/hook/pythonpath.sh'
[1.372s] Level 1:colcon.colcon_core.environment:checking '/home/ubuntu/pi-dog_ws/install/i2c_pwm_board_msgs/bin'
[1.373s] INFO:colcon.colcon_core.shell:Creating package script '/home/ubuntu/pi-dog_ws/install/i2c_pwm_board_msgs/share/i2c_pwm_board_msgs/package.ps1'
[1.374s] INFO:colcon.colcon_core.shell:Creating package descriptor '/home/ubuntu/pi-dog_ws/install/i2c_pwm_board_msgs/share/i2c_pwm_board_msgs/package.dsv'
[1.375s] INFO:colcon.colcon_core.shell:Creating package script '/home/ubuntu/pi-dog_ws/install/i2c_pwm_board_msgs/share/i2c_pwm_board_msgs/package.sh'
[1.376s] INFO:colcon.colcon_core.shell:Creating package script '/home/ubuntu/pi-dog_ws/install/i2c_pwm_board_msgs/share/i2c_pwm_board_msgs/package.bash'
[1.378s] INFO:colcon.colcon_core.shell:Creating package script '/home/ubuntu/pi-dog_ws/install/i2c_pwm_board_msgs/share/i2c_pwm_board_msgs/package.zsh'
[1.379s] Level 1:colcon.colcon_core.environment:create_file_with_runtime_dependencies(/home/ubuntu/pi-dog_ws/install/i2c_pwm_board_msgs/share/colcon-core/packages/i2c_pwm_board_msgs)
[1.753s] DEBUG:colcon.colcon_core.event_handler.log_command:Invoked command in '/home/ubuntu/pi-dog_ws/build/xmlrpcpp' returned '0': CMAKE_PREFIX_PATH=${CMAKE_PREFIX_PATH}:/opt/ros/jazzy /usr/bin/cmake /home/ubuntu/pi-dog_ws/src/i2c_pwm_board/xmlrpcpp -DCMAKE_INSTALL_PREFIX=/home/ubuntu/pi-dog_ws/install/xmlrpcpp
[1.755s] DEBUG:colcon.colcon_core.event_handler.log_command:Invoking command in '/home/ubuntu/pi-dog_ws/build/xmlrpcpp': CMAKE_PREFIX_PATH=${CMAKE_PREFIX_PATH}:/opt/ros/jazzy /usr/bin/cmake --build /home/ubuntu/pi-dog_ws/build/xmlrpcpp -- -j4 -l4
[4.024s] DEBUG:colcon.colcon_core.event_handler.log_command:Invoked command in '/home/ubuntu/pi-dog_ws/build/xmlrpcpp' returned '0': CMAKE_PREFIX_PATH=${CMAKE_PREFIX_PATH}:/opt/ros/jazzy /usr/bin/cmake --build /home/ubuntu/pi-dog_ws/build/xmlrpcpp -- -j4 -l4
[4.026s] DEBUG:colcon.colcon_core.event_handler.log_command:Invoking command in '/home/ubuntu/pi-dog_ws/build/xmlrpcpp': CMAKE_PREFIX_PATH=${CMAKE_PREFIX_PATH}:/opt/ros/jazzy /usr/bin/cmake --install /home/ubuntu/pi-dog_ws/build/xmlrpcpp
[4.049s] Level 1:colcon.colcon_core.environment:create_environment_scripts_only(xmlrpcpp)
[4.049s] Level 1:colcon.colcon_core.environment:checking '/home/ubuntu/pi-dog_ws/install/xmlrpcpp' for CMake module files
[4.050s] DEBUG:colcon.colcon_core.event_handler.log_command:Invoked command in '/home/ubuntu/pi-dog_ws/build/xmlrpcpp' returned '0': CMAKE_PREFIX_PATH=${CMAKE_PREFIX_PATH}:/opt/ros/jazzy /usr/bin/cmake --install /home/ubuntu/pi-dog_ws/build/xmlrpcpp
[4.050s] Level 1:colcon.colcon_core.environment:checking '/home/ubuntu/pi-dog_ws/install/xmlrpcpp' for CMake config files
[4.051s] Level 1:colcon.colcon_core.shell:create_environment_hook('xmlrpcpp', 'cmake_prefix_path')
[4.051s] INFO:colcon.colcon_core.shell:Creating environment hook '/home/ubuntu/pi-dog_ws/install/xmlrpcpp/share/xmlrpcpp/hook/cmake_prefix_path.ps1'
[4.051s] INFO:colcon.colcon_core.shell:Creating environment descriptor '/home/ubuntu/pi-dog_ws/install/xmlrpcpp/share/xmlrpcpp/hook/cmake_prefix_path.dsv'
[4.052s] INFO:colcon.colcon_core.shell:Creating environment hook '/home/ubuntu/pi-dog_ws/install/xmlrpcpp/share/xmlrpcpp/hook/cmake_prefix_path.sh'
[4.052s] Level 1:colcon.colcon_core.environment:checking '/home/ubuntu/pi-dog_ws/install/xmlrpcpp/lib'
[4.053s] Level 1:colcon.colcon_core.environment:checking '/home/ubuntu/pi-dog_ws/install/xmlrpcpp/bin'
[4.053s] Level 1:colcon.colcon_core.environment:checking '/home/ubuntu/pi-dog_ws/install/xmlrpcpp/lib/pkgconfig/xmlrpcpp.pc'
[4.053s] Level 1:colcon.colcon_core.environment:checking '/home/ubuntu/pi-dog_ws/install/xmlrpcpp/lib/python3.12/site-packages'
[4.053s] Level 1:colcon.colcon_core.environment:checking '/home/ubuntu/pi-dog_ws/install/xmlrpcpp/bin'
[4.054s] INFO:colcon.colcon_core.shell:Creating package script '/home/ubuntu/pi-dog_ws/install/xmlrpcpp/share/xmlrpcpp/package.ps1'
[4.054s] INFO:colcon.colcon_core.shell:Creating package descriptor '/home/ubuntu/pi-dog_ws/install/xmlrpcpp/share/xmlrpcpp/package.dsv'
[4.055s] INFO:colcon.colcon_core.shell:Creating package script '/home/ubuntu/pi-dog_ws/install/xmlrpcpp/share/xmlrpcpp/package.sh'
[4.055s] INFO:colcon.colcon_core.shell:Creating package script '/home/ubuntu/pi-dog_ws/install/xmlrpcpp/share/xmlrpcpp/package.bash'
[4.056s] INFO:colcon.colcon_core.shell:Creating package script '/home/ubuntu/pi-dog_ws/install/xmlrpcpp/share/xmlrpcpp/package.zsh'
[4.056s] Level 1:colcon.colcon_core.environment:create_file_with_runtime_dependencies(/home/ubuntu/pi-dog_ws/install/xmlrpcpp/share/colcon-core/packages/xmlrpcpp)
[4.057s] Level 1:colcon.colcon_core.environment:create_environment_scripts_only(xmlrpcpp)
[4.057s] Level 1:colcon.colcon_core.environment:checking '/home/ubuntu/pi-dog_ws/install/xmlrpcpp' for CMake module files
[4.058s] Level 1:colcon.colcon_core.environment:checking '/home/ubuntu/pi-dog_ws/install/xmlrpcpp' for CMake config files
[4.058s] Level 1:colcon.colcon_core.shell:create_environment_hook('xmlrpcpp', 'cmake_prefix_path')
[4.058s] INFO:colcon.colcon_core.shell:Creating environment hook '/home/ubuntu/pi-dog_ws/install/xmlrpcpp/share/xmlrpcpp/hook/cmake_prefix_path.ps1'
[4.059s] INFO:colcon.colcon_core.shell:Creating environment descriptor '/home/ubuntu/pi-dog_ws/install/xmlrpcpp/share/xmlrpcpp/hook/cmake_prefix_path.dsv'
[4.059s] INFO:colcon.colcon_core.shell:Creating environment hook '/home/ubuntu/pi-dog_ws/install/xmlrpcpp/share/xmlrpcpp/hook/cmake_prefix_path.sh'
[4.060s] Level 1:colcon.colcon_core.environment:checking '/home/ubuntu/pi-dog_ws/install/xmlrpcpp/lib'
[4.060s] Level 1:colcon.colcon_core.environment:checking '/home/ubuntu/pi-dog_ws/install/xmlrpcpp/bin'
[4.061s] Level 1:colcon.colcon_core.environment:checking '/home/ubuntu/pi-dog_ws/install/xmlrpcpp/lib/pkgconfig/xmlrpcpp.pc'
[4.061s] Level 1:colcon.colcon_core.environment:checking '/home/ubuntu/pi-dog_ws/install/xmlrpcpp/lib/python3.12/site-packages'
[4.061s] Level 1:colcon.colcon_core.environment:checking '/home/ubuntu/pi-dog_ws/install/xmlrpcpp/bin'
[4.062s] INFO:colcon.colcon_core.shell:Creating package script '/home/ubuntu/pi-dog_ws/install/xmlrpcpp/share/xmlrpcpp/package.ps1'
[4.062s] INFO:colcon.colcon_core.shell:Creating package descriptor '/home/ubuntu/pi-dog_ws/install/xmlrpcpp/share/xmlrpcpp/package.dsv'
[4.063s] INFO:colcon.colcon_core.shell:Creating package script '/home/ubuntu/pi-dog_ws/install/xmlrpcpp/share/xmlrpcpp/package.sh'
[4.064s] INFO:colcon.colcon_core.shell:Creating package script '/home/ubuntu/pi-dog_ws/install/xmlrpcpp/share/xmlrpcpp/package.bash'
[4.067s] INFO:colcon.colcon_core.shell:Creating package script '/home/ubuntu/pi-dog_ws/install/xmlrpcpp/share/xmlrpcpp/package.zsh'
[4.068s] Level 1:colcon.colcon_core.environment:create_file_with_runtime_dependencies(/home/ubuntu/pi-dog_ws/install/xmlrpcpp/share/colcon-core/packages/xmlrpcpp)
[4.069s] INFO:colcon.colcon_ros.task.ament_cmake.build:Building ROS package in '/home/ubuntu/pi-dog_ws/src/i2c_pwm_board/i2c_pwm_board_xmlrp' with build type 'ament_cmake'
[4.069s] INFO:colcon.colcon_cmake.task.cmake.build:Building CMake package in '/home/ubuntu/pi-dog_ws/src/i2c_pwm_board/i2c_pwm_board_xmlrp'
[4.069s] INFO:colcon.colcon_core.shell:Skip shell extension 'powershell' for command environment: Not usable outside of PowerShell
[4.069s] DEBUG:colcon.colcon_core.shell:Skip shell extension 'dsv' for command environment
[4.082s] DEBUG:colcon.colcon_core.event_handler.log_command:Invoking command in '/home/ubuntu/pi-dog_ws/build/i2c_pwm_board_xmlrp': AMENT_PREFIX_PATH=/home/ubuntu/pi-dog_ws/install/xmlrpcpp:${AMENT_PREFIX_PATH} CMAKE_PREFIX_PATH=/home/ubuntu/pi-dog_ws/install/xmlrpcpp:/home/ubuntu/pi-dog_ws/install/quadruped_controller:/opt/ros/jazzy LD_LIBRARY_PATH=/home/ubuntu/pi-dog_ws/install/xmlrpcpp/lib:${LD_LIBRARY_PATH} /usr/bin/cmake /home/ubuntu/pi-dog_ws/src/i2c_pwm_board/i2c_pwm_board_xmlrp -DCMAKE_INSTALL_PREFIX=/home/ubuntu/pi-dog_ws/install/i2c_pwm_board_xmlrp
[5.673s] DEBUG:colcon.colcon_core.event_handler.log_command:Invoked command in '/home/ubuntu/pi-dog_ws/build/i2c_pwm_board_xmlrp' returned '0': AMENT_PREFIX_PATH=/home/ubuntu/pi-dog_ws/install/xmlrpcpp:${AMENT_PREFIX_PATH} CMAKE_PREFIX_PATH=/home/ubuntu/pi-dog_ws/install/xmlrpcpp:/home/ubuntu/pi-dog_ws/install/quadruped_controller:/opt/ros/jazzy LD_LIBRARY_PATH=/home/ubuntu/pi-dog_ws/install/xmlrpcpp/lib:${LD_LIBRARY_PATH} /usr/bin/cmake /home/ubuntu/pi-dog_ws/src/i2c_pwm_board/i2c_pwm_board_xmlrp -DCMAKE_INSTALL_PREFIX=/home/ubuntu/pi-dog_ws/install/i2c_pwm_board_xmlrp
[5.675s] DEBUG:colcon.colcon_core.event_handler.log_command:Invoking command in '/home/ubuntu/pi-dog_ws/build/i2c_pwm_board_xmlrp': AMENT_PREFIX_PATH=/home/ubuntu/pi-dog_ws/install/xmlrpcpp:${AMENT_PREFIX_PATH} CMAKE_PREFIX_PATH=/home/ubuntu/pi-dog_ws/install/xmlrpcpp:/home/ubuntu/pi-dog_ws/install/quadruped_controller:/opt/ros/jazzy LD_LIBRARY_PATH=/home/ubuntu/pi-dog_ws/install/xmlrpcpp/lib:${LD_LIBRARY_PATH} /usr/bin/cmake --build /home/ubuntu/pi-dog_ws/build/i2c_pwm_board_xmlrp -- -j4 -l4
[6.939s] DEBUG:colcon.colcon_core.event_handler.log_command:Invoked command in '/home/ubuntu/pi-dog_ws/build/i2c_pwm_board_xmlrp' returned '0': AMENT_PREFIX_PATH=/home/ubuntu/pi-dog_ws/install/xmlrpcpp:${AMENT_PREFIX_PATH} CMAKE_PREFIX_PATH=/home/ubuntu/pi-dog_ws/install/xmlrpcpp:/home/ubuntu/pi-dog_ws/install/quadruped_controller:/opt/ros/jazzy LD_LIBRARY_PATH=/home/ubuntu/pi-dog_ws/install/xmlrpcpp/lib:${LD_LIBRARY_PATH} /usr/bin/cmake --build /home/ubuntu/pi-dog_ws/build/i2c_pwm_board_xmlrp -- -j4 -l4
[6.941s] DEBUG:colcon.colcon_core.event_handler.log_command:Invoking command in '/home/ubuntu/pi-dog_ws/build/i2c_pwm_board_xmlrp': AMENT_PREFIX_PATH=/home/ubuntu/pi-dog_ws/install/xmlrpcpp:${AMENT_PREFIX_PATH} CMAKE_PREFIX_PATH=/home/ubuntu/pi-dog_ws/install/xmlrpcpp:/home/ubuntu/pi-dog_ws/install/quadruped_controller:/opt/ros/jazzy LD_LIBRARY_PATH=/home/ubuntu/pi-dog_ws/install/xmlrpcpp/lib:${LD_LIBRARY_PATH} /usr/bin/cmake --install /home/ubuntu/pi-dog_ws/build/i2c_pwm_board_xmlrp
[6.962s] Level 1:colcon.colcon_core.environment:create_environment_scripts_only(i2c_pwm_board_xmlrp)
[6.962s] Level 1:colcon.colcon_core.environment:checking '/home/ubuntu/pi-dog_ws/install/i2c_pwm_board_xmlrp' for CMake module files
[6.963s] DEBUG:colcon.colcon_core.event_handler.log_command:Invoked command in '/home/ubuntu/pi-dog_ws/build/i2c_pwm_board_xmlrp' returned '0': AMENT_PREFIX_PATH=/home/ubuntu/pi-dog_ws/install/xmlrpcpp:${AMENT_PREFIX_PATH} CMAKE_PREFIX_PATH=/home/ubuntu/pi-dog_ws/install/xmlrpcpp:/home/ubuntu/pi-dog_ws/install/quadruped_controller:/opt/ros/jazzy LD_LIBRARY_PATH=/home/ubuntu/pi-dog_ws/install/xmlrpcpp/lib:${LD_LIBRARY_PATH} /usr/bin/cmake --install /home/ubuntu/pi-dog_ws/build/i2c_pwm_board_xmlrp
[6.963s] Level 1:colcon.colcon_core.environment:checking '/home/ubuntu/pi-dog_ws/install/i2c_pwm_board_xmlrp' for CMake config files
[6.964s] Level 1:colcon.colcon_core.shell:create_environment_hook('i2c_pwm_board_xmlrp', 'cmake_prefix_path')
[6.964s] INFO:colcon.colcon_core.shell:Creating environment hook '/home/ubuntu/pi-dog_ws/install/i2c_pwm_board_xmlrp/share/i2c_pwm_board_xmlrp/hook/cmake_prefix_path.ps1'
[6.964s] INFO:colcon.colcon_core.shell:Creating environment descriptor '/home/ubuntu/pi-dog_ws/install/i2c_pwm_board_xmlrp/share/i2c_pwm_board_xmlrp/hook/cmake_prefix_path.dsv'
[6.965s] INFO:colcon.colcon_core.shell:Creating environment hook '/home/ubuntu/pi-dog_ws/install/i2c_pwm_board_xmlrp/share/i2c_pwm_board_xmlrp/hook/cmake_prefix_path.sh'
[6.965s] Level 1:colcon.colcon_core.environment:checking '/home/ubuntu/pi-dog_ws/install/i2c_pwm_board_xmlrp/lib'
[6.966s] Level 1:colcon.colcon_core.environment:checking '/home/ubuntu/pi-dog_ws/install/i2c_pwm_board_xmlrp/bin'
[6.966s] Level 1:colcon.colcon_core.environment:checking '/home/ubuntu/pi-dog_ws/install/i2c_pwm_board_xmlrp/lib/pkgconfig/i2c_pwm_board_xmlrp.pc'
[6.966s] Level 1:colcon.colcon_core.environment:checking '/home/ubuntu/pi-dog_ws/install/i2c_pwm_board_xmlrp/lib/python3.12/site-packages'
[6.966s] Level 1:colcon.colcon_core.environment:checking '/home/ubuntu/pi-dog_ws/install/i2c_pwm_board_xmlrp/bin'
[6.967s] INFO:colcon.colcon_core.shell:Creating package script '/home/ubuntu/pi-dog_ws/install/i2c_pwm_board_xmlrp/share/i2c_pwm_board_xmlrp/package.ps1'
[6.967s] INFO:colcon.colcon_core.shell:Creating package descriptor '/home/ubuntu/pi-dog_ws/install/i2c_pwm_board_xmlrp/share/i2c_pwm_board_xmlrp/package.dsv'
[6.968s] INFO:colcon.colcon_core.shell:Creating package script '/home/ubuntu/pi-dog_ws/install/i2c_pwm_board_xmlrp/share/i2c_pwm_board_xmlrp/package.sh'
[6.968s] INFO:colcon.colcon_core.shell:Creating package script '/home/ubuntu/pi-dog_ws/install/i2c_pwm_board_xmlrp/share/i2c_pwm_board_xmlrp/package.bash'
[6.969s] INFO:colcon.colcon_core.shell:Creating package script '/home/ubuntu/pi-dog_ws/install/i2c_pwm_board_xmlrp/share/i2c_pwm_board_xmlrp/package.zsh'
[6.969s] Level 1:colcon.colcon_core.environment:create_file_with_runtime_dependencies(/home/ubuntu/pi-dog_ws/install/i2c_pwm_board_xmlrp/share/colcon-core/packages/i2c_pwm_board_xmlrp)
[6.970s] Level 1:colcon.colcon_core.environment:create_environment_scripts_only(i2c_pwm_board_xmlrp)
[6.970s] Level 1:colcon.colcon_core.environment:checking '/home/ubuntu/pi-dog_ws/install/i2c_pwm_board_xmlrp' for CMake module files
[6.971s] Level 1:colcon.colcon_core.environment:checking '/home/ubuntu/pi-dog_ws/install/i2c_pwm_board_xmlrp' for CMake config files
[6.971s] Level 1:colcon.colcon_core.shell:create_environment_hook('i2c_pwm_board_xmlrp', 'cmake_prefix_path')
[6.971s] INFO:colcon.colcon_core.shell:Creating environment hook '/home/ubuntu/pi-dog_ws/install/i2c_pwm_board_xmlrp/share/i2c_pwm_board_xmlrp/hook/cmake_prefix_path.ps1'
[6.972s] INFO:colcon.colcon_core.shell:Creating environment descriptor '/home/ubuntu/pi-dog_ws/install/i2c_pwm_board_xmlrp/share/i2c_pwm_board_xmlrp/hook/cmake_prefix_path.dsv'
[6.973s] INFO:colcon.colcon_core.shell:Creating environment hook '/home/ubuntu/pi-dog_ws/install/i2c_pwm_board_xmlrp/share/i2c_pwm_board_xmlrp/hook/cmake_prefix_path.sh'
[6.974s] Level 1:colcon.colcon_core.environment:checking '/home/ubuntu/pi-dog_ws/install/i2c_pwm_board_xmlrp/lib'
[6.974s] Level 1:colcon.colcon_core.environment:checking '/home/ubuntu/pi-dog_ws/install/i2c_pwm_board_xmlrp/bin'
[6.974s] Level 1:colcon.colcon_core.environment:checking '/home/ubuntu/pi-dog_ws/install/i2c_pwm_board_xmlrp/lib/pkgconfig/i2c_pwm_board_xmlrp.pc'
[6.974s] Level 1:colcon.colcon_core.environment:checking '/home/ubuntu/pi-dog_ws/install/i2c_pwm_board_xmlrp/lib/python3.12/site-packages'
[6.975s] Level 1:colcon.colcon_core.environment:checking '/home/ubuntu/pi-dog_ws/install/i2c_pwm_board_xmlrp/bin'
[6.975s] INFO:colcon.colcon_core.shell:Creating package script '/home/ubuntu/pi-dog_ws/install/i2c_pwm_board_xmlrp/share/i2c_pwm_board_xmlrp/package.ps1'
[6.976s] INFO:colcon.colcon_core.shell:Creating package descriptor '/home/ubuntu/pi-dog_ws/install/i2c_pwm_board_xmlrp/share/i2c_pwm_board_xmlrp/package.dsv'
[6.977s] INFO:colcon.colcon_core.shell:Creating package script '/home/ubuntu/pi-dog_ws/install/i2c_pwm_board_xmlrp/share/i2c_pwm_board_xmlrp/package.sh'
[6.979s] INFO:colcon.colcon_core.shell:Creating package script '/home/ubuntu/pi-dog_ws/install/i2c_pwm_board_xmlrp/share/i2c_pwm_board_xmlrp/package.bash'
[6.980s] INFO:colcon.colcon_core.shell:Creating package script '/home/ubuntu/pi-dog_ws/install/i2c_pwm_board_xmlrp/share/i2c_pwm_board_xmlrp/package.zsh'
[6.982s] Level 1:colcon.colcon_core.environment:create_file_with_runtime_dependencies(/home/ubuntu/pi-dog_ws/install/i2c_pwm_board_xmlrp/share/colcon-core/packages/i2c_pwm_board_xmlrp)
[6.984s] INFO:colcon.colcon_ros.task.ament_cmake.build:Building ROS package in '/home/ubuntu/pi-dog_ws/src/i2c_pwm_board/i2c_pwm_board' with build type 'ament_cmake'
[6.984s] INFO:colcon.colcon_cmake.task.cmake.build:Building CMake package in '/home/ubuntu/pi-dog_ws/src/i2c_pwm_board/i2c_pwm_board'
[6.984s] INFO:colcon.colcon_core.shell:Skip shell extension 'powershell' for command environment: Not usable outside of PowerShell
[6.984s] DEBUG:colcon.colcon_core.shell:Skip shell extension 'dsv' for command environment
[7.004s] DEBUG:colcon.colcon_core.event_handler.log_command:Invoking command in '/home/ubuntu/pi-dog_ws/build/i2c_pwm_board': AMENT_PREFIX_PATH=/home/ubuntu/pi-dog_ws/install/i2c_pwm_board_xmlrp:/home/ubuntu/pi-dog_ws/install/xmlrpcpp:/home/ubuntu/pi-dog_ws/install/i2c_pwm_board_msgs:${AMENT_PREFIX_PATH} CMAKE_PREFIX_PATH=/home/ubuntu/pi-dog_ws/install/i2c_pwm_board_xmlrp:/home/ubuntu/pi-dog_ws/install/xmlrpcpp:/home/ubuntu/pi-dog_ws/install/i2c_pwm_board_msgs:/home/ubuntu/pi-dog_ws/install/quadruped_controller:/opt/ros/jazzy LD_LIBRARY_PATH=/home/ubuntu/pi-dog_ws/install/i2c_pwm_board_xmlrp/lib:/home/ubuntu/pi-dog_ws/install/xmlrpcpp/lib:/home/ubuntu/pi-dog_ws/install/i2c_pwm_board_msgs/lib:${LD_LIBRARY_PATH} PYTHONPATH=/home/ubuntu/pi-dog_ws/install/i2c_pwm_board_msgs/lib/python3.12/site-packages:${PYTHONPATH} /usr/bin/cmake /home/ubuntu/pi-dog_ws/src/i2c_pwm_board/i2c_pwm_board -DCMAKE_INSTALL_PREFIX=/home/ubuntu/pi-dog_ws/install/i2c_pwm_board
[8.758s] DEBUG:colcon.colcon_core.event_handler.log_command:Invoked command in '/home/ubuntu/pi-dog_ws/build/i2c_pwm_board' returned '0': AMENT_PREFIX_PATH=/home/ubuntu/pi-dog_ws/install/i2c_pwm_board_xmlrp:/home/ubuntu/pi-dog_ws/install/xmlrpcpp:/home/ubuntu/pi-dog_ws/install/i2c_pwm_board_msgs:${AMENT_PREFIX_PATH} CMAKE_PREFIX_PATH=/home/ubuntu/pi-dog_ws/install/i2c_pwm_board_xmlrp:/home/ubuntu/pi-dog_ws/install/xmlrpcpp:/home/ubuntu/pi-dog_ws/install/i2c_pwm_board_msgs:/home/ubuntu/pi-dog_ws/install/quadruped_controller:/opt/ros/jazzy LD_LIBRARY_PATH=/home/ubuntu/pi-dog_ws/install/i2c_pwm_board_xmlrp/lib:/home/ubuntu/pi-dog_ws/install/xmlrpcpp/lib:/home/ubuntu/pi-dog_ws/install/i2c_pwm_board_msgs/lib:${LD_LIBRARY_PATH} PYTHONPATH=/home/ubuntu/pi-dog_ws/install/i2c_pwm_board_msgs/lib/python3.12/site-packages:${PYTHONPATH} /usr/bin/cmake /home/ubuntu/pi-dog_ws/src/i2c_pwm_board/i2c_pwm_board -DCMAKE_INSTALL_PREFIX=/home/ubuntu/pi-dog_ws/install/i2c_pwm_board
[8.760s] DEBUG:colcon.colcon_core.event_handler.log_command:Invoking command in '/home/ubuntu/pi-dog_ws/build/i2c_pwm_board': AMENT_PREFIX_PATH=/home/ubuntu/pi-dog_ws/install/i2c_pwm_board_xmlrp:/home/ubuntu/pi-dog_ws/install/xmlrpcpp:/home/ubuntu/pi-dog_ws/install/i2c_pwm_board_msgs:${AMENT_PREFIX_PATH} CMAKE_PREFIX_PATH=/home/ubuntu/pi-dog_ws/install/i2c_pwm_board_xmlrp:/home/ubuntu/pi-dog_ws/install/xmlrpcpp:/home/ubuntu/pi-dog_ws/install/i2c_pwm_board_msgs:/home/ubuntu/pi-dog_ws/install/quadruped_controller:/opt/ros/jazzy LD_LIBRARY_PATH=/home/ubuntu/pi-dog_ws/install/i2c_pwm_board_xmlrp/lib:/home/ubuntu/pi-dog_ws/install/xmlrpcpp/lib:/home/ubuntu/pi-dog_ws/install/i2c_pwm_board_msgs/lib:${LD_LIBRARY_PATH} PYTHONPATH=/home/ubuntu/pi-dog_ws/install/i2c_pwm_board_msgs/lib/python3.12/site-packages:${PYTHONPATH} /usr/bin/cmake --build /home/ubuntu/pi-dog_ws/build/i2c_pwm_board -- -j4 -l4
[31.148s] DEBUG:colcon.colcon_core.event_handler.log_command:Invoked command in '/home/ubuntu/pi-dog_ws/build/i2c_pwm_board' returned '0': AMENT_PREFIX_PATH=/home/ubuntu/pi-dog_ws/install/i2c_pwm_board_xmlrp:/home/ubuntu/pi-dog_ws/install/xmlrpcpp:/home/ubuntu/pi-dog_ws/install/i2c_pwm_board_msgs:${AMENT_PREFIX_PATH} CMAKE_PREFIX_PATH=/home/ubuntu/pi-dog_ws/install/i2c_pwm_board_xmlrp:/home/ubuntu/pi-dog_ws/install/xmlrpcpp:/home/ubuntu/pi-dog_ws/install/i2c_pwm_board_msgs:/home/ubuntu/pi-dog_ws/install/quadruped_controller:/opt/ros/jazzy LD_LIBRARY_PATH=/home/ubuntu/pi-dog_ws/install/i2c_pwm_board_xmlrp/lib:/home/ubuntu/pi-dog_ws/install/xmlrpcpp/lib:/home/ubuntu/pi-dog_ws/install/i2c_pwm_board_msgs/lib:${LD_LIBRARY_PATH} PYTHONPATH=/home/ubuntu/pi-dog_ws/install/i2c_pwm_board_msgs/lib/python3.12/site-packages:${PYTHONPATH} /usr/bin/cmake --build /home/ubuntu/pi-dog_ws/build/i2c_pwm_board -- -j4 -l4
[31.150s] DEBUG:colcon.colcon_core.event_handler.log_command:Invoking command in '/home/ubuntu/pi-dog_ws/build/i2c_pwm_board': AMENT_PREFIX_PATH=/home/ubuntu/pi-dog_ws/install/i2c_pwm_board_xmlrp:/home/ubuntu/pi-dog_ws/install/xmlrpcpp:/home/ubuntu/pi-dog_ws/install/i2c_pwm_board_msgs:${AMENT_PREFIX_PATH} CMAKE_PREFIX_PATH=/home/ubuntu/pi-dog_ws/install/i2c_pwm_board_xmlrp:/home/ubuntu/pi-dog_ws/install/xmlrpcpp:/home/ubuntu/pi-dog_ws/install/i2c_pwm_board_msgs:/home/ubuntu/pi-dog_ws/install/quadruped_controller:/opt/ros/jazzy LD_LIBRARY_PATH=/home/ubuntu/pi-dog_ws/install/i2c_pwm_board_xmlrp/lib:/home/ubuntu/pi-dog_ws/install/xmlrpcpp/lib:/home/ubuntu/pi-dog_ws/install/i2c_pwm_board_msgs/lib:${LD_LIBRARY_PATH} PYTHONPATH=/home/ubuntu/pi-dog_ws/install/i2c_pwm_board_msgs/lib/python3.12/site-packages:${PYTHONPATH} /usr/bin/cmake --install /home/ubuntu/pi-dog_ws/build/i2c_pwm_board
[31.187s] Level 1:colcon.colcon_core.environment:create_environment_scripts_only(i2c_pwm_board)
[31.187s] Level 1:colcon.colcon_core.environment:checking '/home/ubuntu/pi-dog_ws/install/i2c_pwm_board' for CMake module files
[31.187s] DEBUG:colcon.colcon_core.event_handler.log_command:Invoked command in '/home/ubuntu/pi-dog_ws/build/i2c_pwm_board' returned '0': AMENT_PREFIX_PATH=/home/ubuntu/pi-dog_ws/install/i2c_pwm_board_xmlrp:/home/ubuntu/pi-dog_ws/install/xmlrpcpp:/home/ubuntu/pi-dog_ws/install/i2c_pwm_board_msgs:${AMENT_PREFIX_PATH} CMAKE_PREFIX_PATH=/home/ubuntu/pi-dog_ws/install/i2c_pwm_board_xmlrp:/home/ubuntu/pi-dog_ws/install/xmlrpcpp:/home/ubuntu/pi-dog_ws/install/i2c_pwm_board_msgs:/home/ubuntu/pi-dog_ws/install/quadruped_controller:/opt/ros/jazzy LD_LIBRARY_PATH=/home/ubuntu/pi-dog_ws/install/i2c_pwm_board_xmlrp/lib:/home/ubuntu/pi-dog_ws/install/xmlrpcpp/lib:/home/ubuntu/pi-dog_ws/install/i2c_pwm_board_msgs/lib:${LD_LIBRARY_PATH} PYTHONPATH=/home/ubuntu/pi-dog_ws/install/i2c_pwm_board_msgs/lib/python3.12/site-packages:${PYTHONPATH} /usr/bin/cmake --install /home/ubuntu/pi-dog_ws/build/i2c_pwm_board
[31.188s] Level 1:colcon.colcon_core.environment:checking '/home/ubuntu/pi-dog_ws/install/i2c_pwm_board' for CMake config files
[31.188s] Level 1:colcon.colcon_core.shell:create_environment_hook('i2c_pwm_board', 'cmake_prefix_path')
[31.188s] INFO:colcon.colcon_core.shell:Creating environment hook '/home/ubuntu/pi-dog_ws/install/i2c_pwm_board/share/i2c_pwm_board/hook/cmake_prefix_path.ps1'
[31.189s] INFO:colcon.colcon_core.shell:Creating environment descriptor '/home/ubuntu/pi-dog_ws/install/i2c_pwm_board/share/i2c_pwm_board/hook/cmake_prefix_path.dsv'
[31.189s] INFO:colcon.colcon_core.shell:Creating environment hook '/home/ubuntu/pi-dog_ws/install/i2c_pwm_board/share/i2c_pwm_board/hook/cmake_prefix_path.sh'
[31.190s] Level 1:colcon.colcon_core.environment:checking '/home/ubuntu/pi-dog_ws/install/i2c_pwm_board/lib'
[31.190s] Level 1:colcon.colcon_core.environment:checking '/home/ubuntu/pi-dog_ws/install/i2c_pwm_board/bin'
[31.190s] Level 1:colcon.colcon_core.environment:checking '/home/ubuntu/pi-dog_ws/install/i2c_pwm_board/lib/pkgconfig/i2c_pwm_board.pc'
[31.191s] Level 1:colcon.colcon_core.environment:checking '/home/ubuntu/pi-dog_ws/install/i2c_pwm_board/lib/python3.12/site-packages'
[31.191s] Level 1:colcon.colcon_core.environment:checking '/home/ubuntu/pi-dog_ws/install/i2c_pwm_board/bin'
[31.191s] INFO:colcon.colcon_core.shell:Creating package script '/home/ubuntu/pi-dog_ws/install/i2c_pwm_board/share/i2c_pwm_board/package.ps1'
[31.192s] INFO:colcon.colcon_core.shell:Creating package descriptor '/home/ubuntu/pi-dog_ws/install/i2c_pwm_board/share/i2c_pwm_board/package.dsv'
[31.193s] INFO:colcon.colcon_core.shell:Creating package script '/home/ubuntu/pi-dog_ws/install/i2c_pwm_board/share/i2c_pwm_board/package.sh'
[31.194s] INFO:colcon.colcon_core.shell:Creating package script '/home/ubuntu/pi-dog_ws/install/i2c_pwm_board/share/i2c_pwm_board/package.bash'
[31.195s] INFO:colcon.colcon_core.shell:Creating package script '/home/ubuntu/pi-dog_ws/install/i2c_pwm_board/share/i2c_pwm_board/package.zsh'
[31.195s] Level 1:colcon.colcon_core.environment:create_file_with_runtime_dependencies(/home/ubuntu/pi-dog_ws/install/i2c_pwm_board/share/colcon-core/packages/i2c_pwm_board)
[31.197s] Level 1:colcon.colcon_core.environment:create_environment_scripts_only(i2c_pwm_board)
[31.197s] Level 1:colcon.colcon_core.environment:checking '/home/ubuntu/pi-dog_ws/install/i2c_pwm_board' for CMake module files
[31.198s] Level 1:colcon.colcon_core.environment:checking '/home/ubuntu/pi-dog_ws/install/i2c_pwm_board' for CMake config files
[31.198s] Level 1:colcon.colcon_core.shell:create_environment_hook('i2c_pwm_board', 'cmake_prefix_path')
[31.198s] INFO:colcon.colcon_core.shell:Creating environment hook '/home/ubuntu/pi-dog_ws/install/i2c_pwm_board/share/i2c_pwm_board/hook/cmake_prefix_path.ps1'
[31.199s] INFO:colcon.colcon_core.shell:Creating environment descriptor '/home/ubuntu/pi-dog_ws/install/i2c_pwm_board/share/i2c_pwm_board/hook/cmake_prefix_path.dsv'
[31.200s] INFO:colcon.colcon_core.shell:Creating environment hook '/home/ubuntu/pi-dog_ws/install/i2c_pwm_board/share/i2c_pwm_board/hook/cmake_prefix_path.sh'
[31.201s] Level 1:colcon.colcon_core.environment:checking '/home/ubuntu/pi-dog_ws/install/i2c_pwm_board/lib'
[31.201s] Level 1:colcon.colcon_core.environment:checking '/home/ubuntu/pi-dog_ws/install/i2c_pwm_board/bin'
[31.201s] Level 1:colcon.colcon_core.environment:checking '/home/ubuntu/pi-dog_ws/install/i2c_pwm_board/lib/pkgconfig/i2c_pwm_board.pc'
[31.201s] Level 1:colcon.colcon_core.environment:checking '/home/ubuntu/pi-dog_ws/install/i2c_pwm_board/lib/python3.12/site-packages'
[31.202s] Level 1:colcon.colcon_core.environment:checking '/home/ubuntu/pi-dog_ws/install/i2c_pwm_board/bin'
[31.202s] INFO:colcon.colcon_core.shell:Creating package script '/home/ubuntu/pi-dog_ws/install/i2c_pwm_board/share/i2c_pwm_board/package.ps1'
[31.203s] INFO:colcon.colcon_core.shell:Creating package descriptor '/home/ubuntu/pi-dog_ws/install/i2c_pwm_board/share/i2c_pwm_board/package.dsv'
[31.204s] INFO:colcon.colcon_core.shell:Creating package script '/home/ubuntu/pi-dog_ws/install/i2c_pwm_board/share/i2c_pwm_board/package.sh'
[31.204s] INFO:colcon.colcon_core.shell:Creating package script '/home/ubuntu/pi-dog_ws/install/i2c_pwm_board/share/i2c_pwm_board/package.bash'
[31.205s] INFO:colcon.colcon_core.shell:Creating package script '/home/ubuntu/pi-dog_ws/install/i2c_pwm_board/share/i2c_pwm_board/package.zsh'
[31.206s] Level 1:colcon.colcon_core.environment:create_file_with_runtime_dependencies(/home/ubuntu/pi-dog_ws/install/i2c_pwm_board/share/colcon-core/packages/i2c_pwm_board)
[31.207s] DEBUG:colcon.colcon_parallel_executor.executor.parallel:closing loop
[31.208s] DEBUG:colcon.colcon_parallel_executor.executor.parallel:loop closed
[31.208s] DEBUG:colcon.colcon_parallel_executor.executor.parallel:run_until_complete finished with '0'
[31.208s] DEBUG:colcon.colcon_core.event_reactor:joining thread
[31.209s] DEBUG:colcon.colcon_core.event_reactor:joined thread
[31.209s] INFO:colcon.colcon_core.shell:Creating prefix script '/home/ubuntu/pi-dog_ws/install/local_setup.ps1'
[31.210s] INFO:colcon.colcon_core.shell:Creating prefix util module '/home/ubuntu/pi-dog_ws/install/_local_setup_util_ps1.py'
[31.212s] INFO:colcon.colcon_core.shell:Creating prefix chain script '/home/ubuntu/pi-dog_ws/install/setup.ps1'
[31.213s] INFO:colcon.colcon_core.shell:Creating prefix script '/home/ubuntu/pi-dog_ws/install/local_setup.sh'
[31.214s] INFO:colcon.colcon_core.shell:Creating prefix util module '/home/ubuntu/pi-dog_ws/install/_local_setup_util_sh.py'
[31.215s] INFO:colcon.colcon_core.shell:Creating prefix chain script '/home/ubuntu/pi-dog_ws/install/setup.sh'
[31.216s] INFO:colcon.colcon_core.shell:Creating prefix script '/home/ubuntu/pi-dog_ws/install/local_setup.bash'
[31.218s] INFO:colcon.colcon_core.shell:Creating prefix chain script '/home/ubuntu/pi-dog_ws/install/setup.bash'
[31.219s] INFO:colcon.colcon_core.shell:Creating prefix script '/home/ubuntu/pi-dog_ws/install/local_setup.zsh'
[31.220s] INFO:colcon.colcon_core.shell:Creating prefix chain script '/home/ubuntu/pi-dog_ws/install/setup.zsh'
