/usr/bin/ld: CMakeFiles/ik_test_node.dir/src/motion_cmd/smfsm/spot_micro_idle.cpp.o: in function `SpotMicroIdleState::SpotMicroIdleState()':
spot_micro_idle.cpp:(.text+0x10): undefined reference to `SpotMicroState::SpotMicroState()'
/usr/bin/ld: CMakeFiles/ik_test_node.dir/src/motion_cmd/smfsm/spot_micro_idle.cpp.o: in function `SpotMicroIdleState::~SpotMicroIdleState()':
spot_micro_idle.cpp:(.text+0x50): undefined reference to `SpotMicroState::~SpotMicroState()'
/usr/bin/ld: CMakeFiles/ik_test_node.dir/src/motion_cmd/smfsm/spot_micro_idle.cpp.o: in function `SpotMicroIdleState::handleInputCommands(smk::BodyState const&, SpotMicroNodeConfig const&, Command const&, SpotMicroMotionCmd*, smk::BodyState*)':
spot_micro_idle.cpp:(.text+0x148): undefined reference to `SpotMicroState::changeState(SpotMicroMotionCmd*, std::unique_ptr<SpotMicroState, std::default_delete<SpotMicroState> >)'
/usr/bin/ld: CMakeFiles/ik_test_node.dir/src/motion_cmd/smfsm/spot_micro_idle.cpp.o:(.data.rel.ro._ZTV18SpotMicroIdleState[_ZTV18SpotMicroIdleState]+0x38): undefined reference to `SpotMicroState::initBodyStateFilters(float, float, float, float, smk::BodyState const&, BodyStateFilters*)'
/usr/bin/ld: CMakeFiles/ik_test_node.dir/src/motion_cmd/smfsm/spot_micro_idle.cpp.o:(.data.rel.ro._ZTV18SpotMicroIdleState[_ZTV18SpotMicroIdleState]+0x40): undefined reference to `SpotMicroState::setBodyStateFilterCommands(smk::BodyState const&, BodyStateFilters*)'
/usr/bin/ld: CMakeFiles/ik_test_node.dir/src/motion_cmd/smfsm/spot_micro_idle.cpp.o:(.data.rel.ro._ZTV18SpotMicroIdleState[_ZTV18SpotMicroIdleState]+0x48): undefined reference to `SpotMicroState::runFilters(BodyStateFilters*)'
/usr/bin/ld: CMakeFiles/ik_test_node.dir/src/motion_cmd/smfsm/spot_micro_idle.cpp.o:(.data.rel.ro._ZTV18SpotMicroIdleState[_ZTV18SpotMicroIdleState]+0x50): undefined reference to `SpotMicroState::assignFilterValuesToBodyState(BodyStateFilters const&, smk::BodyState*)'
/usr/bin/ld: CMakeFiles/ik_test_node.dir/src/motion_cmd/smfsm/spot_micro_idle.cpp.o:(.data.rel.ro._ZTV18SpotMicroIdleState[_ZTV18SpotMicroIdleState]+0x58): undefined reference to `SpotMicroState::checkBodyStateEquality(smk::BodyState const&, smk::BodyState const&, float)'
/usr/bin/ld: CMakeFiles/ik_test_node.dir/src/motion_cmd/smfsm/spot_micro_idle.cpp.o:(.data.rel.ro._ZTI18SpotMicroIdleState[_ZTI18SpotMicroIdleState]+0x10): undefined reference to `typeinfo for SpotMicroState'
/usr/bin/ld: CMakeFiles/ik_test_node.dir/src/motion_cmd/smfsm/spot_micro_stand.cpp.o: in function `SpotMicroStandState::SpotMicroStandState()':
spot_micro_stand.cpp:(.text+0x10): undefined reference to `SpotMicroState::SpotMicroState()'
/usr/bin/ld: CMakeFiles/ik_test_node.dir/src/motion_cmd/smfsm/spot_micro_stand.cpp.o: in function `SpotMicroStandState::~SpotMicroStandState()':
spot_micro_stand.cpp:(.text+0x5c): undefined reference to `SpotMicroState::~SpotMicroState()'
/usr/bin/ld: CMakeFiles/ik_test_node.dir/src/motion_cmd/smfsm/spot_micro_stand.cpp.o: in function `SpotMicroStandState::handleInputCommands(smk::BodyState const&, SpotMicroNodeConfig const&, Command const&, SpotMicroMotionCmd*, smk::BodyState*)':
spot_micro_stand.cpp:(.text+0x154): undefined reference to `SpotMicroState::changeState(SpotMicroMotionCmd*, std::unique_ptr<SpotMicroState, std::default_delete<SpotMicroState> >)'
/usr/bin/ld: spot_micro_stand.cpp:(.text+0x1bc): undefined reference to `SpotMicroState::changeState(SpotMicroMotionCmd*, std::unique_ptr<SpotMicroState, std::default_delete<SpotMicroState> >)'
/usr/bin/ld: CMakeFiles/ik_test_node.dir/src/motion_cmd/smfsm/spot_micro_stand.cpp.o:(.data.rel.ro._ZTV19SpotMicroStandState[_ZTV19SpotMicroStandState]+0x38): undefined reference to `SpotMicroState::initBodyStateFilters(float, float, float, float, smk::BodyState const&, BodyStateFilters*)'
/usr/bin/ld: CMakeFiles/ik_test_node.dir/src/motion_cmd/smfsm/spot_micro_stand.cpp.o:(.data.rel.ro._ZTV19SpotMicroStandState[_ZTV19SpotMicroStandState]+0x40): undefined reference to `SpotMicroState::setBodyStateFilterCommands(smk::BodyState const&, BodyStateFilters*)'
/usr/bin/ld: CMakeFiles/ik_test_node.dir/src/motion_cmd/smfsm/spot_micro_stand.cpp.o:(.data.rel.ro._ZTV19SpotMicroStandState[_ZTV19SpotMicroStandState]+0x48): undefined reference to `SpotMicroState::runFilters(BodyStateFilters*)'
/usr/bin/ld: CMakeFiles/ik_test_node.dir/src/motion_cmd/smfsm/spot_micro_stand.cpp.o:(.data.rel.ro._ZTV19SpotMicroStandState[_ZTV19SpotMicroStandState]+0x50): undefined reference to `SpotMicroState::assignFilterValuesToBodyState(BodyStateFilters const&, smk::BodyState*)'
/usr/bin/ld: CMakeFiles/ik_test_node.dir/src/motion_cmd/smfsm/spot_micro_stand.cpp.o:(.data.rel.ro._ZTV19SpotMicroStandState[_ZTV19SpotMicroStandState]+0x58): undefined reference to `SpotMicroState::checkBodyStateEquality(smk::BodyState const&, smk::BodyState const&, float)'
/usr/bin/ld: CMakeFiles/ik_test_node.dir/src/motion_cmd/smfsm/spot_micro_stand.cpp.o:(.data.rel.ro._ZTI19SpotMicroStandState[_ZTI19SpotMicroStandState]+0x10): undefined reference to `typeinfo for SpotMicroState'
/usr/bin/ld: CMakeFiles/ik_test_node.dir/src/motion_cmd/smfsm/spot_micro_transition_idle.cpp.o: in function `SpotMicroTransitionIdleState::SpotMicroTransitionIdleState()':
spot_micro_transition_idle.cpp:(.text+0x10): undefined reference to `SpotMicroState::SpotMicroState()'
/usr/bin/ld: CMakeFiles/ik_test_node.dir/src/motion_cmd/smfsm/spot_micro_transition_idle.cpp.o: in function `SpotMicroTransitionIdleState::~SpotMicroTransitionIdleState()':
spot_micro_transition_idle.cpp:(.text+0x68): undefined reference to `SpotMicroState::~SpotMicroState()'
/usr/bin/ld: CMakeFiles/ik_test_node.dir/src/motion_cmd/smfsm/spot_micro_transition_idle.cpp.o: in function `SpotMicroTransitionIdleState::handleInputCommands(smk::BodyState const&, SpotMicroNodeConfig const&, Command const&, SpotMicroMotionCmd*, smk::BodyState*)':
spot_micro_transition_idle.cpp:(.text+0x318): undefined reference to `SpotMicroState::changeState(SpotMicroMotionCmd*, std::unique_ptr<SpotMicroState, std::default_delete<SpotMicroState> >)'
/usr/bin/ld: CMakeFiles/ik_test_node.dir/src/motion_cmd/smfsm/spot_micro_transition_idle.cpp.o:(.data.rel.ro._ZTV28SpotMicroTransitionIdleState[_ZTV28SpotMicroTransitionIdleState]+0x38): undefined reference to `SpotMicroState::initBodyStateFilters(float, float, float, float, smk::BodyState const&, BodyStateFilters*)'
/usr/bin/ld: CMakeFiles/ik_test_node.dir/src/motion_cmd/smfsm/spot_micro_transition_idle.cpp.o:(.data.rel.ro._ZTV28SpotMicroTransitionIdleState[_ZTV28SpotMicroTransitionIdleState]+0x40): undefined reference to `SpotMicroState::setBodyStateFilterCommands(smk::BodyState const&, BodyStateFilters*)'
/usr/bin/ld: CMakeFiles/ik_test_node.dir/src/motion_cmd/smfsm/spot_micro_transition_idle.cpp.o:(.data.rel.ro._ZTV28SpotMicroTransitionIdleState[_ZTV28SpotMicroTransitionIdleState]+0x48): undefined reference to `SpotMicroState::runFilters(BodyStateFilters*)'
/usr/bin/ld: CMakeFiles/ik_test_node.dir/src/motion_cmd/smfsm/spot_micro_transition_idle.cpp.o:(.data.rel.ro._ZTV28SpotMicroTransitionIdleState[_ZTV28SpotMicroTransitionIdleState]+0x50): undefined reference to `SpotMicroState::assignFilterValuesToBodyState(BodyStateFilters const&, smk::BodyState*)'
/usr/bin/ld: CMakeFiles/ik_test_node.dir/src/motion_cmd/smfsm/spot_micro_transition_idle.cpp.o:(.data.rel.ro._ZTV28SpotMicroTransitionIdleState[_ZTV28SpotMicroTransitionIdleState]+0x58): undefined reference to `SpotMicroState::checkBodyStateEquality(smk::BodyState const&, smk::BodyState const&, float)'
/usr/bin/ld: CMakeFiles/ik_test_node.dir/src/motion_cmd/smfsm/spot_micro_transition_idle.cpp.o:(.data.rel.ro._ZTI28SpotMicroTransitionIdleState[_ZTI28SpotMicroTransitionIdleState]+0x10): undefined reference to `typeinfo for SpotMicroState'
/usr/bin/ld: CMakeFiles/ik_test_node.dir/src/motion_cmd/smfsm/spot_micro_transition_stand.cpp.o: in function `SpotMicroTransitionStandState::SpotMicroTransitionStandState()':
spot_micro_transition_stand.cpp:(.text+0x10): undefined reference to `SpotMicroState::SpotMicroState()'
/usr/bin/ld: CMakeFiles/ik_test_node.dir/src/motion_cmd/smfsm/spot_micro_transition_stand.cpp.o: in function `SpotMicroTransitionStandState::~SpotMicroTransitionStandState()':
spot_micro_transition_stand.cpp:(.text+0x68): undefined reference to `SpotMicroState::~SpotMicroState()'
/usr/bin/ld: CMakeFiles/ik_test_node.dir/src/motion_cmd/smfsm/spot_micro_transition_stand.cpp.o: in function `SpotMicroTransitionStandState::handleInputCommands(smk::BodyState const&, SpotMicroNodeConfig const&, Command const&, SpotMicroMotionCmd*, smk::BodyState*)':
spot_micro_transition_stand.cpp:(.text+0x318): undefined reference to `SpotMicroState::changeState(SpotMicroMotionCmd*, std::unique_ptr<SpotMicroState, std::default_delete<SpotMicroState> >)'
/usr/bin/ld: CMakeFiles/ik_test_node.dir/src/motion_cmd/smfsm/spot_micro_transition_stand.cpp.o:(.data.rel.ro._ZTV29SpotMicroTransitionStandState[_ZTV29SpotMicroTransitionStandState]+0x38): undefined reference to `SpotMicroState::initBodyStateFilters(float, float, float, float, smk::BodyState const&, BodyStateFilters*)'
/usr/bin/ld: CMakeFiles/ik_test_node.dir/src/motion_cmd/smfsm/spot_micro_transition_stand.cpp.o:(.data.rel.ro._ZTV29SpotMicroTransitionStandState[_ZTV29SpotMicroTransitionStandState]+0x40): undefined reference to `SpotMicroState::setBodyStateFilterCommands(smk::BodyState const&, BodyStateFilters*)'
/usr/bin/ld: CMakeFiles/ik_test_node.dir/src/motion_cmd/smfsm/spot_micro_transition_stand.cpp.o:(.data.rel.ro._ZTV29SpotMicroTransitionStandState[_ZTV29SpotMicroTransitionStandState]+0x48): undefined reference to `SpotMicroState::runFilters(BodyStateFilters*)'
/usr/bin/ld: CMakeFiles/ik_test_node.dir/src/motion_cmd/smfsm/spot_micro_transition_stand.cpp.o:(.data.rel.ro._ZTV29SpotMicroTransitionStandState[_ZTV29SpotMicroTransitionStandState]+0x50): undefined reference to `SpotMicroState::assignFilterValuesToBodyState(BodyStateFilters const&, smk::BodyState*)'
/usr/bin/ld: CMakeFiles/ik_test_node.dir/src/motion_cmd/smfsm/spot_micro_transition_stand.cpp.o:(.data.rel.ro._ZTV29SpotMicroTransitionStandState[_ZTV29SpotMicroTransitionStandState]+0x58): undefined reference to `SpotMicroState::checkBodyStateEquality(smk::BodyState const&, smk::BodyState const&, float)'
/usr/bin/ld: CMakeFiles/ik_test_node.dir/src/motion_cmd/smfsm/spot_micro_transition_stand.cpp.o:(.data.rel.ro._ZTI29SpotMicroTransitionStandState[_ZTI29SpotMicroTransitionStandState]+0x10): undefined reference to `typeinfo for SpotMicroState'
/usr/bin/ld: CMakeFiles/ik_test_node.dir/src/motion_cmd/smfsm/spot_micro_walk.cpp.o: in function `SpotMicroWalkState::SpotMicroWalkState()':
spot_micro_walk.cpp:(.text+0x10): undefined reference to `SpotMicroState::SpotMicroState()'
/usr/bin/ld: CMakeFiles/ik_test_node.dir/src/motion_cmd/smfsm/spot_micro_walk.cpp.o: in function `SpotMicroWalkState::~SpotMicroWalkState()':
spot_micro_walk.cpp:(.text+0xa0): undefined reference to `SpotMicroState::~SpotMicroState()'
/usr/bin/ld: CMakeFiles/ik_test_node.dir/src/motion_cmd/smfsm/spot_micro_walk.cpp.o: in function `SpotMicroWalkState::handleInputCommands(smk::BodyState const&, SpotMicroNodeConfig const&, Command const&, SpotMicroMotionCmd*, smk::BodyState*)':
spot_micro_walk.cpp:(.text+0x198): undefined reference to `SpotMicroState::changeState(SpotMicroMotionCmd*, std::unique_ptr<SpotMicroState, std::default_delete<SpotMicroState> >)'
/usr/bin/ld: CMakeFiles/ik_test_node.dir/src/motion_cmd/smfsm/spot_micro_walk.cpp.o:(.data.rel.ro._ZTV18SpotMicroWalkState[_ZTV18SpotMicroWalkState]+0x38): undefined reference to `SpotMicroState::initBodyStateFilters(float, float, float, float, smk::BodyState const&, BodyStateFilters*)'
/usr/bin/ld: CMakeFiles/ik_test_node.dir/src/motion_cmd/smfsm/spot_micro_walk.cpp.o:(.data.rel.ro._ZTV18SpotMicroWalkState[_ZTV18SpotMicroWalkState]+0x40): undefined reference to `SpotMicroState::setBodyStateFilterCommands(smk::BodyState const&, BodyStateFilters*)'
/usr/bin/ld: CMakeFiles/ik_test_node.dir/src/motion_cmd/smfsm/spot_micro_walk.cpp.o:(.data.rel.ro._ZTV18SpotMicroWalkState[_ZTV18SpotMicroWalkState]+0x48): undefined reference to `SpotMicroState::runFilters(BodyStateFilters*)'
/usr/bin/ld: CMakeFiles/ik_test_node.dir/src/motion_cmd/smfsm/spot_micro_walk.cpp.o:(.data.rel.ro._ZTV18SpotMicroWalkState[_ZTV18SpotMicroWalkState]+0x50): undefined reference to `SpotMicroState::assignFilterValuesToBodyState(BodyStateFilters const&, smk::BodyState*)'
/usr/bin/ld: CMakeFiles/ik_test_node.dir/src/motion_cmd/smfsm/spot_micro_walk.cpp.o:(.data.rel.ro._ZTV18SpotMicroWalkState[_ZTV18SpotMicroWalkState]+0x58): undefined reference to `SpotMicroState::checkBodyStateEquality(smk::BodyState const&, smk::BodyState const&, float)'
/usr/bin/ld: CMakeFiles/ik_test_node.dir/src/motion_cmd/smfsm/spot_micro_walk.cpp.o:(.data.rel.ro._ZTI18SpotMicroWalkState[_ZTI18SpotMicroWalkState]+0x10): undefined reference to `typeinfo for SpotMicroState'
collect2: error: ld returned 1 exit status
gmake[2]: *** [CMakeFiles/ik_test_node.dir/build.make:377: ik_test_node] Error 1
gmake[1]: *** [CMakeFiles/Makefile2:137: CMakeFiles/ik_test_node.dir/all] Error 2
gmake: *** [Makefile:146: all] Error 2
