-- The C compiler identification is GNU 13.3.0
-- The CXX compiler identification is GNU 13.3.0
-- Detecting C compiler ABI info
-- Detecting C compiler ABI info - done
-- Check for working C compiler: /usr/bin/cc - skipped
-- Detecting C compile features
-- Detecting C compile features - done
-- Detecting CXX compiler ABI info
-- Detecting CXX compiler ABI info - done
-- Check for working CXX compiler: /usr/bin/c++ - skipped
-- Detecting CXX compile features
-- Detecting CXX compile features - done
-- Found ament_cmake: 2.5.6 (/opt/ros/jazzy/share/ament_cmake/cmake)
-- Found Python3: /usr/bin/python3 (found version "3.12.3") found components: Interpreter 
-- Found rclcpp: 28.1.18 (/opt/ros/jazzy/share/rclcpp/cmake)
-- Found rosidl_generator_c: 4.6.7 (/opt/ros/jazzy/share/rosidl_generator_c/cmake)
-- Found rosidl_generator_cpp: 4.6.7 (/opt/ros/jazzy/share/rosidl_generator_cpp/cmake)
-- Using all available rosidl_typesupport_c: rosidl_typesupport_fastrtps_c;rosidl_typesupport_introspection_c
-- Using all available rosidl_typesupport_cpp: rosidl_typesupport_fastrtps_cpp;rosidl_typesupport_introspection_cpp
-- Found rmw_implementation_cmake: 7.3.3 (/opt/ros/jazzy/share/rmw_implementation_cmake/cmake)
-- Found rmw_fastrtps_cpp: 8.4.3 (/opt/ros/jazzy/share/rmw_fastrtps_cpp/cmake)
-- Found OpenSSL: /usr/lib/aarch64-linux-gnu/libcrypto.so (found version "3.0.13")  
-- Found FastRTPS: /opt/ros/jazzy/include (Required is at least version "2.13") 
-- Using RMW implementation 'rmw_fastrtps_cpp' as default
-- Found std_msgs: 5.3.7 (/opt/ros/jazzy/share/std_msgs/cmake)
-- Found std_srvs: 5.3.7 (/opt/ros/jazzy/share/std_srvs/cmake)
-- Found i2c_pwm_board_msgs: 0.1.0 (/home/ubuntu/pi-dog_ws/install/i2c_pwm_board_msgs/share/i2c_pwm_board_msgs/cmake)
-- Found xmlrpcpp: 0.1.0 (/home/ubuntu/pi-dog_ws/install/xmlrpcpp/share/xmlrpcpp/cmake)
-- Found geometry_msgs: 5.3.7 (/opt/ros/jazzy/share/geometry_msgs/cmake)
-- Found i2c_pwm_board_xmlrp: 0.0.0 (/home/ubuntu/pi-dog_ws/install/i2c_pwm_board_xmlrp/share/i2c_pwm_board_xmlrp/cmake)
-- Configuring done (1.7s)
-- Generating done (0.0s)
-- Build files have been written to: /home/ubuntu/pi-dog_ws/build/i2c_pwm_board
[ 75%] [32mBuilding CXX object CMakeFiles/node.dir/src/board_controller.cc.o[0m
[ 75%] [32mBuilding CXX object CMakeFiles/node.dir/src/board.cc.o[0m
[ 75%] [32mBuilding CXX object CMakeFiles/node.dir/src/board_handler.cc.o[0m
[100%] [32m[1mLinking CXX executable node[0m
[100%] Built target node
-- Install configuration: ""
-- Installing: /home/ubuntu/pi-dog_ws/install/i2c_pwm_board/lib/i2c_pwm_board/node
-- Set non-toolchain portion of runtime path of "/home/ubuntu/pi-dog_ws/install/i2c_pwm_board/lib/i2c_pwm_board/node" to ""
-- Installing: /home/ubuntu/pi-dog_ws/install/i2c_pwm_board/include/
-- Installing: /home/ubuntu/pi-dog_ws/install/i2c_pwm_board/include//board_controller.h
-- Installing: /home/ubuntu/pi-dog_ws/install/i2c_pwm_board/include//board_handler.h
-- Installing: /home/ubuntu/pi-dog_ws/install/i2c_pwm_board/share/ament_index/resource_index/package_run_dependencies/i2c_pwm_board
-- Installing: /home/ubuntu/pi-dog_ws/install/i2c_pwm_board/share/ament_index/resource_index/parent_prefix_path/i2c_pwm_board
-- Installing: /home/ubuntu/pi-dog_ws/install/i2c_pwm_board/share/i2c_pwm_board/environment/ament_prefix_path.sh
-- Installing: /home/ubuntu/pi-dog_ws/install/i2c_pwm_board/share/i2c_pwm_board/environment/ament_prefix_path.dsv
-- Installing: /home/ubuntu/pi-dog_ws/install/i2c_pwm_board/share/i2c_pwm_board/environment/path.sh
-- Installing: /home/ubuntu/pi-dog_ws/install/i2c_pwm_board/share/i2c_pwm_board/environment/path.dsv
-- Installing: /home/ubuntu/pi-dog_ws/install/i2c_pwm_board/share/i2c_pwm_board/local_setup.bash
-- Installing: /home/ubuntu/pi-dog_ws/install/i2c_pwm_board/share/i2c_pwm_board/local_setup.sh
-- Installing: /home/ubuntu/pi-dog_ws/install/i2c_pwm_board/share/i2c_pwm_board/local_setup.zsh
-- Installing: /home/ubuntu/pi-dog_ws/install/i2c_pwm_board/share/i2c_pwm_board/local_setup.dsv
-- Installing: /home/ubuntu/pi-dog_ws/install/i2c_pwm_board/share/i2c_pwm_board/package.dsv
-- Installing: /home/ubuntu/pi-dog_ws/install/i2c_pwm_board/share/ament_index/resource_index/packages/i2c_pwm_board
-- Installing: /home/ubuntu/pi-dog_ws/install/i2c_pwm_board/share/i2c_pwm_board/cmake/i2c_pwm_boardConfig.cmake
-- Installing: /home/ubuntu/pi-dog_ws/install/i2c_pwm_board/share/i2c_pwm_board/cmake/i2c_pwm_boardConfig-version.cmake
-- Installing: /home/ubuntu/pi-dog_ws/install/i2c_pwm_board/share/i2c_pwm_board/package.xml
