-- The C compiler identification is GNU 13.3.0
-- The CXX compiler identification is GNU 13.3.0
-- Detecting C compiler ABI info
-- Detecting C compiler ABI info - done
-- Check for working C compiler: /usr/bin/cc - skipped
-- Detecting C compile features
-- Detecting C compile features - done
-- Detecting CXX compiler ABI info
-- Detecting CXX compiler ABI info - done
-- Check for working CXX compiler: /usr/bin/c++ - skipped
-- Detecting CXX compile features
-- Detecting CXX compile features - done
-- Found ament_cmake: 2.5.6 (/opt/ros/jazzy/share/ament_cmake/cmake)
-- Found Python3: /usr/bin/python3 (found version "3.12.3") found components: Interpreter 
-- Found rclcpp: 28.1.18 (/opt/ros/jazzy/share/rclcpp/cmake)
-- Found rosidl_generator_c: 4.6.7 (/opt/ros/jazzy/share/rosidl_generator_c/cmake)
-- Found rosidl_generator_cpp: 4.6.7 (/opt/ros/jazzy/share/rosidl_generator_cpp/cmake)
-- Using all available rosidl_typesupport_c: rosidl_typesupport_fastrtps_c;rosidl_typesupport_introspection_c
-- Using all available rosidl_typesupport_cpp: rosidl_typesupport_fastrtps_cpp;rosidl_typesupport_introspection_cpp
-- Found rmw_implementation_cmake: 7.3.3 (/opt/ros/jazzy/share/rmw_implementation_cmake/cmake)
-- Found rmw_fastrtps_cpp: 8.4.3 (/opt/ros/jazzy/share/rmw_fastrtps_cpp/cmake)
-- Found OpenSSL: /usr/lib/aarch64-linux-gnu/libcrypto.so (found version "3.0.13")  
-- Found FastRTPS: /opt/ros/jazzy/include (Required is at least version "2.13") 
-- Using RMW implementation 'rmw_fastrtps_cpp' as default
-- Found xmlrpcpp: 0.1.0 (/home/ubuntu/pi-dog_ws/install/xmlrpcpp/share/xmlrpcpp/cmake)
-- Configuring done (1.5s)
-- Generating done (0.0s)
-- Build files have been written to: /home/ubuntu/pi-dog_ws/build/i2c_pwm_board_xmlrp
[ 50%] [32mBuilding CXX object CMakeFiles/i2c_pwm_board_xmlrp_lib.dir/src/xmlrp.cc.o[0m
[100%] [32m[1mLinking CXX static library libi2c_pwm_board_xmlrp_lib.a[0m
[100%] Built target i2c_pwm_board_xmlrp_lib
-- Install configuration: ""
-- Installing: /home/ubuntu/pi-dog_ws/install/i2c_pwm_board_xmlrp/lib/libi2c_pwm_board_xmlrp_lib.a
-- Installing: /home/ubuntu/pi-dog_ws/install/i2c_pwm_board_xmlrp/include/
-- Installing: /home/ubuntu/pi-dog_ws/install/i2c_pwm_board_xmlrp/include//xmlrp
-- Installing: /home/ubuntu/pi-dog_ws/install/i2c_pwm_board_xmlrp/include//xmlrp/xmlrp.h
-- Installing: /home/ubuntu/pi-dog_ws/install/i2c_pwm_board_xmlrp/share/i2c_pwm_board_xmlrp/environment/library_path.sh
-- Installing: /home/ubuntu/pi-dog_ws/install/i2c_pwm_board_xmlrp/share/i2c_pwm_board_xmlrp/environment/library_path.dsv
-- Installing: /home/ubuntu/pi-dog_ws/install/i2c_pwm_board_xmlrp/share/ament_index/resource_index/package_run_dependencies/i2c_pwm_board_xmlrp
-- Installing: /home/ubuntu/pi-dog_ws/install/i2c_pwm_board_xmlrp/share/ament_index/resource_index/parent_prefix_path/i2c_pwm_board_xmlrp
-- Installing: /home/ubuntu/pi-dog_ws/install/i2c_pwm_board_xmlrp/share/i2c_pwm_board_xmlrp/environment/ament_prefix_path.sh
-- Installing: /home/ubuntu/pi-dog_ws/install/i2c_pwm_board_xmlrp/share/i2c_pwm_board_xmlrp/environment/ament_prefix_path.dsv
-- Installing: /home/ubuntu/pi-dog_ws/install/i2c_pwm_board_xmlrp/share/i2c_pwm_board_xmlrp/environment/path.sh
-- Installing: /home/ubuntu/pi-dog_ws/install/i2c_pwm_board_xmlrp/share/i2c_pwm_board_xmlrp/environment/path.dsv
-- Installing: /home/ubuntu/pi-dog_ws/install/i2c_pwm_board_xmlrp/share/i2c_pwm_board_xmlrp/local_setup.bash
-- Installing: /home/ubuntu/pi-dog_ws/install/i2c_pwm_board_xmlrp/share/i2c_pwm_board_xmlrp/local_setup.sh
-- Installing: /home/ubuntu/pi-dog_ws/install/i2c_pwm_board_xmlrp/share/i2c_pwm_board_xmlrp/local_setup.zsh
-- Installing: /home/ubuntu/pi-dog_ws/install/i2c_pwm_board_xmlrp/share/i2c_pwm_board_xmlrp/local_setup.dsv
-- Installing: /home/ubuntu/pi-dog_ws/install/i2c_pwm_board_xmlrp/share/i2c_pwm_board_xmlrp/package.dsv
-- Installing: /home/ubuntu/pi-dog_ws/install/i2c_pwm_board_xmlrp/share/ament_index/resource_index/packages/i2c_pwm_board_xmlrp
-- Installing: /home/ubuntu/pi-dog_ws/install/i2c_pwm_board_xmlrp/share/i2c_pwm_board_xmlrp/cmake/ament_cmake_export_include_directories-extras.cmake
-- Installing: /home/ubuntu/pi-dog_ws/install/i2c_pwm_board_xmlrp/share/i2c_pwm_board_xmlrp/cmake/ament_cmake_export_libraries-extras.cmake
-- Installing: /home/ubuntu/pi-dog_ws/install/i2c_pwm_board_xmlrp/share/i2c_pwm_board_xmlrp/cmake/ament_cmake_export_dependencies-extras.cmake
-- Installing: /home/ubuntu/pi-dog_ws/install/i2c_pwm_board_xmlrp/share/i2c_pwm_board_xmlrp/cmake/i2c_pwm_board_xmlrpConfig.cmake
-- Installing: /home/ubuntu/pi-dog_ws/install/i2c_pwm_board_xmlrp/share/i2c_pwm_board_xmlrp/cmake/i2c_pwm_board_xmlrpConfig-version.cmake
-- Installing: /home/ubuntu/pi-dog_ws/install/i2c_pwm_board_xmlrp/share/i2c_pwm_board_xmlrp/package.xml
