[0.015s] Invoking command in '/home/ubuntu/pi-dog_ws/build/quadruped_controller': CMAKE_PREFIX_PATH=${CMAKE_PREFIX_PATH}:/opt/ros/jazzy /usr/bin/cmake --build /home/ubuntu/pi-dog_ws/build/quadruped_controller -- -j4 -l4
[0.059s] -- Found ament_cmake: 2.5.6 (/opt/ros/jazzy/share/ament_cmake/cmake)
[0.383s] -- Found rclcpp: 28.1.18 (/opt/ros/jazzy/share/rclcpp/cmake)
[0.414s] -- Found rosidl_generator_c: 4.6.7 (/opt/ros/jazzy/share/rosidl_generator_c/cmake)
[0.427s] -- Found rosidl_generator_cpp: 4.6.7 (/opt/ros/jazzy/share/rosidl_generator_cpp/cmake)
[0.444s] -- Using all available rosidl_typesupport_c: rosidl_typesupport_fastrtps_c;rosidl_typesupport_introspection_c
[0.463s] -- Using all available rosidl_typesupport_cpp: rosidl_typesupport_fastrtps_cpp;rosidl_typesupport_introspection_cpp
[0.546s] -- Found rmw_implementation_cmake: 7.3.3 (/opt/ros/jazzy/share/rmw_implementation_cmake/cmake)
[0.548s] -- Found rmw_fastrtps_cpp: 8.4.3 (/opt/ros/jazzy/share/rmw_fastrtps_cpp/cmake)
[0.636s] -- Using RMW implementation 'rmw_fastrtps_cpp' as default
[0.716s] -- Found std_msgs: 5.3.7 (/opt/ros/jazzy/share/std_msgs/cmake)
[0.733s] -- Found i2c_pwm_board_msgs: 0.1.0 (/home/ubuntu/pi-dog_ws/install/i2c_pwm_board_msgs/share/i2c_pwm_board_msgs/cmake)
[0.755s] -- Found geometry_msgs: 5.3.7 (/opt/ros/jazzy/share/geometry_msgs/cmake)
[0.774s] -- Found tf2: 0.36.20 (/opt/ros/jazzy/share/tf2/cmake)
[0.778s] -- Found tf2_ros: 0.36.20 (/opt/ros/jazzy/share/tf2_ros/cmake)
[0.916s] -- Found tf2_eigen: 0.36.20 (/opt/ros/jazzy/share/tf2_eigen/cmake)
[0.921s] -- Found tf2_geometry_msgs: 0.36.20 (/opt/ros/jazzy/share/tf2_geometry_msgs/cmake)
[0.925s] -- Found eigen3_cmake_module: 0.3.0 (/opt/ros/jazzy/share/eigen3_cmake_module/cmake)
[0.927s] -- Ensuring Eigen3 include directory is part of orocos-kdl CMake target
[0.936s] -- Found ament_lint_auto: 0.17.5 (/opt/ros/jazzy/share/ament_lint_auto/cmake)
[1.085s] -- Added test 'cppcheck' to perform static code analysis on C / C++ code
[1.086s] -- Configured cppcheck include dirs: /home/ubuntu/pi-dog_ws/src/quadruped_controller/include;/home/ubuntu/pi-dog_ws/src/quadruped_controller/include/spot_micro_motion_cmd;/home/ubuntu/pi-dog_ws/src/quadruped_controller/src/motion_cmd/smfsm;$<BUILD_INTERFACE:/home/ubuntu/pi-dog_ws/src/quadruped_controller/include>
[1.086s] -- Configured cppcheck exclude dirs and/or files: 
[1.087s] -- Added test 'flake8' to check Python code syntax and style conventions
[1.087s] -- Configured 'flake8' exclude dirs and/or files: 
[1.088s] -- Added test 'lint_cmake' to check CMake code style
[1.089s] -- Added test 'pep257' to check Python code against some of the docstring style conventions in PEP 257
[1.092s] -- Added test 'uncrustify' to check C / C++ code style
[1.092s] -- Configured uncrustify additional arguments: 
[1.092s] -- Added test 'xmllint' to check XML markup files
[1.094s] -- Configuring done (1.0s)
[1.145s] -- Generating done (0.0s)
[1.164s] -- Build files have been written to: /home/ubuntu/pi-dog_ws/build/quadruped_controller
[1.348s] [100%] Built target ik_test_node
[1.367s] Invoked command in '/home/ubuntu/pi-dog_ws/build/quadruped_controller' returned '0': CMAKE_PREFIX_PATH=${CMAKE_PREFIX_PATH}:/opt/ros/jazzy /usr/bin/cmake --build /home/ubuntu/pi-dog_ws/build/quadruped_controller -- -j4 -l4
[1.384s] Invoking command in '/home/ubuntu/pi-dog_ws/build/quadruped_controller': CMAKE_PREFIX_PATH=${CMAKE_PREFIX_PATH}:/opt/ros/jazzy /usr/bin/cmake --install /home/ubuntu/pi-dog_ws/build/quadruped_controller
[1.397s] -- Install configuration: ""
[1.398s] -- Up-to-date: /home/ubuntu/pi-dog_ws/install/quadruped_controller/lib/quadruped_controller/ik_test_node
[1.398s] -- Installing: /home/ubuntu/pi-dog_ws/install/quadruped_controller/share/quadruped_controller/launch
[1.398s] -- Installing: /home/ubuntu/pi-dog_ws/install/quadruped_controller/share/quadruped_controller/launch/run_robot.launch.py
[1.398s] -- Installing: /home/ubuntu/pi-dog_ws/install/quadruped_controller/share/quadruped_controller/config
[1.398s] -- Installing: /home/ubuntu/pi-dog_ws/install/quadruped_controller/share/quadruped_controller/config/spot_micro_config.yaml
[1.399s] -- Up-to-date: /home/ubuntu/pi-dog_ws/install/quadruped_controller/share/ament_index/resource_index/package_run_dependencies/quadruped_controller
[1.399s] -- Installing: /home/ubuntu/pi-dog_ws/install/quadruped_controller/share/ament_index/resource_index/parent_prefix_path/quadruped_controller
[1.399s] -- Up-to-date: /home/ubuntu/pi-dog_ws/install/quadruped_controller/share/quadruped_controller/environment/ament_prefix_path.sh
[1.400s] -- Up-to-date: /home/ubuntu/pi-dog_ws/install/quadruped_controller/share/quadruped_controller/environment/ament_prefix_path.dsv
[1.400s] -- Up-to-date: /home/ubuntu/pi-dog_ws/install/quadruped_controller/share/quadruped_controller/environment/path.sh
[1.400s] -- Up-to-date: /home/ubuntu/pi-dog_ws/install/quadruped_controller/share/quadruped_controller/environment/path.dsv
[1.400s] -- Up-to-date: /home/ubuntu/pi-dog_ws/install/quadruped_controller/share/quadruped_controller/local_setup.bash
[1.400s] -- Up-to-date: /home/ubuntu/pi-dog_ws/install/quadruped_controller/share/quadruped_controller/local_setup.sh
[1.400s] -- Up-to-date: /home/ubuntu/pi-dog_ws/install/quadruped_controller/share/quadruped_controller/local_setup.zsh
[1.400s] -- Up-to-date: /home/ubuntu/pi-dog_ws/install/quadruped_controller/share/quadruped_controller/local_setup.dsv
[1.400s] -- Installing: /home/ubuntu/pi-dog_ws/install/quadruped_controller/share/quadruped_controller/package.dsv
[1.400s] -- Up-to-date: /home/ubuntu/pi-dog_ws/install/quadruped_controller/share/ament_index/resource_index/packages/quadruped_controller
[1.401s] -- Up-to-date: /home/ubuntu/pi-dog_ws/install/quadruped_controller/share/quadruped_controller/cmake/quadruped_controllerConfig.cmake
[1.401s] -- Up-to-date: /home/ubuntu/pi-dog_ws/install/quadruped_controller/share/quadruped_controller/cmake/quadruped_controllerConfig-version.cmake
[1.401s] -- Up-to-date: /home/ubuntu/pi-dog_ws/install/quadruped_controller/share/quadruped_controller/package.xml
[1.404s] Invoked command in '/home/ubuntu/pi-dog_ws/build/quadruped_controller' returned '0': CMAKE_PREFIX_PATH=${CMAKE_PREFIX_PATH}:/opt/ros/jazzy /usr/bin/cmake --install /home/ubuntu/pi-dog_ws/build/quadruped_controller
