-- Found ament_cmake: 2.5.6 (/opt/ros/jazzy/share/ament_cmake/cmake)
-- Found Python3: /usr/bin/python3 (found version "3.12.3") found components: Interpreter 
-- Found rclcpp: 28.1.18 (/opt/ros/jazzy/share/rclcpp/cmake)
-- Found rosidl_generator_c: 4.6.7 (/opt/ros/jazzy/share/rosidl_generator_c/cmake)
-- Found rosidl_generator_cpp: 4.6.7 (/opt/ros/jazzy/share/rosidl_generator_cpp/cmake)
-- Using all available rosidl_typesupport_c: rosidl_typesupport_fastrtps_c;rosidl_typesupport_introspection_c
-- Using all available rosidl_typesupport_cpp: rosidl_typesupport_fastrtps_cpp;rosidl_typesupport_introspection_cpp
-- Found rmw_implementation_cmake: 7.3.3 (/opt/ros/jazzy/share/rmw_implementation_cmake/cmake)
-- Found rmw_fastrtps_cpp: 8.4.3 (/opt/ros/jazzy/share/rmw_fastrtps_cpp/cmake)
-- Found OpenSSL: /usr/lib/aarch64-linux-gnu/libcrypto.so (found version "3.0.13")  
-- Found FastRTPS: /opt/ros/jazzy/include (Required is at least version "2.13") 
-- Using RMW implementation 'rmw_fastrtps_cpp' as default
-- Found std_msgs: 5.3.7 (/opt/ros/jazzy/share/std_msgs/cmake)
-- Found ament_lint_auto: 0.17.5 (/opt/ros/jazzy/share/ament_lint_auto/cmake)
-- Added test 'cppcheck' to perform static code analysis on C / C++ code
-- Configured cppcheck include dirs: /home/ubuntu/pi-dog_ws/src/quadruped_controller/include
-- Configured cppcheck exclude dirs and/or files: 
-- Added test 'lint_cmake' to check CMake code style
-- Added test 'uncrustify' to check C / C++ code style
-- Configured uncrustify additional arguments: 
-- Added test 'xmllint' to check XML markup files
-- Configuring done (1.4s)
-- Generating done (0.0s)
-- Build files have been written to: /home/ubuntu/pi-dog_ws/src/build/quadruped_controller
[ 66%] [32mBuilding CXX object CMakeFiles/ik_test_node.dir/src/main.cpp.o[0m
[ 66%] [32mBuilding CXX object CMakeFiles/ik_test_node.dir/src/spot_micro_kinematics.cpp.o[0m
[01m[K/home/ubuntu/pi-dog_ws/src/quadruped_controller/src/spot_micro_kinematics.cpp:3:10:[m[K [01;31m[Kfatal error: [m[Kspot_micro_kinematics/utils.h: No such file or directory
    3 | #include [01;31m[K"spot_micro_kinematics/utils.h"[m[K
      |          [01;31m[K^~~~~~~~~~~~~~~~~~~~~~~~~~~~~~~[m[K
compilation terminated.
gmake[2]: *** [CMakeFiles/ik_test_node.dir/build.make:90: CMakeFiles/ik_test_node.dir/src/spot_micro_kinematics.cpp.o] Error 1
gmake[2]: *** Waiting for unfinished jobs....
In file included from [01m[K/home/ubuntu/pi-dog_ws/src/quadruped_controller/src/main.cpp:2[m[K:
[01m[K/home/ubuntu/pi-dog_ws/src/quadruped_controller/include/spot_micro_kinematics.h:5:10:[m[K [01;31m[Kfatal error: [m[Kspot_micro_kinematics/utils.h: No such file or directory
    5 | #include [01;31m[K"spot_micro_kinematics/utils.h"[m[K
      |          [01;31m[K^~~~~~~~~~~~~~~~~~~~~~~~~~~~~~~[m[K
compilation terminated.
gmake[2]: *** [CMakeFiles/ik_test_node.dir/build.make:76: CMakeFiles/ik_test_node.dir/src/main.cpp.o] Error 1
gmake[1]: *** [CMakeFiles/Makefile2:137: CMakeFiles/ik_test_node.dir/all] Error 2
gmake: *** [Makefile:146: all] Error 2
