[0.014s] Invoking command in '/home/ubuntu/pi-dog_ws/src/build/quadruped_controller': CMAKE_PREFIX_PATH=/opt/ros/jazzy /usr/bin/cmake /home/ubuntu/pi-dog_ws/src/quadruped_controller -DCMAKE_INSTALL_PREFIX=/home/ubuntu/pi-dog_ws/src/install/quadruped_controller
[0.044s] -- Found ament_cmake: 2.5.6 (/opt/ros/jazzy/share/ament_cmake/cmake)
[0.265s] -- Found Python3: /usr/bin/python3 (found version "3.12.3") found components: Interpreter 
[0.455s] -- Found rclcpp: 28.1.18 (/opt/ros/jazzy/share/rclcpp/cmake)
[0.533s] -- Found rosidl_generator_c: 4.6.7 (/opt/ros/jazzy/share/rosidl_generator_c/cmake)
[0.560s] -- Found rosidl_generator_cpp: 4.6.7 (/opt/ros/jazzy/share/rosidl_generator_cpp/cmake)
[0.598s] -- Using all available rosidl_typesupport_c: rosidl_typesupport_fastrtps_c;rosidl_typesupport_introspection_c
[0.635s] -- Using all available rosidl_typesupport_cpp: rosidl_typesupport_fastrtps_cpp;rosidl_typesupport_introspection_cpp
[0.803s] -- Found rmw_implementation_cmake: 7.3.3 (/opt/ros/jazzy/share/rmw_implementation_cmake/cmake)
[0.810s] -- Found rmw_fastrtps_cpp: 8.4.3 (/opt/ros/jazzy/share/rmw_fastrtps_cpp/cmake)
[0.967s] -- Found OpenSSL: /usr/lib/aarch64-linux-gnu/libcrypto.so (found version "3.0.13")  
[0.994s] -- Found FastRTPS: /opt/ros/jazzy/include (Required is at least version "2.13") 
[1.027s] -- Using RMW implementation 'rmw_fastrtps_cpp' as default
[1.162s] -- Found std_msgs: 5.3.7 (/opt/ros/jazzy/share/std_msgs/cmake)
[1.195s] -- Found ament_lint_auto: 0.17.5 (/opt/ros/jazzy/share/ament_lint_auto/cmake)
[1.373s] -- Added test 'cppcheck' to perform static code analysis on C / C++ code
[1.373s] -- Configured cppcheck include dirs: /home/ubuntu/pi-dog_ws/src/quadruped_controller/include
[1.373s] -- Configured cppcheck exclude dirs and/or files: 
[1.375s] -- Added test 'lint_cmake' to check CMake code style
[1.377s] -- Added test 'uncrustify' to check C / C++ code style
[1.377s] -- Configured uncrustify additional arguments: 
[1.378s] -- Added test 'xmllint' to check XML markup files
[1.381s] -- Configuring done (1.4s)
[1.400s] -- Generating done (0.0s)
[1.406s] -- Build files have been written to: /home/ubuntu/pi-dog_ws/src/build/quadruped_controller
[1.418s] Invoked command in '/home/ubuntu/pi-dog_ws/src/build/quadruped_controller' returned '0': CMAKE_PREFIX_PATH=/opt/ros/jazzy /usr/bin/cmake /home/ubuntu/pi-dog_ws/src/quadruped_controller -DCMAKE_INSTALL_PREFIX=/home/ubuntu/pi-dog_ws/src/install/quadruped_controller
[1.421s] Invoking command in '/home/ubuntu/pi-dog_ws/src/build/quadruped_controller': CMAKE_PREFIX_PATH=/opt/ros/jazzy /usr/bin/cmake --build /home/ubuntu/pi-dog_ws/src/build/quadruped_controller -- -j4 -l4
[1.503s] [ 66%] [32mBuilding CXX object CMakeFiles/ik_test_node.dir/src/main.cpp.o[0m
[1.503s] [ 66%] [32mBuilding CXX object CMakeFiles/ik_test_node.dir/src/spot_micro_kinematics.cpp.o[0m
[1.911s] [01m[K/home/ubuntu/pi-dog_ws/src/quadruped_controller/src/spot_micro_kinematics.cpp:3:10:[m[K [01;31m[Kfatal error: [m[Kspot_micro_kinematics/utils.h: No such file or directory
[1.912s]     3 | #include [01;31m[K"spot_micro_kinematics/utils.h"[m[K
[1.912s]       |          [01;31m[K^~~~~~~~~~~~~~~~~~~~~~~~~~~~~~~[m[K
[1.912s] compilation terminated.
[1.922s] gmake[2]: *** [CMakeFiles/ik_test_node.dir/build.make:90: CMakeFiles/ik_test_node.dir/src/spot_micro_kinematics.cpp.o] Error 1
[1.922s] gmake[2]: *** Waiting for unfinished jobs....
[2.421s] In file included from [01m[K/home/ubuntu/pi-dog_ws/src/quadruped_controller/src/main.cpp:2[m[K:
[2.421s] [01m[K/home/ubuntu/pi-dog_ws/src/quadruped_controller/include/spot_micro_kinematics.h:5:10:[m[K [01;31m[Kfatal error: [m[Kspot_micro_kinematics/utils.h: No such file or directory
[2.421s]     5 | #include [01;31m[K"spot_micro_kinematics/utils.h"[m[K
[2.421s]       |          [01;31m[K^~~~~~~~~~~~~~~~~~~~~~~~~~~~~~~[m[K
[2.421s] compilation terminated.
[2.429s] gmake[2]: *** [CMakeFiles/ik_test_node.dir/build.make:76: CMakeFiles/ik_test_node.dir/src/main.cpp.o] Error 1
[2.429s] gmake[1]: *** [CMakeFiles/Makefile2:137: CMakeFiles/ik_test_node.dir/all] Error 2
[2.430s] gmake: *** [Makefile:146: all] Error 2
[2.433s] Invoked command in '/home/ubuntu/pi-dog_ws/src/build/quadruped_controller' returned '2': CMAKE_PREFIX_PATH=/opt/ros/jazzy /usr/bin/cmake --build /home/ubuntu/pi-dog_ws/src/build/quadruped_controller -- -j4 -l4
