[0.021s] Invoking command in '/home/ubuntu/pi-dog_ws/src/build/quadruped_controller': /usr/bin/cmake /home/ubuntu/pi-dog_ws/src/quadruped_controller -DCMAKE_INSTALL_PREFIX=/home/ubuntu/pi-dog_ws/src/install/quadruped_controller
[0.392s] -- The C compiler identification is GNU 13.3.0
[0.657s] -- The CXX compiler identification is GNU 13.3.0
[0.698s] -- Detecting C compiler ABI info
[0.875s] -- Detecting C compiler ABI info - done
[0.890s] -- Check for working C compiler: /usr/bin/cc - skipped
[0.891s] -- Detecting C compile features
[0.893s] -- Detecting C compile features - done
[0.927s] -- Detecting CXX compiler ABI info
[1.094s] -- Detecting CXX compiler ABI info - done
[1.110s] -- Check for working CXX compiler: /usr/bin/c++ - skipped
[1.110s] -- Detecting CXX compile features
[1.111s] -- Detecting CXX compile features - done
[1.117s] [31mCMake Error at CMakeLists.txt:9 (find_package):
[1.117s]   By not providing "Findament_cmake.cmake" in CMAKE_MODULE_PATH this project
[1.117s]   has asked CMake to find a package configuration file provided by
[1.117s]   "ament_cmake", but CMake did not find one.
[1.117s] 
[1.117s]   Could not find a package configuration file provided by "ament_cmake" with
[1.117s]   any of the following names:
[1.117s] 
[1.117s]     ament_cmakeConfig.cmake
[1.117s]     ament_cmake-config.cmake
[1.117s] 
[1.117s]   Add the installation prefix of "ament_cmake" to CMAKE_PREFIX_PATH or set
[1.117s]   "ament_cmake_DIR" to a directory containing one of the above files.  If
[1.118s]   "ament_cmake" provides a separate development package or SDK, be sure it
[1.118s]   has been installed.
[1.118s] 
[1.118s] [0m
[1.118s] -- Configuring incomplete, errors occurred!
[1.123s] Invoked command in '/home/ubuntu/pi-dog_ws/src/build/quadruped_controller' returned '1': /usr/bin/cmake /home/ubuntu/pi-dog_ws/src/quadruped_controller -DCMAKE_INSTALL_PREFIX=/home/ubuntu/pi-dog_ws/src/install/quadruped_controller
