[0.015s] Invoking command in '/home/ubuntu/pi-dog_ws/build/quadruped_controller': CMAKE_PREFIX_PATH=/opt/ros/jazzy /usr/bin/cmake --build /home/ubuntu/pi-dog_ws/build/quadruped_controller -- -j4 -l4
[0.165s] [100%] Built target ik_test_node
[0.183s] Invoked command in '/home/ubuntu/pi-dog_ws/build/quadruped_controller' returned '0': CMAKE_PREFIX_PATH=/opt/ros/jazzy /usr/bin/cmake --build /home/ubuntu/pi-dog_ws/build/quadruped_controller -- -j4 -l4
[0.200s] Invoking command in '/home/ubuntu/pi-dog_ws/build/quadruped_controller': CMAKE_PREFIX_PATH=/opt/ros/jazzy /usr/bin/cmake --install /home/ubuntu/pi-dog_ws/build/quadruped_controller
[0.214s] -- Install configuration: ""
[0.214s] -- Up-to-date: /home/ubuntu/pi-dog_ws/install/quadruped_controller/lib/quadruped_controller/ik_test_node
[0.214s] -- Up-to-date: /home/ubuntu/pi-dog_ws/install/quadruped_controller/share/ament_index/resource_index/package_run_dependencies/quadruped_controller
[0.214s] -- Up-to-date: /home/ubuntu/pi-dog_ws/install/quadruped_controller/share/ament_index/resource_index/parent_prefix_path/quadruped_controller
[0.214s] -- Up-to-date: /home/ubuntu/pi-dog_ws/install/quadruped_controller/share/quadruped_controller/environment/ament_prefix_path.sh
[0.215s] -- Up-to-date: /home/ubuntu/pi-dog_ws/install/quadruped_controller/share/quadruped_controller/environment/ament_prefix_path.dsv
[0.215s] -- Up-to-date: /home/ubuntu/pi-dog_ws/install/quadruped_controller/share/quadruped_controller/environment/path.sh
[0.215s] -- Up-to-date: /home/ubuntu/pi-dog_ws/install/quadruped_controller/share/quadruped_controller/environment/path.dsv
[0.215s] -- Up-to-date: /home/ubuntu/pi-dog_ws/install/quadruped_controller/share/quadruped_controller/local_setup.bash
[0.215s] -- Up-to-date: /home/ubuntu/pi-dog_ws/install/quadruped_controller/share/quadruped_controller/local_setup.sh
[0.215s] -- Up-to-date: /home/ubuntu/pi-dog_ws/install/quadruped_controller/share/quadruped_controller/local_setup.zsh
[0.215s] -- Up-to-date: /home/ubuntu/pi-dog_ws/install/quadruped_controller/share/quadruped_controller/local_setup.dsv
[0.215s] -- Installing: /home/ubuntu/pi-dog_ws/install/quadruped_controller/share/quadruped_controller/package.dsv
[0.216s] -- Up-to-date: /home/ubuntu/pi-dog_ws/install/quadruped_controller/share/ament_index/resource_index/packages/quadruped_controller
[0.216s] -- Up-to-date: /home/ubuntu/pi-dog_ws/install/quadruped_controller/share/quadruped_controller/cmake/quadruped_controllerConfig.cmake
[0.216s] -- Up-to-date: /home/ubuntu/pi-dog_ws/install/quadruped_controller/share/quadruped_controller/cmake/quadruped_controllerConfig-version.cmake
[0.216s] -- Up-to-date: /home/ubuntu/pi-dog_ws/install/quadruped_controller/share/quadruped_controller/package.xml
[0.218s] Invoked command in '/home/ubuntu/pi-dog_ws/build/quadruped_controller' returned '0': CMAKE_PREFIX_PATH=/opt/ros/jazzy /usr/bin/cmake --install /home/ubuntu/pi-dog_ws/build/quadruped_controller
