[0.017s] Invoking command in '/home/ubuntu/pi-dog_ws/build/quadruped_controller': CMAKE_PREFIX_PATH=${CMAKE_PREFIX_PATH}:/opt/ros/jazzy /usr/bin/cmake --build /home/ubuntu/pi-dog_ws/build/quadruped_controller -- -j4 -l4
[0.144s] [100%] Built target ik_test_node
[0.164s] Invoked command in '/home/ubuntu/pi-dog_ws/build/quadruped_controller' returned '0': CMAKE_PREFIX_PATH=${CMAKE_PREFIX_PATH}:/opt/ros/jazzy /usr/bin/cmake --build /home/ubuntu/pi-dog_ws/build/quadruped_controller -- -j4 -l4
[0.182s] Invoking command in '/home/ubuntu/pi-dog_ws/build/quadruped_controller': CMAKE_PREFIX_PATH=${CMAKE_PREFIX_PATH}:/opt/ros/jazzy /usr/bin/cmake --install /home/ubuntu/pi-dog_ws/build/quadruped_controller
[0.195s] -- Install configuration: ""
[0.195s] -- Up-to-date: /home/ubuntu/pi-dog_ws/install/quadruped_controller/lib/quadruped_controller/ik_test_node
[0.195s] -- Up-to-date: /home/ubuntu/pi-dog_ws/install/quadruped_controller/share/quadruped_controller/launch
[0.195s] -- Up-to-date: /home/ubuntu/pi-dog_ws/install/quadruped_controller/share/quadruped_controller/launch/run_robot.launch.py
[0.195s] -- Up-to-date: /home/ubuntu/pi-dog_ws/install/quadruped_controller/share/quadruped_controller/config
[0.196s] -- Installing: /home/ubuntu/pi-dog_ws/install/quadruped_controller/share/quadruped_controller/config/spot_micro_config.yaml
[0.196s] -- Up-to-date: /home/ubuntu/pi-dog_ws/install/quadruped_controller/share/ament_index/resource_index/package_run_dependencies/quadruped_controller
[0.196s] -- Up-to-date: /home/ubuntu/pi-dog_ws/install/quadruped_controller/share/ament_index/resource_index/parent_prefix_path/quadruped_controller
[0.196s] -- Up-to-date: /home/ubuntu/pi-dog_ws/install/quadruped_controller/share/quadruped_controller/environment/ament_prefix_path.sh
[0.196s] -- Up-to-date: /home/ubuntu/pi-dog_ws/install/quadruped_controller/share/quadruped_controller/environment/ament_prefix_path.dsv
[0.196s] -- Up-to-date: /home/ubuntu/pi-dog_ws/install/quadruped_controller/share/quadruped_controller/environment/path.sh
[0.197s] -- Up-to-date: /home/ubuntu/pi-dog_ws/install/quadruped_controller/share/quadruped_controller/environment/path.dsv
[0.197s] -- Up-to-date: /home/ubuntu/pi-dog_ws/install/quadruped_controller/share/quadruped_controller/local_setup.bash
[0.197s] -- Up-to-date: /home/ubuntu/pi-dog_ws/install/quadruped_controller/share/quadruped_controller/local_setup.sh
[0.197s] -- Up-to-date: /home/ubuntu/pi-dog_ws/install/quadruped_controller/share/quadruped_controller/local_setup.zsh
[0.197s] -- Up-to-date: /home/ubuntu/pi-dog_ws/install/quadruped_controller/share/quadruped_controller/local_setup.dsv
[0.197s] -- Installing: /home/ubuntu/pi-dog_ws/install/quadruped_controller/share/quadruped_controller/package.dsv
[0.197s] -- Up-to-date: /home/ubuntu/pi-dog_ws/install/quadruped_controller/share/ament_index/resource_index/packages/quadruped_controller
[0.197s] -- Up-to-date: /home/ubuntu/pi-dog_ws/install/quadruped_controller/share/quadruped_controller/cmake/quadruped_controllerConfig.cmake
[0.197s] -- Up-to-date: /home/ubuntu/pi-dog_ws/install/quadruped_controller/share/quadruped_controller/cmake/quadruped_controllerConfig-version.cmake
[0.198s] -- Up-to-date: /home/ubuntu/pi-dog_ws/install/quadruped_controller/share/quadruped_controller/package.xml
[0.200s] Invoked command in '/home/ubuntu/pi-dog_ws/build/quadruped_controller' returned '0': CMAKE_PREFIX_PATH=${CMAKE_PREFIX_PATH}:/opt/ros/jazzy /usr/bin/cmake --install /home/ubuntu/pi-dog_ws/build/quadruped_controller
