[0.015s] Invoking command in '/home/ubuntu/pi-dog_ws/build/i2c_pwm_board_msgs': CMAKE_PREFIX_PATH=${CMAKE_PREFIX_PATH}:/opt/ros/jazzy /usr/bin/cmake /home/ubuntu/pi-dog_ws/src/i2c_pwm_board/i2c_pwm_board_msgs -DCMAKE_INSTALL_PREFIX=/home/ubuntu/pi-dog_ws/install/i2c_pwm_board_msgs
[0.115s] -- The C compiler identification is GNU 13.3.0
[0.214s] -- The CXX compiler identification is GNU 13.3.0
[0.243s] -- Detecting C compiler ABI info
[0.388s] -- Detecting C compiler ABI info - done
[0.403s] -- Check for working C compiler: /usr/bin/cc - skipped
[0.403s] -- Detecting C compile features
[0.404s] -- Detecting C compile features - done
[0.418s] -- Detecting CXX compiler ABI info
[0.587s] -- Detecting CXX compiler ABI info - done
[0.603s] -- Check for working CXX compiler: /usr/bin/c++ - skipped
[0.603s] -- Detecting CXX compile features
[0.604s] -- Detecting CXX compile features - done
[0.615s] -- Found ament_cmake: 2.5.6 (/opt/ros/jazzy/share/ament_cmake/cmake)
[0.821s] -- Found Python3: /usr/bin/python3 (found version "3.12.3") found components: Interpreter 
[0.963s] -- Found rosidl_default_generators: 1.6.0 (/opt/ros/jazzy/share/rosidl_default_generators/cmake)
[0.970s] -- Using all available rosidl_typesupport_c: rosidl_typesupport_fastrtps_c;rosidl_typesupport_introspection_c
[1.025s] -- Using all available rosidl_typesupport_cpp: rosidl_typesupport_fastrtps_cpp;rosidl_typesupport_introspection_cpp
[1.097s] -- Found rosidl_adapter: 4.6.7 (/opt/ros/jazzy/share/rosidl_adapter/cmake)
[2.074s] -- Found ament_cmake_ros: 0.12.0 (/opt/ros/jazzy/share/ament_cmake_ros/cmake)
[2.707s] -- Using all available rosidl_typesupport_c: rosidl_typesupport_fastrtps_c;rosidl_typesupport_introspection_c
[3.540s] -- Using all available rosidl_typesupport_cpp: rosidl_typesupport_fastrtps_cpp;rosidl_typesupport_introspection_cpp
[3.660s] -- Found python_cmake_module: 0.11.1 (/opt/ros/jazzy/share/python_cmake_module/cmake)
[3.904s] -- Found PythonExtra: /usr/bin/python3  
[4.827s] -- Found Python3: /usr/bin/python3 (found version "3.12.3") found components: Interpreter Development NumPy Development.Module Development.Embed 
[4.927s] -- Found Python3: /usr/bin/python3 (found version "3.12.3") found components: Interpreter 
[4.930s] -- Found ament_lint_auto: 0.17.5 (/opt/ros/jazzy/share/ament_lint_auto/cmake)
[4.975s] -- Added test 'copyright' to check source files copyright and LICENSE
[4.978s] -- Added test 'lint_cmake' to check CMake code style
[4.980s] -- Added test 'xmllint' to check XML markup files
[4.985s] -- Configuring done (5.0s)
[5.069s] -- Generating done (0.1s)
[5.089s] -- Build files have been written to: /home/ubuntu/pi-dog_ws/build/i2c_pwm_board_msgs
[5.108s] Invoked command in '/home/ubuntu/pi-dog_ws/build/i2c_pwm_board_msgs' returned '0': CMAKE_PREFIX_PATH=${CMAKE_PREFIX_PATH}:/opt/ros/jazzy /usr/bin/cmake /home/ubuntu/pi-dog_ws/src/i2c_pwm_board/i2c_pwm_board_msgs -DCMAKE_INSTALL_PREFIX=/home/ubuntu/pi-dog_ws/install/i2c_pwm_board_msgs
[5.110s] Invoking command in '/home/ubuntu/pi-dog_ws/build/i2c_pwm_board_msgs': CMAKE_PREFIX_PATH=${CMAKE_PREFIX_PATH}:/opt/ros/jazzy /usr/bin/cmake --build /home/ubuntu/pi-dog_ws/build/i2c_pwm_board_msgs -- -j4 -l4
[5.210s] [  0%] [34m[1mGenerating type hashes for ROS interfaces[0m
[5.211s] [  1%] [34m[1mGenerating Rust code for ROS interfaces[0m
[5.237s] [  1%] Built target ament_cmake_python_copy_i2c_pwm_board_msgs
[5.611s] running egg_info
[5.613s] creating i2c_pwm_board_msgs.egg-info
[5.660s] writing i2c_pwm_board_msgs.egg-info/PKG-INFO
[5.661s] writing dependency_links to i2c_pwm_board_msgs.egg-info/dependency_links.txt
[5.662s] writing top-level names to i2c_pwm_board_msgs.egg-info/top_level.txt
[5.665s] writing manifest file 'i2c_pwm_board_msgs.egg-info/SOURCES.txt'
[5.727s] reading manifest file 'i2c_pwm_board_msgs.egg-info/SOURCES.txt'
[5.728s] writing manifest file 'i2c_pwm_board_msgs.egg-info/SOURCES.txt'
[5.812s] [  1%] Built target ament_cmake_python_build_i2c_pwm_board_msgs_egg
[6.038s] [  1%] Built target i2c_pwm_board_msgs__rosidl_generator_type_description
[6.063s] [  2%] [34m[1mGenerating C code for ROS interfaces[0m
[6.105s] [  2%] [34m[1mGenerating C++ code for ROS interfaces[0m
[6.167s] [  2%] Built target i2c_pwm_board_msgs__rs
[7.926s] [  2%] Built target i2c_pwm_board_msgs__cpp
[8.361s] [  5%] [32mBuilding C object CMakeFiles/i2c_pwm_board_msgs__rosidl_generator_c.dir/rosidl_generator_c/i2c_pwm_board_msgs/msg/detail/position__description.c.o[0m
[8.361s] [  5%] [32mBuilding C object CMakeFiles/i2c_pwm_board_msgs__rosidl_generator_c.dir/rosidl_generator_c/i2c_pwm_board_msgs/msg/detail/position__functions.c.o[0m
[8.361s] [  5%] [32mBuilding C object CMakeFiles/i2c_pwm_board_msgs__rosidl_generator_c.dir/rosidl_generator_c/i2c_pwm_board_msgs/msg/detail/position__type_support.c.o[0m
[8.361s] [  5%] [32mBuilding C object CMakeFiles/i2c_pwm_board_msgs__rosidl_generator_c.dir/rosidl_generator_c/i2c_pwm_board_msgs/msg/detail/position_array__description.c.o[0m
[8.431s] [  6%] [32mBuilding C object CMakeFiles/i2c_pwm_board_msgs__rosidl_generator_c.dir/rosidl_generator_c/i2c_pwm_board_msgs/msg/detail/position_array__functions.c.o[0m
[8.444s] [  7%] [32mBuilding C object CMakeFiles/i2c_pwm_board_msgs__rosidl_generator_c.dir/rosidl_generator_c/i2c_pwm_board_msgs/msg/detail/position_array__type_support.c.o[0m
[8.446s] [  8%] [32mBuilding C object CMakeFiles/i2c_pwm_board_msgs__rosidl_generator_c.dir/rosidl_generator_c/i2c_pwm_board_msgs/msg/detail/servo__description.c.o[0m
[8.491s] [  8%] [32mBuilding C object CMakeFiles/i2c_pwm_board_msgs__rosidl_generator_c.dir/rosidl_generator_c/i2c_pwm_board_msgs/msg/detail/servo__functions.c.o[0m
[8.512s] [  9%] [32mBuilding C object CMakeFiles/i2c_pwm_board_msgs__rosidl_generator_c.dir/rosidl_generator_c/i2c_pwm_board_msgs/msg/detail/servo__type_support.c.o[0m
[8.522s] [ 10%] [32mBuilding C object CMakeFiles/i2c_pwm_board_msgs__rosidl_generator_c.dir/rosidl_generator_c/i2c_pwm_board_msgs/msg/detail/servo_array__description.c.o[0m
[8.527s] [ 11%] [32mBuilding C object CMakeFiles/i2c_pwm_board_msgs__rosidl_generator_c.dir/rosidl_generator_c/i2c_pwm_board_msgs/msg/detail/servo_array__functions.c.o[0m
[8.603s] [ 12%] [32mBuilding C object CMakeFiles/i2c_pwm_board_msgs__rosidl_generator_c.dir/rosidl_generator_c/i2c_pwm_board_msgs/msg/detail/servo_array__type_support.c.o[0m
[8.644s] [ 12%] [32mBuilding C object CMakeFiles/i2c_pwm_board_msgs__rosidl_generator_c.dir/rosidl_generator_c/i2c_pwm_board_msgs/msg/detail/servo_config__description.c.o[0m
[8.650s] [ 13%] [32mBuilding C object CMakeFiles/i2c_pwm_board_msgs__rosidl_generator_c.dir/rosidl_generator_c/i2c_pwm_board_msgs/msg/detail/servo_config__functions.c.o[0m
[8.675s] [ 14%] [32mBuilding C object CMakeFiles/i2c_pwm_board_msgs__rosidl_generator_c.dir/rosidl_generator_c/i2c_pwm_board_msgs/msg/detail/servo_config__type_support.c.o[0m
[8.683s] [ 15%] [32mBuilding C object CMakeFiles/i2c_pwm_board_msgs__rosidl_generator_c.dir/rosidl_generator_c/i2c_pwm_board_msgs/msg/detail/servo_config_array__description.c.o[0m
[8.722s] [ 16%] [32mBuilding C object CMakeFiles/i2c_pwm_board_msgs__rosidl_generator_c.dir/rosidl_generator_c/i2c_pwm_board_msgs/msg/detail/servo_config_array__functions.c.o[0m
[8.745s] [ 16%] [32mBuilding C object CMakeFiles/i2c_pwm_board_msgs__rosidl_generator_c.dir/rosidl_generator_c/i2c_pwm_board_msgs/msg/detail/servo_config_array__type_support.c.o[0m
[8.762s] [ 17%] [32mBuilding C object CMakeFiles/i2c_pwm_board_msgs__rosidl_generator_c.dir/rosidl_generator_c/i2c_pwm_board_msgs/srv/detail/drive_mode__description.c.o[0m
[8.789s] [ 18%] [32mBuilding C object CMakeFiles/i2c_pwm_board_msgs__rosidl_generator_c.dir/rosidl_generator_c/i2c_pwm_board_msgs/srv/detail/drive_mode__functions.c.o[0m
[8.857s] [ 19%] [32mBuilding C object CMakeFiles/i2c_pwm_board_msgs__rosidl_generator_c.dir/rosidl_generator_c/i2c_pwm_board_msgs/srv/detail/drive_mode__type_support.c.o[0m
[8.870s] [ 20%] [32mBuilding C object CMakeFiles/i2c_pwm_board_msgs__rosidl_generator_c.dir/rosidl_generator_c/i2c_pwm_board_msgs/srv/detail/int_value__description.c.o[0m
[8.912s] [ 20%] [32mBuilding C object CMakeFiles/i2c_pwm_board_msgs__rosidl_generator_c.dir/rosidl_generator_c/i2c_pwm_board_msgs/srv/detail/int_value__functions.c.o[0m
[8.934s] [ 21%] [32mBuilding C object CMakeFiles/i2c_pwm_board_msgs__rosidl_generator_c.dir/rosidl_generator_c/i2c_pwm_board_msgs/srv/detail/int_value__type_support.c.o[0m
[8.991s] [ 22%] [32mBuilding C object CMakeFiles/i2c_pwm_board_msgs__rosidl_generator_c.dir/rosidl_generator_c/i2c_pwm_board_msgs/srv/detail/servos_config__description.c.o[0m
[9.006s] [ 23%] [32mBuilding C object CMakeFiles/i2c_pwm_board_msgs__rosidl_generator_c.dir/rosidl_generator_c/i2c_pwm_board_msgs/srv/detail/servos_config__functions.c.o[0m
[9.062s] [ 24%] [32mBuilding C object CMakeFiles/i2c_pwm_board_msgs__rosidl_generator_c.dir/rosidl_generator_c/i2c_pwm_board_msgs/srv/detail/servos_config__type_support.c.o[0m
[9.115s] [ 24%] [32mBuilding C object CMakeFiles/i2c_pwm_board_msgs__rosidl_generator_c.dir/rosidl_generator_c/i2c_pwm_board_msgs/srv/detail/stop_servos__description.c.o[0m
[9.126s] [ 25%] [32mBuilding C object CMakeFiles/i2c_pwm_board_msgs__rosidl_generator_c.dir/rosidl_generator_c/i2c_pwm_board_msgs/srv/detail/stop_servos__functions.c.o[0m
[9.146s] [ 26%] [32mBuilding C object CMakeFiles/i2c_pwm_board_msgs__rosidl_generator_c.dir/rosidl_generator_c/i2c_pwm_board_msgs/srv/detail/stop_servos__type_support.c.o[0m
[9.303s] [ 27%] [32m[1mLinking C shared library libi2c_pwm_board_msgs__rosidl_generator_c.so[0m
[9.403s] [ 27%] Built target i2c_pwm_board_msgs__rosidl_generator_c
[9.428s] [ 28%] [34m[1mGenerating C++ type support for eProsima Fast-RTPS[0m
[9.428s] [ 29%] [34m[1mGenerating C introspection for ROS interfaces[0m
[9.431s] [ 30%] [34m[1mGenerating C type support dispatch for ROS interfaces[0m
[9.432s] [ 30%] [34m[1mGenerating C type support for eProsima Fast-RTPS[0m
[10.719s] [ 31%] [32mBuilding CXX object CMakeFiles/i2c_pwm_board_msgs__rosidl_typesupport_c.dir/rosidl_typesupport_c/i2c_pwm_board_msgs/msg/position__type_support.cpp.o[0m
[10.826s] [ 32%] [32mBuilding CXX object CMakeFiles/i2c_pwm_board_msgs__rosidl_typesupport_c.dir/rosidl_typesupport_c/i2c_pwm_board_msgs/msg/position_array__type_support.cpp.o[0m
[10.932s] [ 33%] [32mBuilding CXX object CMakeFiles/i2c_pwm_board_msgs__rosidl_typesupport_c.dir/rosidl_typesupport_c/i2c_pwm_board_msgs/msg/servo__type_support.cpp.o[0m
[11.039s] [ 33%] [32mBuilding CXX object CMakeFiles/i2c_pwm_board_msgs__rosidl_typesupport_c.dir/rosidl_typesupport_c/i2c_pwm_board_msgs/msg/servo_array__type_support.cpp.o[0m
[11.148s] [ 34%] [32mBuilding CXX object CMakeFiles/i2c_pwm_board_msgs__rosidl_typesupport_c.dir/rosidl_typesupport_c/i2c_pwm_board_msgs/msg/servo_config__type_support.cpp.o[0m
[11.245s] [ 34%] [32mBuilding C object CMakeFiles/i2c_pwm_board_msgs__rosidl_typesupport_introspection_c.dir/rosidl_typesupport_introspection_c/i2c_pwm_board_msgs/msg/detail/position__type_support.c.o[0m
[11.275s] [ 35%] [32mBuilding CXX object CMakeFiles/i2c_pwm_board_msgs__rosidl_typesupport_c.dir/rosidl_typesupport_c/i2c_pwm_board_msgs/msg/servo_config_array__type_support.cpp.o[0m
[11.338s] [ 36%] [32mBuilding C object CMakeFiles/i2c_pwm_board_msgs__rosidl_typesupport_introspection_c.dir/rosidl_typesupport_introspection_c/i2c_pwm_board_msgs/msg/detail/position_array__type_support.c.o[0m
[11.378s] [ 37%] [32mBuilding CXX object CMakeFiles/i2c_pwm_board_msgs__rosidl_typesupport_c.dir/rosidl_typesupport_c/i2c_pwm_board_msgs/srv/drive_mode__type_support.cpp.o[0m
[11.472s] [ 38%] [32mBuilding C object CMakeFiles/i2c_pwm_board_msgs__rosidl_typesupport_introspection_c.dir/rosidl_typesupport_introspection_c/i2c_pwm_board_msgs/msg/detail/servo__type_support.c.o[0m
[11.514s] [ 39%] [32mBuilding CXX object CMakeFiles/i2c_pwm_board_msgs__rosidl_typesupport_c.dir/rosidl_typesupport_c/i2c_pwm_board_msgs/srv/int_value__type_support.cpp.o[0m
[11.550s] [ 40%] [32mBuilding C object CMakeFiles/i2c_pwm_board_msgs__rosidl_typesupport_introspection_c.dir/rosidl_typesupport_introspection_c/i2c_pwm_board_msgs/msg/detail/servo_array__type_support.c.o[0m
[11.650s] [ 40%] [32mBuilding CXX object CMakeFiles/i2c_pwm_board_msgs__rosidl_typesupport_c.dir/rosidl_typesupport_c/i2c_pwm_board_msgs/srv/servos_config__type_support.cpp.o[0m
[11.683s] [ 41%] [32mBuilding C object CMakeFiles/i2c_pwm_board_msgs__rosidl_typesupport_introspection_c.dir/rosidl_typesupport_introspection_c/i2c_pwm_board_msgs/msg/detail/servo_config__type_support.c.o[0m
[11.691s] [ 42%] [32mBuilding CXX object CMakeFiles/i2c_pwm_board_msgs__rosidl_typesupport_fastrtps_cpp.dir/rosidl_typesupport_fastrtps_cpp/i2c_pwm_board_msgs/msg/detail/dds_fastrtps/position__type_support.cpp.o[0m
[11.750s] [ 43%] [32mBuilding CXX object CMakeFiles/i2c_pwm_board_msgs__rosidl_typesupport_c.dir/rosidl_typesupport_c/i2c_pwm_board_msgs/srv/stop_servos__type_support.cpp.o[0m
[11.756s] [ 43%] [32mBuilding C object CMakeFiles/i2c_pwm_board_msgs__rosidl_typesupport_introspection_c.dir/rosidl_typesupport_introspection_c/i2c_pwm_board_msgs/msg/detail/servo_config_array__type_support.c.o[0m
[11.887s] [ 44%] [32mBuilding C object CMakeFiles/i2c_pwm_board_msgs__rosidl_typesupport_introspection_c.dir/rosidl_typesupport_introspection_c/i2c_pwm_board_msgs/srv/detail/drive_mode__type_support.c.o[0m
[11.889s] [ 45%] [32m[1mLinking CXX shared library libi2c_pwm_board_msgs__rosidl_typesupport_c.so[0m
[11.922s] [ 46%] [32mBuilding CXX object CMakeFiles/i2c_pwm_board_msgs__rosidl_typesupport_fastrtps_c.dir/rosidl_typesupport_fastrtps_c/i2c_pwm_board_msgs/msg/detail/position__type_support_c.cpp.o[0m
[11.986s] [ 46%] Built target i2c_pwm_board_msgs__rosidl_typesupport_c
[12.007s] [ 47%] [32mBuilding C object CMakeFiles/i2c_pwm_board_msgs__rosidl_typesupport_introspection_c.dir/rosidl_typesupport_introspection_c/i2c_pwm_board_msgs/srv/detail/int_value__type_support.c.o[0m
[12.021s] [ 48%] [32mBuilding C object CMakeFiles/i2c_pwm_board_msgs__rosidl_typesupport_introspection_c.dir/rosidl_typesupport_introspection_c/i2c_pwm_board_msgs/srv/detail/servos_config__type_support.c.o[0m
[12.131s] [ 49%] [32mBuilding C object CMakeFiles/i2c_pwm_board_msgs__rosidl_typesupport_introspection_c.dir/rosidl_typesupport_introspection_c/i2c_pwm_board_msgs/srv/detail/stop_servos__type_support.c.o[0m
[12.148s] [ 50%] [32mBuilding CXX object CMakeFiles/i2c_pwm_board_msgs__rosidl_typesupport_fastrtps_cpp.dir/rosidl_typesupport_fastrtps_cpp/i2c_pwm_board_msgs/msg/detail/dds_fastrtps/position_array__type_support.cpp.o[0m
[12.267s] [ 50%] [32m[1mLinking C shared library libi2c_pwm_board_msgs__rosidl_typesupport_introspection_c.so[0m
[12.350s] [ 50%] Built target i2c_pwm_board_msgs__rosidl_typesupport_introspection_c
[12.373s] [ 51%] [34m[1mGenerating C++ introspection for ROS interfaces[0m
[12.933s] [ 52%] [34m[1mGenerating C++ type support dispatch for ROS interfaces[0m
[13.109s] [ 53%] [32mBuilding CXX object CMakeFiles/i2c_pwm_board_msgs__rosidl_typesupport_fastrtps_c.dir/rosidl_typesupport_fastrtps_c/i2c_pwm_board_msgs/msg/detail/position_array__type_support_c.cpp.o[0m
[13.438s] [ 53%] [32mBuilding CXX object CMakeFiles/i2c_pwm_board_msgs__rosidl_typesupport_fastrtps_cpp.dir/rosidl_typesupport_fastrtps_cpp/i2c_pwm_board_msgs/msg/detail/dds_fastrtps/servo__type_support.cpp.o[0m
[14.218s] [ 54%] [32mBuilding CXX object CMakeFiles/i2c_pwm_board_msgs__rosidl_typesupport_fastrtps_c.dir/rosidl_typesupport_fastrtps_c/i2c_pwm_board_msgs/msg/detail/servo__type_support_c.cpp.o[0m
[14.433s] [ 55%] [32mBuilding CXX object CMakeFiles/i2c_pwm_board_msgs__rosidl_typesupport_introspection_cpp.dir/rosidl_typesupport_introspection_cpp/i2c_pwm_board_msgs/msg/detail/position__type_support.cpp.o[0m
[14.440s] [ 56%] [32mBuilding CXX object CMakeFiles/i2c_pwm_board_msgs__rosidl_typesupport_cpp.dir/rosidl_typesupport_cpp/i2c_pwm_board_msgs/msg/position__type_support.cpp.o[0m
[14.642s] [ 57%] [32mBuilding CXX object CMakeFiles/i2c_pwm_board_msgs__rosidl_typesupport_fastrtps_cpp.dir/rosidl_typesupport_fastrtps_cpp/i2c_pwm_board_msgs/msg/detail/dds_fastrtps/servo_array__type_support.cpp.o[0m
[15.226s] [ 58%] [32mBuilding CXX object CMakeFiles/i2c_pwm_board_msgs__rosidl_typesupport_introspection_cpp.dir/rosidl_typesupport_introspection_cpp/i2c_pwm_board_msgs/msg/detail/position_array__type_support.cpp.o[0m
[15.232s] [ 58%] [32mBuilding CXX object CMakeFiles/i2c_pwm_board_msgs__rosidl_typesupport_cpp.dir/rosidl_typesupport_cpp/i2c_pwm_board_msgs/msg/position_array__type_support.cpp.o[0m
[15.388s] [ 59%] [32mBuilding CXX object CMakeFiles/i2c_pwm_board_msgs__rosidl_typesupport_fastrtps_c.dir/rosidl_typesupport_fastrtps_c/i2c_pwm_board_msgs/msg/detail/servo_array__type_support_c.cpp.o[0m
[16.106s] [ 60%] [32mBuilding CXX object CMakeFiles/i2c_pwm_board_msgs__rosidl_typesupport_fastrtps_cpp.dir/rosidl_typesupport_fastrtps_cpp/i2c_pwm_board_msgs/msg/detail/dds_fastrtps/servo_config__type_support.cpp.o[0m
[16.117s] [ 61%] [32mBuilding CXX object CMakeFiles/i2c_pwm_board_msgs__rosidl_typesupport_cpp.dir/rosidl_typesupport_cpp/i2c_pwm_board_msgs/msg/servo__type_support.cpp.o[0m
[16.131s] [ 62%] [32mBuilding CXX object CMakeFiles/i2c_pwm_board_msgs__rosidl_typesupport_introspection_cpp.dir/rosidl_typesupport_introspection_cpp/i2c_pwm_board_msgs/msg/detail/servo__type_support.cpp.o[0m
[16.647s] [ 62%] [32mBuilding CXX object CMakeFiles/i2c_pwm_board_msgs__rosidl_typesupport_fastrtps_c.dir/rosidl_typesupport_fastrtps_c/i2c_pwm_board_msgs/msg/detail/servo_config__type_support_c.cpp.o[0m
[17.259s] [ 63%] [32mBuilding CXX object CMakeFiles/i2c_pwm_board_msgs__rosidl_typesupport_cpp.dir/rosidl_typesupport_cpp/i2c_pwm_board_msgs/msg/servo_array__type_support.cpp.o[0m
[17.265s] [ 63%] [32mBuilding CXX object CMakeFiles/i2c_pwm_board_msgs__rosidl_typesupport_introspection_cpp.dir/rosidl_typesupport_introspection_cpp/i2c_pwm_board_msgs/msg/detail/servo_array__type_support.cpp.o[0m
[17.281s] [ 64%] [32mBuilding CXX object CMakeFiles/i2c_pwm_board_msgs__rosidl_typesupport_fastrtps_cpp.dir/rosidl_typesupport_fastrtps_cpp/i2c_pwm_board_msgs/msg/detail/dds_fastrtps/servo_config_array__type_support.cpp.o[0m
[17.797s] [ 65%] [32mBuilding CXX object CMakeFiles/i2c_pwm_board_msgs__rosidl_typesupport_fastrtps_c.dir/rosidl_typesupport_fastrtps_c/i2c_pwm_board_msgs/msg/detail/servo_config_array__type_support_c.cpp.o[0m
[17.906s] [ 66%] [32mBuilding CXX object CMakeFiles/i2c_pwm_board_msgs__rosidl_typesupport_cpp.dir/rosidl_typesupport_cpp/i2c_pwm_board_msgs/msg/servo_config__type_support.cpp.o[0m
[18.581s] [ 67%] [32mBuilding CXX object CMakeFiles/i2c_pwm_board_msgs__rosidl_typesupport_introspection_cpp.dir/rosidl_typesupport_introspection_cpp/i2c_pwm_board_msgs/msg/detail/servo_config__type_support.cpp.o[0m
[18.737s] [ 68%] [32mBuilding CXX object CMakeFiles/i2c_pwm_board_msgs__rosidl_typesupport_cpp.dir/rosidl_typesupport_cpp/i2c_pwm_board_msgs/msg/servo_config_array__type_support.cpp.o[0m
[19.003s] [ 69%] [32mBuilding CXX object CMakeFiles/i2c_pwm_board_msgs__rosidl_typesupport_fastrtps_cpp.dir/rosidl_typesupport_fastrtps_cpp/i2c_pwm_board_msgs/srv/detail/dds_fastrtps/drive_mode__type_support.cpp.o[0m
[19.056s] [ 70%] [32mBuilding CXX object CMakeFiles/i2c_pwm_board_msgs__rosidl_typesupport_fastrtps_c.dir/rosidl_typesupport_fastrtps_c/i2c_pwm_board_msgs/srv/detail/drive_mode__type_support_c.cpp.o[0m
[19.377s] [ 71%] [32mBuilding CXX object CMakeFiles/i2c_pwm_board_msgs__rosidl_typesupport_introspection_cpp.dir/rosidl_typesupport_introspection_cpp/i2c_pwm_board_msgs/msg/detail/servo_config_array__type_support.cpp.o[0m
[19.551s] [ 71%] [32mBuilding CXX object CMakeFiles/i2c_pwm_board_msgs__rosidl_typesupport_cpp.dir/rosidl_typesupport_cpp/i2c_pwm_board_msgs/srv/drive_mode__type_support.cpp.o[0m
[20.253s] [ 72%] [32mBuilding CXX object CMakeFiles/i2c_pwm_board_msgs__rosidl_typesupport_introspection_cpp.dir/rosidl_typesupport_introspection_cpp/i2c_pwm_board_msgs/srv/detail/drive_mode__type_support.cpp.o[0m
[20.351s] [ 73%] [32mBuilding CXX object CMakeFiles/i2c_pwm_board_msgs__rosidl_typesupport_fastrtps_c.dir/rosidl_typesupport_fastrtps_c/i2c_pwm_board_msgs/srv/detail/int_value__type_support_c.cpp.o[0m
[20.649s] [ 74%] [32mBuilding CXX object CMakeFiles/i2c_pwm_board_msgs__rosidl_typesupport_cpp.dir/rosidl_typesupport_cpp/i2c_pwm_board_msgs/srv/int_value__type_support.cpp.o[0m
[20.814s] [ 74%] [32mBuilding CXX object CMakeFiles/i2c_pwm_board_msgs__rosidl_typesupport_fastrtps_cpp.dir/rosidl_typesupport_fastrtps_cpp/i2c_pwm_board_msgs/srv/detail/dds_fastrtps/int_value__type_support.cpp.o[0m
[21.600s] [ 75%] [32mBuilding CXX object CMakeFiles/i2c_pwm_board_msgs__rosidl_typesupport_introspection_cpp.dir/rosidl_typesupport_introspection_cpp/i2c_pwm_board_msgs/srv/detail/int_value__type_support.cpp.o[0m
[21.628s] [ 76%] [32mBuilding CXX object CMakeFiles/i2c_pwm_board_msgs__rosidl_typesupport_fastrtps_c.dir/rosidl_typesupport_fastrtps_c/i2c_pwm_board_msgs/srv/detail/servos_config__type_support_c.cpp.o[0m
[21.782s] [ 77%] [32mBuilding CXX object CMakeFiles/i2c_pwm_board_msgs__rosidl_typesupport_cpp.dir/rosidl_typesupport_cpp/i2c_pwm_board_msgs/srv/servos_config__type_support.cpp.o[0m
[22.475s] [ 78%] [32mBuilding CXX object CMakeFiles/i2c_pwm_board_msgs__rosidl_typesupport_fastrtps_cpp.dir/rosidl_typesupport_fastrtps_cpp/i2c_pwm_board_msgs/srv/detail/dds_fastrtps/servos_config__type_support.cpp.o[0m
[22.655s] [ 78%] [32mBuilding CXX object CMakeFiles/i2c_pwm_board_msgs__rosidl_typesupport_introspection_cpp.dir/rosidl_typesupport_introspection_cpp/i2c_pwm_board_msgs/srv/detail/servos_config__type_support.cpp.o[0m
[22.861s] [ 79%] [32mBuilding CXX object CMakeFiles/i2c_pwm_board_msgs__rosidl_typesupport_cpp.dir/rosidl_typesupport_cpp/i2c_pwm_board_msgs/srv/stop_servos__type_support.cpp.o[0m
[22.884s] [ 79%] [32mBuilding CXX object CMakeFiles/i2c_pwm_board_msgs__rosidl_typesupport_fastrtps_c.dir/rosidl_typesupport_fastrtps_c/i2c_pwm_board_msgs/srv/detail/stop_servos__type_support_c.cpp.o[0m
[23.882s] [ 80%] [32m[1mLinking CXX shared library libi2c_pwm_board_msgs__rosidl_typesupport_cpp.so[0m
[23.956s] [ 81%] [32mBuilding CXX object CMakeFiles/i2c_pwm_board_msgs__rosidl_typesupport_introspection_cpp.dir/rosidl_typesupport_introspection_cpp/i2c_pwm_board_msgs/srv/detail/stop_servos__type_support.cpp.o[0m
[24.138s] [ 81%] Built target i2c_pwm_board_msgs__rosidl_typesupport_cpp
[24.172s] [ 82%] [32mBuilding CXX object CMakeFiles/i2c_pwm_board_msgs__rosidl_typesupport_fastrtps_cpp.dir/rosidl_typesupport_fastrtps_cpp/i2c_pwm_board_msgs/srv/detail/dds_fastrtps/stop_servos__type_support.cpp.o[0m
[24.190s] [ 83%] [32m[1mLinking CXX shared library libi2c_pwm_board_msgs__rosidl_typesupport_fastrtps_c.so[0m
[24.437s] [ 83%] Built target i2c_pwm_board_msgs__rosidl_typesupport_fastrtps_c
[25.045s] [ 84%] [32m[1mLinking CXX shared library libi2c_pwm_board_msgs__rosidl_typesupport_introspection_cpp.so[0m
[25.257s] [ 84%] Built target i2c_pwm_board_msgs__rosidl_typesupport_introspection_cpp
[25.487s] [ 85%] [32m[1mLinking CXX shared library libi2c_pwm_board_msgs__rosidl_typesupport_fastrtps_cpp.so[0m
[25.651s] [ 85%] Built target i2c_pwm_board_msgs__rosidl_typesupport_fastrtps_cpp
[25.686s] [ 85%] Built target i2c_pwm_board_msgs
[25.720s] [ 86%] [34m[1mGenerating Python code for ROS interfaces[0m
[28.022s] [ 86%] Built target i2c_pwm_board_msgs__py
[28.057s] [ 88%] [32mBuilding C object CMakeFiles/i2c_pwm_board_msgs__rosidl_generator_py.dir/rosidl_generator_py/i2c_pwm_board_msgs/msg/_position_s.c.o[0m
[28.057s] [ 88%] [32mBuilding C object CMakeFiles/i2c_pwm_board_msgs__rosidl_generator_py.dir/rosidl_generator_py/i2c_pwm_board_msgs/msg/_servo_s.c.o[0m
[28.058s] [ 88%] [32mBuilding C object CMakeFiles/i2c_pwm_board_msgs__rosidl_generator_py.dir/rosidl_generator_py/i2c_pwm_board_msgs/msg/_position_array_s.c.o[0m
[28.060s] [ 89%] [32mBuilding C object CMakeFiles/i2c_pwm_board_msgs__rosidl_generator_py.dir/rosidl_generator_py/i2c_pwm_board_msgs/msg/_servo_array_s.c.o[0m
[28.494s] [ 91%] [32mBuilding C object CMakeFiles/i2c_pwm_board_msgs__rosidl_generator_py.dir/rosidl_generator_py/i2c_pwm_board_msgs/msg/_servo_config_array_s.c.o[0m
[28.494s] [ 91%] [32mBuilding C object CMakeFiles/i2c_pwm_board_msgs__rosidl_generator_py.dir/rosidl_generator_py/i2c_pwm_board_msgs/msg/_servo_config_s.c.o[0m
[28.500s] [ 92%] [32mBuilding C object CMakeFiles/i2c_pwm_board_msgs__rosidl_generator_py.dir/rosidl_generator_py/i2c_pwm_board_msgs/srv/_drive_mode_s.c.o[0m
[28.501s] [ 92%] [32mBuilding C object CMakeFiles/i2c_pwm_board_msgs__rosidl_generator_py.dir/rosidl_generator_py/i2c_pwm_board_msgs/srv/_int_value_s.c.o[0m
[28.779s] [ 93%] [32mBuilding C object CMakeFiles/i2c_pwm_board_msgs__rosidl_generator_py.dir/rosidl_generator_py/i2c_pwm_board_msgs/srv/_servos_config_s.c.o[0m
[28.788s] [ 94%] [32mBuilding C object CMakeFiles/i2c_pwm_board_msgs__rosidl_generator_py.dir/rosidl_generator_py/i2c_pwm_board_msgs/srv/_stop_servos_s.c.o[0m
[29.161s] [ 95%] [32m[1mLinking C shared library libi2c_pwm_board_msgs__rosidl_generator_py.so[0m
[29.248s] [ 95%] Built target i2c_pwm_board_msgs__rosidl_generator_py
[29.285s] [ 97%] [32mBuilding C object CMakeFiles/i2c_pwm_board_msgs_s__rosidl_typesupport_fastrtps_c.dir/rosidl_generator_py/i2c_pwm_board_msgs/_i2c_pwm_board_msgs_s.ep.rosidl_typesupport_fastrtps_c.c.o[0m
[29.285s] [ 97%] [32mBuilding C object CMakeFiles/i2c_pwm_board_msgs_s__rosidl_typesupport_introspection_c.dir/rosidl_generator_py/i2c_pwm_board_msgs/_i2c_pwm_board_msgs_s.ep.rosidl_typesupport_introspection_c.c.o[0m
[29.285s] [ 98%] [32mBuilding C object CMakeFiles/i2c_pwm_board_msgs_s__rosidl_typesupport_c.dir/rosidl_generator_py/i2c_pwm_board_msgs/_i2c_pwm_board_msgs_s.ep.rosidl_typesupport_c.c.o[0m
[29.645s] [ 98%] [32m[1mLinking C shared module rosidl_generator_py/i2c_pwm_board_msgs/i2c_pwm_board_msgs_s__rosidl_typesupport_c.so[0m
[29.656s] [ 99%] [32m[1mLinking C shared module rosidl_generator_py/i2c_pwm_board_msgs/i2c_pwm_board_msgs_s__rosidl_typesupport_introspection_c.so[0m
[29.678s] [100%] [32m[1mLinking C shared module rosidl_generator_py/i2c_pwm_board_msgs/i2c_pwm_board_msgs_s__rosidl_typesupport_fastrtps_c.so[0m
[29.731s] [100%] Built target i2c_pwm_board_msgs_s__rosidl_typesupport_c
[29.744s] [100%] Built target i2c_pwm_board_msgs_s__rosidl_typesupport_introspection_c
[29.747s] [100%] Built target i2c_pwm_board_msgs_s__rosidl_typesupport_fastrtps_c
[29.769s] Invoked command in '/home/ubuntu/pi-dog_ws/build/i2c_pwm_board_msgs' returned '0': CMAKE_PREFIX_PATH=${CMAKE_PREFIX_PATH}:/opt/ros/jazzy /usr/bin/cmake --build /home/ubuntu/pi-dog_ws/build/i2c_pwm_board_msgs -- -j4 -l4
[29.787s] Invoking command in '/home/ubuntu/pi-dog_ws/build/i2c_pwm_board_msgs': CMAKE_PREFIX_PATH=${CMAKE_PREFIX_PATH}:/opt/ros/jazzy /usr/bin/cmake --install /home/ubuntu/pi-dog_ws/build/i2c_pwm_board_msgs
[29.812s] -- Install configuration: ""
[29.813s] -- Installing: /home/ubuntu/pi-dog_ws/install/i2c_pwm_board_msgs/share/ament_index/resource_index/rosidl_interfaces/i2c_pwm_board_msgs
[29.813s] -- Installing: /home/ubuntu/pi-dog_ws/install/i2c_pwm_board_msgs/share/i2c_pwm_board_msgs/msg/Position.json
[29.814s] -- Installing: /home/ubuntu/pi-dog_ws/install/i2c_pwm_board_msgs/share/i2c_pwm_board_msgs/msg/PositionArray.json
[29.814s] -- Installing: /home/ubuntu/pi-dog_ws/install/i2c_pwm_board_msgs/share/i2c_pwm_board_msgs/msg/Servo.json
[29.814s] -- Installing: /home/ubuntu/pi-dog_ws/install/i2c_pwm_board_msgs/share/i2c_pwm_board_msgs/msg/ServoArray.json
[29.815s] -- Installing: /home/ubuntu/pi-dog_ws/install/i2c_pwm_board_msgs/share/i2c_pwm_board_msgs/msg/ServoConfig.json
[29.815s] -- Installing: /home/ubuntu/pi-dog_ws/install/i2c_pwm_board_msgs/share/i2c_pwm_board_msgs/msg/ServoConfigArray.json
[29.816s] -- Installing: /home/ubuntu/pi-dog_ws/install/i2c_pwm_board_msgs/share/i2c_pwm_board_msgs/srv/DriveMode.json
[29.816s] -- Installing: /home/ubuntu/pi-dog_ws/install/i2c_pwm_board_msgs/share/i2c_pwm_board_msgs/srv/IntValue.json
[29.817s] -- Installing: /home/ubuntu/pi-dog_ws/install/i2c_pwm_board_msgs/share/i2c_pwm_board_msgs/srv/ServosConfig.json
[29.817s] -- Installing: /home/ubuntu/pi-dog_ws/install/i2c_pwm_board_msgs/share/i2c_pwm_board_msgs/srv/StopServos.json
[29.818s] -- Installing: /home/ubuntu/pi-dog_ws/install/i2c_pwm_board_msgs/include/i2c_pwm_board_msgs/i2c_pwm_board_msgs
[29.818s] -- Installing: /home/ubuntu/pi-dog_ws/install/i2c_pwm_board_msgs/include/i2c_pwm_board_msgs/i2c_pwm_board_msgs/msg
[29.818s] -- Installing: /home/ubuntu/pi-dog_ws/install/i2c_pwm_board_msgs/include/i2c_pwm_board_msgs/i2c_pwm_board_msgs/msg/servo_config_array.h
[29.818s] -- Installing: /home/ubuntu/pi-dog_ws/install/i2c_pwm_board_msgs/include/i2c_pwm_board_msgs/i2c_pwm_board_msgs/msg/servo_config.h
[29.819s] -- Installing: /home/ubuntu/pi-dog_ws/install/i2c_pwm_board_msgs/include/i2c_pwm_board_msgs/i2c_pwm_board_msgs/msg/detail
[29.819s] -- Installing: /home/ubuntu/pi-dog_ws/install/i2c_pwm_board_msgs/include/i2c_pwm_board_msgs/i2c_pwm_board_msgs/msg/detail/servo_config__functions.h
[29.819s] -- Installing: /home/ubuntu/pi-dog_ws/install/i2c_pwm_board_msgs/include/i2c_pwm_board_msgs/i2c_pwm_board_msgs/msg/detail/position__description.c
[29.820s] -- Installing: /home/ubuntu/pi-dog_ws/install/i2c_pwm_board_msgs/include/i2c_pwm_board_msgs/i2c_pwm_board_msgs/msg/detail/servo_array__functions.c
[29.820s] -- Installing: /home/ubuntu/pi-dog_ws/install/i2c_pwm_board_msgs/include/i2c_pwm_board_msgs/i2c_pwm_board_msgs/msg/detail/position_array__type_support.c
[29.820s] -- Installing: /home/ubuntu/pi-dog_ws/install/i2c_pwm_board_msgs/include/i2c_pwm_board_msgs/i2c_pwm_board_msgs/msg/detail/position__type_support.c
[29.821s] -- Installing: /home/ubuntu/pi-dog_ws/install/i2c_pwm_board_msgs/include/i2c_pwm_board_msgs/i2c_pwm_board_msgs/msg/detail/servo__functions.c
[29.821s] -- Installing: /home/ubuntu/pi-dog_ws/install/i2c_pwm_board_msgs/include/i2c_pwm_board_msgs/i2c_pwm_board_msgs/msg/detail/servo_array__type_support.h
[29.821s] -- Installing: /home/ubuntu/pi-dog_ws/install/i2c_pwm_board_msgs/include/i2c_pwm_board_msgs/i2c_pwm_board_msgs/msg/detail/servo_config_array__type_support.c
[29.822s] -- Installing: /home/ubuntu/pi-dog_ws/install/i2c_pwm_board_msgs/include/i2c_pwm_board_msgs/i2c_pwm_board_msgs/msg/detail/servo__functions.h
[29.822s] -- Installing: /home/ubuntu/pi-dog_ws/install/i2c_pwm_board_msgs/include/i2c_pwm_board_msgs/i2c_pwm_board_msgs/msg/detail/servo__struct.h
[29.822s] -- Installing: /home/ubuntu/pi-dog_ws/install/i2c_pwm_board_msgs/include/i2c_pwm_board_msgs/i2c_pwm_board_msgs/msg/detail/servo__type_support.h
[29.823s] -- Installing: /home/ubuntu/pi-dog_ws/install/i2c_pwm_board_msgs/include/i2c_pwm_board_msgs/i2c_pwm_board_msgs/msg/detail/servo_config__type_support.c
[29.823s] -- Installing: /home/ubuntu/pi-dog_ws/install/i2c_pwm_board_msgs/include/i2c_pwm_board_msgs/i2c_pwm_board_msgs/msg/detail/servo_config__type_support.h
[29.823s] -- Installing: /home/ubuntu/pi-dog_ws/install/i2c_pwm_board_msgs/include/i2c_pwm_board_msgs/i2c_pwm_board_msgs/msg/detail/position__functions.h
[29.824s] -- Installing: /home/ubuntu/pi-dog_ws/install/i2c_pwm_board_msgs/include/i2c_pwm_board_msgs/i2c_pwm_board_msgs/msg/detail/servo_array__type_support.c
[29.824s] -- Installing: /home/ubuntu/pi-dog_ws/install/i2c_pwm_board_msgs/include/i2c_pwm_board_msgs/i2c_pwm_board_msgs/msg/detail/position__type_support.h
[29.824s] -- Installing: /home/ubuntu/pi-dog_ws/install/i2c_pwm_board_msgs/include/i2c_pwm_board_msgs/i2c_pwm_board_msgs/msg/detail/servo_config__struct.h
[29.825s] -- Installing: /home/ubuntu/pi-dog_ws/install/i2c_pwm_board_msgs/include/i2c_pwm_board_msgs/i2c_pwm_board_msgs/msg/detail/position_array__description.c
[29.825s] -- Installing: /home/ubuntu/pi-dog_ws/install/i2c_pwm_board_msgs/include/i2c_pwm_board_msgs/i2c_pwm_board_msgs/msg/detail/position_array__functions.c
[29.825s] -- Installing: /home/ubuntu/pi-dog_ws/install/i2c_pwm_board_msgs/include/i2c_pwm_board_msgs/i2c_pwm_board_msgs/msg/detail/servo_config_array__functions.c
[29.825s] -- Installing: /home/ubuntu/pi-dog_ws/install/i2c_pwm_board_msgs/include/i2c_pwm_board_msgs/i2c_pwm_board_msgs/msg/detail/position__functions.c
[29.826s] -- Installing: /home/ubuntu/pi-dog_ws/install/i2c_pwm_board_msgs/include/i2c_pwm_board_msgs/i2c_pwm_board_msgs/msg/detail/position_array__functions.h
[29.826s] -- Installing: /home/ubuntu/pi-dog_ws/install/i2c_pwm_board_msgs/include/i2c_pwm_board_msgs/i2c_pwm_board_msgs/msg/detail/servo__type_support.c
[29.826s] -- Installing: /home/ubuntu/pi-dog_ws/install/i2c_pwm_board_msgs/include/i2c_pwm_board_msgs/i2c_pwm_board_msgs/msg/detail/servo_config_array__struct.h
[29.827s] -- Installing: /home/ubuntu/pi-dog_ws/install/i2c_pwm_board_msgs/include/i2c_pwm_board_msgs/i2c_pwm_board_msgs/msg/detail/servo_array__description.c
[29.827s] -- Installing: /home/ubuntu/pi-dog_ws/install/i2c_pwm_board_msgs/include/i2c_pwm_board_msgs/i2c_pwm_board_msgs/msg/detail/position_array__struct.h
[29.828s] -- Installing: /home/ubuntu/pi-dog_ws/install/i2c_pwm_board_msgs/include/i2c_pwm_board_msgs/i2c_pwm_board_msgs/msg/detail/servo__description.c
[29.828s] -- Installing: /home/ubuntu/pi-dog_ws/install/i2c_pwm_board_msgs/include/i2c_pwm_board_msgs/i2c_pwm_board_msgs/msg/detail/servo_config_array__type_support.h
[29.829s] -- Installing: /home/ubuntu/pi-dog_ws/install/i2c_pwm_board_msgs/include/i2c_pwm_board_msgs/i2c_pwm_board_msgs/msg/detail/servo_config_array__description.c
[29.829s] -- Installing: /home/ubuntu/pi-dog_ws/install/i2c_pwm_board_msgs/include/i2c_pwm_board_msgs/i2c_pwm_board_msgs/msg/detail/position_array__type_support.h
[29.829s] -- Installing: /home/ubuntu/pi-dog_ws/install/i2c_pwm_board_msgs/include/i2c_pwm_board_msgs/i2c_pwm_board_msgs/msg/detail/servo_config__description.c
[29.830s] -- Installing: /home/ubuntu/pi-dog_ws/install/i2c_pwm_board_msgs/include/i2c_pwm_board_msgs/i2c_pwm_board_msgs/msg/detail/servo_config_array__functions.h
[29.830s] -- Installing: /home/ubuntu/pi-dog_ws/install/i2c_pwm_board_msgs/include/i2c_pwm_board_msgs/i2c_pwm_board_msgs/msg/detail/position__struct.h
[29.830s] -- Installing: /home/ubuntu/pi-dog_ws/install/i2c_pwm_board_msgs/include/i2c_pwm_board_msgs/i2c_pwm_board_msgs/msg/detail/servo_array__struct.h
[29.831s] -- Installing: /home/ubuntu/pi-dog_ws/install/i2c_pwm_board_msgs/include/i2c_pwm_board_msgs/i2c_pwm_board_msgs/msg/detail/servo_array__functions.h
[29.831s] -- Installing: /home/ubuntu/pi-dog_ws/install/i2c_pwm_board_msgs/include/i2c_pwm_board_msgs/i2c_pwm_board_msgs/msg/detail/servo_config__functions.c
[29.831s] -- Installing: /home/ubuntu/pi-dog_ws/install/i2c_pwm_board_msgs/include/i2c_pwm_board_msgs/i2c_pwm_board_msgs/msg/rosidl_generator_c__visibility_control.h
[29.832s] -- Installing: /home/ubuntu/pi-dog_ws/install/i2c_pwm_board_msgs/include/i2c_pwm_board_msgs/i2c_pwm_board_msgs/msg/servo.h
[29.832s] -- Installing: /home/ubuntu/pi-dog_ws/install/i2c_pwm_board_msgs/include/i2c_pwm_board_msgs/i2c_pwm_board_msgs/msg/position.h
[29.832s] -- Installing: /home/ubuntu/pi-dog_ws/install/i2c_pwm_board_msgs/include/i2c_pwm_board_msgs/i2c_pwm_board_msgs/msg/servo_array.h
[29.832s] -- Installing: /home/ubuntu/pi-dog_ws/install/i2c_pwm_board_msgs/include/i2c_pwm_board_msgs/i2c_pwm_board_msgs/msg/position_array.h
[29.833s] -- Installing: /home/ubuntu/pi-dog_ws/install/i2c_pwm_board_msgs/include/i2c_pwm_board_msgs/i2c_pwm_board_msgs/srv
[29.833s] -- Installing: /home/ubuntu/pi-dog_ws/install/i2c_pwm_board_msgs/include/i2c_pwm_board_msgs/i2c_pwm_board_msgs/srv/servos_config.h
[29.833s] -- Installing: /home/ubuntu/pi-dog_ws/install/i2c_pwm_board_msgs/include/i2c_pwm_board_msgs/i2c_pwm_board_msgs/srv/detail
[29.834s] -- Installing: /home/ubuntu/pi-dog_ws/install/i2c_pwm_board_msgs/include/i2c_pwm_board_msgs/i2c_pwm_board_msgs/srv/detail/int_value__description.c
[29.834s] -- Installing: /home/ubuntu/pi-dog_ws/install/i2c_pwm_board_msgs/include/i2c_pwm_board_msgs/i2c_pwm_board_msgs/srv/detail/int_value__functions.h
[29.834s] -- Installing: /home/ubuntu/pi-dog_ws/install/i2c_pwm_board_msgs/include/i2c_pwm_board_msgs/i2c_pwm_board_msgs/srv/detail/servos_config__description.c
[29.835s] -- Installing: /home/ubuntu/pi-dog_ws/install/i2c_pwm_board_msgs/include/i2c_pwm_board_msgs/i2c_pwm_board_msgs/srv/detail/int_value__type_support.h
[29.835s] -- Installing: /home/ubuntu/pi-dog_ws/install/i2c_pwm_board_msgs/include/i2c_pwm_board_msgs/i2c_pwm_board_msgs/srv/detail/servos_config__struct.h
[29.835s] -- Installing: /home/ubuntu/pi-dog_ws/install/i2c_pwm_board_msgs/include/i2c_pwm_board_msgs/i2c_pwm_board_msgs/srv/detail/drive_mode__functions.h
[29.836s] -- Installing: /home/ubuntu/pi-dog_ws/install/i2c_pwm_board_msgs/include/i2c_pwm_board_msgs/i2c_pwm_board_msgs/srv/detail/stop_servos__struct.h
[29.836s] -- Installing: /home/ubuntu/pi-dog_ws/install/i2c_pwm_board_msgs/include/i2c_pwm_board_msgs/i2c_pwm_board_msgs/srv/detail/servos_config__functions.c
[29.836s] -- Installing: /home/ubuntu/pi-dog_ws/install/i2c_pwm_board_msgs/include/i2c_pwm_board_msgs/i2c_pwm_board_msgs/srv/detail/stop_servos__type_support.c
[29.837s] -- Installing: /home/ubuntu/pi-dog_ws/install/i2c_pwm_board_msgs/include/i2c_pwm_board_msgs/i2c_pwm_board_msgs/srv/detail/drive_mode__description.c
[29.837s] -- Installing: /home/ubuntu/pi-dog_ws/install/i2c_pwm_board_msgs/include/i2c_pwm_board_msgs/i2c_pwm_board_msgs/srv/detail/servos_config__type_support.h
[29.837s] -- Installing: /home/ubuntu/pi-dog_ws/install/i2c_pwm_board_msgs/include/i2c_pwm_board_msgs/i2c_pwm_board_msgs/srv/detail/int_value__functions.c
[29.838s] -- Installing: /home/ubuntu/pi-dog_ws/install/i2c_pwm_board_msgs/include/i2c_pwm_board_msgs/i2c_pwm_board_msgs/srv/detail/drive_mode__type_support.c
[29.838s] -- Installing: /home/ubuntu/pi-dog_ws/install/i2c_pwm_board_msgs/include/i2c_pwm_board_msgs/i2c_pwm_board_msgs/srv/detail/stop_servos__functions.h
[29.839s] -- Installing: /home/ubuntu/pi-dog_ws/install/i2c_pwm_board_msgs/include/i2c_pwm_board_msgs/i2c_pwm_board_msgs/srv/detail/stop_servos__functions.c
[29.839s] -- Installing: /home/ubuntu/pi-dog_ws/install/i2c_pwm_board_msgs/include/i2c_pwm_board_msgs/i2c_pwm_board_msgs/srv/detail/int_value__struct.h
[29.839s] -- Installing: /home/ubuntu/pi-dog_ws/install/i2c_pwm_board_msgs/include/i2c_pwm_board_msgs/i2c_pwm_board_msgs/srv/detail/servos_config__functions.h
[29.840s] -- Installing: /home/ubuntu/pi-dog_ws/install/i2c_pwm_board_msgs/include/i2c_pwm_board_msgs/i2c_pwm_board_msgs/srv/detail/stop_servos__type_support.h
[29.840s] -- Installing: /home/ubuntu/pi-dog_ws/install/i2c_pwm_board_msgs/include/i2c_pwm_board_msgs/i2c_pwm_board_msgs/srv/detail/servos_config__type_support.c
[29.840s] -- Installing: /home/ubuntu/pi-dog_ws/install/i2c_pwm_board_msgs/include/i2c_pwm_board_msgs/i2c_pwm_board_msgs/srv/detail/stop_servos__description.c
[29.841s] -- Installing: /home/ubuntu/pi-dog_ws/install/i2c_pwm_board_msgs/include/i2c_pwm_board_msgs/i2c_pwm_board_msgs/srv/detail/drive_mode__struct.h
[29.841s] -- Installing: /home/ubuntu/pi-dog_ws/install/i2c_pwm_board_msgs/include/i2c_pwm_board_msgs/i2c_pwm_board_msgs/srv/detail/drive_mode__functions.c
[29.841s] -- Installing: /home/ubuntu/pi-dog_ws/install/i2c_pwm_board_msgs/include/i2c_pwm_board_msgs/i2c_pwm_board_msgs/srv/detail/drive_mode__type_support.h
[29.842s] -- Installing: /home/ubuntu/pi-dog_ws/install/i2c_pwm_board_msgs/include/i2c_pwm_board_msgs/i2c_pwm_board_msgs/srv/detail/int_value__type_support.c
[29.842s] -- Installing: /home/ubuntu/pi-dog_ws/install/i2c_pwm_board_msgs/include/i2c_pwm_board_msgs/i2c_pwm_board_msgs/srv/int_value.h
[29.842s] -- Installing: /home/ubuntu/pi-dog_ws/install/i2c_pwm_board_msgs/include/i2c_pwm_board_msgs/i2c_pwm_board_msgs/srv/drive_mode.h
[29.843s] -- Installing: /home/ubuntu/pi-dog_ws/install/i2c_pwm_board_msgs/include/i2c_pwm_board_msgs/i2c_pwm_board_msgs/srv/stop_servos.h
[29.843s] -- Installing: /home/ubuntu/pi-dog_ws/install/i2c_pwm_board_msgs/share/i2c_pwm_board_msgs/environment/library_path.sh
[29.844s] -- Installing: /home/ubuntu/pi-dog_ws/install/i2c_pwm_board_msgs/share/i2c_pwm_board_msgs/environment/library_path.dsv
[29.844s] -- Installing: /home/ubuntu/pi-dog_ws/install/i2c_pwm_board_msgs/lib/libi2c_pwm_board_msgs__rosidl_generator_c.so
[29.846s] -- Set non-toolchain portion of runtime path of "/home/ubuntu/pi-dog_ws/install/i2c_pwm_board_msgs/lib/libi2c_pwm_board_msgs__rosidl_generator_c.so" to ""
[29.847s] -- Up-to-date: /home/ubuntu/pi-dog_ws/install/i2c_pwm_board_msgs/include/i2c_pwm_board_msgs/i2c_pwm_board_msgs
[29.847s] -- Up-to-date: /home/ubuntu/pi-dog_ws/install/i2c_pwm_board_msgs/include/i2c_pwm_board_msgs/i2c_pwm_board_msgs/msg
[29.847s] -- Up-to-date: /home/ubuntu/pi-dog_ws/install/i2c_pwm_board_msgs/include/i2c_pwm_board_msgs/i2c_pwm_board_msgs/msg/detail
[29.848s] -- Installing: /home/ubuntu/pi-dog_ws/install/i2c_pwm_board_msgs/include/i2c_pwm_board_msgs/i2c_pwm_board_msgs/msg/detail/servo__rosidl_typesupport_fastrtps_c.h
[29.848s] -- Installing: /home/ubuntu/pi-dog_ws/install/i2c_pwm_board_msgs/include/i2c_pwm_board_msgs/i2c_pwm_board_msgs/msg/detail/servo_array__rosidl_typesupport_fastrtps_c.h
[29.848s] -- Installing: /home/ubuntu/pi-dog_ws/install/i2c_pwm_board_msgs/include/i2c_pwm_board_msgs/i2c_pwm_board_msgs/msg/detail/position__rosidl_typesupport_fastrtps_c.h
[29.848s] -- Installing: /home/ubuntu/pi-dog_ws/install/i2c_pwm_board_msgs/include/i2c_pwm_board_msgs/i2c_pwm_board_msgs/msg/detail/servo_config__rosidl_typesupport_fastrtps_c.h
[29.849s] -- Installing: /home/ubuntu/pi-dog_ws/install/i2c_pwm_board_msgs/include/i2c_pwm_board_msgs/i2c_pwm_board_msgs/msg/detail/position_array__rosidl_typesupport_fastrtps_c.h
[29.849s] -- Installing: /home/ubuntu/pi-dog_ws/install/i2c_pwm_board_msgs/include/i2c_pwm_board_msgs/i2c_pwm_board_msgs/msg/detail/servo_config_array__rosidl_typesupport_fastrtps_c.h
[29.849s] -- Installing: /home/ubuntu/pi-dog_ws/install/i2c_pwm_board_msgs/include/i2c_pwm_board_msgs/i2c_pwm_board_msgs/msg/rosidl_typesupport_fastrtps_c__visibility_control.h
[29.850s] -- Up-to-date: /home/ubuntu/pi-dog_ws/install/i2c_pwm_board_msgs/include/i2c_pwm_board_msgs/i2c_pwm_board_msgs/srv
[29.850s] -- Up-to-date: /home/ubuntu/pi-dog_ws/install/i2c_pwm_board_msgs/include/i2c_pwm_board_msgs/i2c_pwm_board_msgs/srv/detail
[29.850s] -- Installing: /home/ubuntu/pi-dog_ws/install/i2c_pwm_board_msgs/include/i2c_pwm_board_msgs/i2c_pwm_board_msgs/srv/detail/drive_mode__rosidl_typesupport_fastrtps_c.h
[29.850s] -- Installing: /home/ubuntu/pi-dog_ws/install/i2c_pwm_board_msgs/include/i2c_pwm_board_msgs/i2c_pwm_board_msgs/srv/detail/stop_servos__rosidl_typesupport_fastrtps_c.h
[29.850s] -- Installing: /home/ubuntu/pi-dog_ws/install/i2c_pwm_board_msgs/include/i2c_pwm_board_msgs/i2c_pwm_board_msgs/srv/detail/servos_config__rosidl_typesupport_fastrtps_c.h
[29.850s] -- Installing: /home/ubuntu/pi-dog_ws/install/i2c_pwm_board_msgs/include/i2c_pwm_board_msgs/i2c_pwm_board_msgs/srv/detail/int_value__rosidl_typesupport_fastrtps_c.h
[29.851s] -- Installing: /home/ubuntu/pi-dog_ws/install/i2c_pwm_board_msgs/lib/libi2c_pwm_board_msgs__rosidl_typesupport_fastrtps_c.so
[29.852s] -- Set non-toolchain portion of runtime path of "/home/ubuntu/pi-dog_ws/install/i2c_pwm_board_msgs/lib/libi2c_pwm_board_msgs__rosidl_typesupport_fastrtps_c.so" to ""
[29.852s] -- Up-to-date: /home/ubuntu/pi-dog_ws/install/i2c_pwm_board_msgs/include/i2c_pwm_board_msgs/i2c_pwm_board_msgs
[29.852s] -- Up-to-date: /home/ubuntu/pi-dog_ws/install/i2c_pwm_board_msgs/include/i2c_pwm_board_msgs/i2c_pwm_board_msgs/msg
[29.852s] -- Installing: /home/ubuntu/pi-dog_ws/install/i2c_pwm_board_msgs/include/i2c_pwm_board_msgs/i2c_pwm_board_msgs/msg/rosidl_typesupport_introspection_c__visibility_control.h
[29.852s] -- Up-to-date: /home/ubuntu/pi-dog_ws/install/i2c_pwm_board_msgs/include/i2c_pwm_board_msgs/i2c_pwm_board_msgs/msg/detail
[29.852s] -- Installing: /home/ubuntu/pi-dog_ws/install/i2c_pwm_board_msgs/include/i2c_pwm_board_msgs/i2c_pwm_board_msgs/msg/detail/servo__rosidl_typesupport_introspection_c.h
[29.852s] -- Installing: /home/ubuntu/pi-dog_ws/install/i2c_pwm_board_msgs/include/i2c_pwm_board_msgs/i2c_pwm_board_msgs/msg/detail/servo_array__rosidl_typesupport_introspection_c.h
[29.852s] -- Installing: /home/ubuntu/pi-dog_ws/install/i2c_pwm_board_msgs/include/i2c_pwm_board_msgs/i2c_pwm_board_msgs/msg/detail/position_array__type_support.c
[29.852s] -- Installing: /home/ubuntu/pi-dog_ws/install/i2c_pwm_board_msgs/include/i2c_pwm_board_msgs/i2c_pwm_board_msgs/msg/detail/position__type_support.c
[29.853s] -- Installing: /home/ubuntu/pi-dog_ws/install/i2c_pwm_board_msgs/include/i2c_pwm_board_msgs/i2c_pwm_board_msgs/msg/detail/servo_config_array__rosidl_typesupport_introspection_c.h
[29.853s] -- Installing: /home/ubuntu/pi-dog_ws/install/i2c_pwm_board_msgs/include/i2c_pwm_board_msgs/i2c_pwm_board_msgs/msg/detail/servo_config_array__type_support.c
[29.853s] -- Installing: /home/ubuntu/pi-dog_ws/install/i2c_pwm_board_msgs/include/i2c_pwm_board_msgs/i2c_pwm_board_msgs/msg/detail/servo_config__type_support.c
[29.853s] -- Installing: /home/ubuntu/pi-dog_ws/install/i2c_pwm_board_msgs/include/i2c_pwm_board_msgs/i2c_pwm_board_msgs/msg/detail/servo_array__type_support.c
[29.853s] -- Installing: /home/ubuntu/pi-dog_ws/install/i2c_pwm_board_msgs/include/i2c_pwm_board_msgs/i2c_pwm_board_msgs/msg/detail/position__rosidl_typesupport_introspection_c.h
[29.853s] -- Installing: /home/ubuntu/pi-dog_ws/install/i2c_pwm_board_msgs/include/i2c_pwm_board_msgs/i2c_pwm_board_msgs/msg/detail/position_array__rosidl_typesupport_introspection_c.h
[29.854s] -- Installing: /home/ubuntu/pi-dog_ws/install/i2c_pwm_board_msgs/include/i2c_pwm_board_msgs/i2c_pwm_board_msgs/msg/detail/servo__type_support.c
[29.854s] -- Installing: /home/ubuntu/pi-dog_ws/install/i2c_pwm_board_msgs/include/i2c_pwm_board_msgs/i2c_pwm_board_msgs/msg/detail/servo_config__rosidl_typesupport_introspection_c.h
[29.854s] -- Up-to-date: /home/ubuntu/pi-dog_ws/install/i2c_pwm_board_msgs/include/i2c_pwm_board_msgs/i2c_pwm_board_msgs/srv
[29.854s] -- Up-to-date: /home/ubuntu/pi-dog_ws/install/i2c_pwm_board_msgs/include/i2c_pwm_board_msgs/i2c_pwm_board_msgs/srv/detail
[29.854s] -- Installing: /home/ubuntu/pi-dog_ws/install/i2c_pwm_board_msgs/include/i2c_pwm_board_msgs/i2c_pwm_board_msgs/srv/detail/int_value__rosidl_typesupport_introspection_c.h
[29.854s] -- Installing: /home/ubuntu/pi-dog_ws/install/i2c_pwm_board_msgs/include/i2c_pwm_board_msgs/i2c_pwm_board_msgs/srv/detail/stop_servos__rosidl_typesupport_introspection_c.h
[29.854s] -- Installing: /home/ubuntu/pi-dog_ws/install/i2c_pwm_board_msgs/include/i2c_pwm_board_msgs/i2c_pwm_board_msgs/srv/detail/stop_servos__type_support.c
[29.854s] -- Installing: /home/ubuntu/pi-dog_ws/install/i2c_pwm_board_msgs/include/i2c_pwm_board_msgs/i2c_pwm_board_msgs/srv/detail/drive_mode__rosidl_typesupport_introspection_c.h
[29.855s] -- Installing: /home/ubuntu/pi-dog_ws/install/i2c_pwm_board_msgs/include/i2c_pwm_board_msgs/i2c_pwm_board_msgs/srv/detail/drive_mode__type_support.c
[29.855s] -- Installing: /home/ubuntu/pi-dog_ws/install/i2c_pwm_board_msgs/include/i2c_pwm_board_msgs/i2c_pwm_board_msgs/srv/detail/servos_config__type_support.c
[29.855s] -- Installing: /home/ubuntu/pi-dog_ws/install/i2c_pwm_board_msgs/include/i2c_pwm_board_msgs/i2c_pwm_board_msgs/srv/detail/servos_config__rosidl_typesupport_introspection_c.h
[29.855s] -- Installing: /home/ubuntu/pi-dog_ws/install/i2c_pwm_board_msgs/include/i2c_pwm_board_msgs/i2c_pwm_board_msgs/srv/detail/int_value__type_support.c
[29.855s] -- Installing: /home/ubuntu/pi-dog_ws/install/i2c_pwm_board_msgs/lib/libi2c_pwm_board_msgs__rosidl_typesupport_introspection_c.so
[29.856s] -- Set non-toolchain portion of runtime path of "/home/ubuntu/pi-dog_ws/install/i2c_pwm_board_msgs/lib/libi2c_pwm_board_msgs__rosidl_typesupport_introspection_c.so" to ""
[29.856s] -- Installing: /home/ubuntu/pi-dog_ws/install/i2c_pwm_board_msgs/lib/libi2c_pwm_board_msgs__rosidl_typesupport_c.so
[29.857s] -- Set non-toolchain portion of runtime path of "/home/ubuntu/pi-dog_ws/install/i2c_pwm_board_msgs/lib/libi2c_pwm_board_msgs__rosidl_typesupport_c.so" to ""
[29.857s] -- Up-to-date: /home/ubuntu/pi-dog_ws/install/i2c_pwm_board_msgs/include/i2c_pwm_board_msgs/i2c_pwm_board_msgs
[29.857s] -- Up-to-date: /home/ubuntu/pi-dog_ws/install/i2c_pwm_board_msgs/include/i2c_pwm_board_msgs/i2c_pwm_board_msgs/msg
[29.857s] -- Installing: /home/ubuntu/pi-dog_ws/install/i2c_pwm_board_msgs/include/i2c_pwm_board_msgs/i2c_pwm_board_msgs/msg/rosidl_generator_cpp__visibility_control.hpp
[29.857s] -- Installing: /home/ubuntu/pi-dog_ws/install/i2c_pwm_board_msgs/include/i2c_pwm_board_msgs/i2c_pwm_board_msgs/msg/position_array.hpp
[29.857s] -- Installing: /home/ubuntu/pi-dog_ws/install/i2c_pwm_board_msgs/include/i2c_pwm_board_msgs/i2c_pwm_board_msgs/msg/servo.hpp
[29.857s] -- Up-to-date: /home/ubuntu/pi-dog_ws/install/i2c_pwm_board_msgs/include/i2c_pwm_board_msgs/i2c_pwm_board_msgs/msg/detail
[29.857s] -- Installing: /home/ubuntu/pi-dog_ws/install/i2c_pwm_board_msgs/include/i2c_pwm_board_msgs/i2c_pwm_board_msgs/msg/detail/position__struct.hpp
[29.858s] -- Installing: /home/ubuntu/pi-dog_ws/install/i2c_pwm_board_msgs/include/i2c_pwm_board_msgs/i2c_pwm_board_msgs/msg/detail/servo_config__type_support.hpp
[29.858s] -- Installing: /home/ubuntu/pi-dog_ws/install/i2c_pwm_board_msgs/include/i2c_pwm_board_msgs/i2c_pwm_board_msgs/msg/detail/servo_array__traits.hpp
[29.858s] -- Installing: /home/ubuntu/pi-dog_ws/install/i2c_pwm_board_msgs/include/i2c_pwm_board_msgs/i2c_pwm_board_msgs/msg/detail/position__builder.hpp
[29.858s] -- Installing: /home/ubuntu/pi-dog_ws/install/i2c_pwm_board_msgs/include/i2c_pwm_board_msgs/i2c_pwm_board_msgs/msg/detail/position_array__type_support.hpp
[29.858s] -- Installing: /home/ubuntu/pi-dog_ws/install/i2c_pwm_board_msgs/include/i2c_pwm_board_msgs/i2c_pwm_board_msgs/msg/detail/position_array__builder.hpp
[29.858s] -- Installing: /home/ubuntu/pi-dog_ws/install/i2c_pwm_board_msgs/include/i2c_pwm_board_msgs/i2c_pwm_board_msgs/msg/detail/servo_config__struct.hpp
[29.858s] -- Installing: /home/ubuntu/pi-dog_ws/install/i2c_pwm_board_msgs/include/i2c_pwm_board_msgs/i2c_pwm_board_msgs/msg/detail/position_array__struct.hpp
[29.858s] -- Installing: /home/ubuntu/pi-dog_ws/install/i2c_pwm_board_msgs/include/i2c_pwm_board_msgs/i2c_pwm_board_msgs/msg/detail/servo_config_array__traits.hpp
[29.859s] -- Installing: /home/ubuntu/pi-dog_ws/install/i2c_pwm_board_msgs/include/i2c_pwm_board_msgs/i2c_pwm_board_msgs/msg/detail/servo_config_array__builder.hpp
[29.859s] -- Installing: /home/ubuntu/pi-dog_ws/install/i2c_pwm_board_msgs/include/i2c_pwm_board_msgs/i2c_pwm_board_msgs/msg/detail/servo_array__type_support.hpp
[29.859s] -- Installing: /home/ubuntu/pi-dog_ws/install/i2c_pwm_board_msgs/include/i2c_pwm_board_msgs/i2c_pwm_board_msgs/msg/detail/servo_config_array__struct.hpp
[29.859s] -- Installing: /home/ubuntu/pi-dog_ws/install/i2c_pwm_board_msgs/include/i2c_pwm_board_msgs/i2c_pwm_board_msgs/msg/detail/servo_config__builder.hpp
[29.859s] -- Installing: /home/ubuntu/pi-dog_ws/install/i2c_pwm_board_msgs/include/i2c_pwm_board_msgs/i2c_pwm_board_msgs/msg/detail/servo_config_array__type_support.hpp
[29.859s] -- Installing: /home/ubuntu/pi-dog_ws/install/i2c_pwm_board_msgs/include/i2c_pwm_board_msgs/i2c_pwm_board_msgs/msg/detail/servo_array__builder.hpp
[29.859s] -- Installing: /home/ubuntu/pi-dog_ws/install/i2c_pwm_board_msgs/include/i2c_pwm_board_msgs/i2c_pwm_board_msgs/msg/detail/servo_array__struct.hpp
[29.860s] -- Installing: /home/ubuntu/pi-dog_ws/install/i2c_pwm_board_msgs/include/i2c_pwm_board_msgs/i2c_pwm_board_msgs/msg/detail/servo__traits.hpp
[29.860s] -- Installing: /home/ubuntu/pi-dog_ws/install/i2c_pwm_board_msgs/include/i2c_pwm_board_msgs/i2c_pwm_board_msgs/msg/detail/servo__type_support.hpp
[29.860s] -- Installing: /home/ubuntu/pi-dog_ws/install/i2c_pwm_board_msgs/include/i2c_pwm_board_msgs/i2c_pwm_board_msgs/msg/detail/position__type_support.hpp
[29.860s] -- Installing: /home/ubuntu/pi-dog_ws/install/i2c_pwm_board_msgs/include/i2c_pwm_board_msgs/i2c_pwm_board_msgs/msg/detail/servo_config__traits.hpp
[29.860s] -- Installing: /home/ubuntu/pi-dog_ws/install/i2c_pwm_board_msgs/include/i2c_pwm_board_msgs/i2c_pwm_board_msgs/msg/detail/servo__builder.hpp
[29.860s] -- Installing: /home/ubuntu/pi-dog_ws/install/i2c_pwm_board_msgs/include/i2c_pwm_board_msgs/i2c_pwm_board_msgs/msg/detail/position_array__traits.hpp
[29.860s] -- Installing: /home/ubuntu/pi-dog_ws/install/i2c_pwm_board_msgs/include/i2c_pwm_board_msgs/i2c_pwm_board_msgs/msg/detail/position__traits.hpp
[29.860s] -- Installing: /home/ubuntu/pi-dog_ws/install/i2c_pwm_board_msgs/include/i2c_pwm_board_msgs/i2c_pwm_board_msgs/msg/detail/servo__struct.hpp
[29.861s] -- Installing: /home/ubuntu/pi-dog_ws/install/i2c_pwm_board_msgs/include/i2c_pwm_board_msgs/i2c_pwm_board_msgs/msg/servo_config_array.hpp
[29.861s] -- Installing: /home/ubuntu/pi-dog_ws/install/i2c_pwm_board_msgs/include/i2c_pwm_board_msgs/i2c_pwm_board_msgs/msg/servo_config.hpp
[29.861s] -- Installing: /home/ubuntu/pi-dog_ws/install/i2c_pwm_board_msgs/include/i2c_pwm_board_msgs/i2c_pwm_board_msgs/msg/servo_array.hpp
[29.861s] -- Installing: /home/ubuntu/pi-dog_ws/install/i2c_pwm_board_msgs/include/i2c_pwm_board_msgs/i2c_pwm_board_msgs/msg/position.hpp
[29.861s] -- Up-to-date: /home/ubuntu/pi-dog_ws/install/i2c_pwm_board_msgs/include/i2c_pwm_board_msgs/i2c_pwm_board_msgs/srv
[29.861s] -- Installing: /home/ubuntu/pi-dog_ws/install/i2c_pwm_board_msgs/include/i2c_pwm_board_msgs/i2c_pwm_board_msgs/srv/int_value.hpp
[29.861s] -- Installing: /home/ubuntu/pi-dog_ws/install/i2c_pwm_board_msgs/include/i2c_pwm_board_msgs/i2c_pwm_board_msgs/srv/drive_mode.hpp
[29.862s] -- Installing: /home/ubuntu/pi-dog_ws/install/i2c_pwm_board_msgs/include/i2c_pwm_board_msgs/i2c_pwm_board_msgs/srv/servos_config.hpp
[29.862s] -- Up-to-date: /home/ubuntu/pi-dog_ws/install/i2c_pwm_board_msgs/include/i2c_pwm_board_msgs/i2c_pwm_board_msgs/srv/detail
[29.862s] -- Installing: /home/ubuntu/pi-dog_ws/install/i2c_pwm_board_msgs/include/i2c_pwm_board_msgs/i2c_pwm_board_msgs/srv/detail/servos_config__traits.hpp
[29.862s] -- Installing: /home/ubuntu/pi-dog_ws/install/i2c_pwm_board_msgs/include/i2c_pwm_board_msgs/i2c_pwm_board_msgs/srv/detail/int_value__builder.hpp
[29.862s] -- Installing: /home/ubuntu/pi-dog_ws/install/i2c_pwm_board_msgs/include/i2c_pwm_board_msgs/i2c_pwm_board_msgs/srv/detail/servos_config__struct.hpp
[29.862s] -- Installing: /home/ubuntu/pi-dog_ws/install/i2c_pwm_board_msgs/include/i2c_pwm_board_msgs/i2c_pwm_board_msgs/srv/detail/drive_mode__type_support.hpp
[29.862s] -- Installing: /home/ubuntu/pi-dog_ws/install/i2c_pwm_board_msgs/include/i2c_pwm_board_msgs/i2c_pwm_board_msgs/srv/detail/stop_servos__struct.hpp
[29.862s] -- Installing: /home/ubuntu/pi-dog_ws/install/i2c_pwm_board_msgs/include/i2c_pwm_board_msgs/i2c_pwm_board_msgs/srv/detail/stop_servos__type_support.hpp
[29.863s] -- Installing: /home/ubuntu/pi-dog_ws/install/i2c_pwm_board_msgs/include/i2c_pwm_board_msgs/i2c_pwm_board_msgs/srv/detail/drive_mode__traits.hpp
[29.863s] -- Installing: /home/ubuntu/pi-dog_ws/install/i2c_pwm_board_msgs/include/i2c_pwm_board_msgs/i2c_pwm_board_msgs/srv/detail/servos_config__builder.hpp
[29.863s] -- Installing: /home/ubuntu/pi-dog_ws/install/i2c_pwm_board_msgs/include/i2c_pwm_board_msgs/i2c_pwm_board_msgs/srv/detail/int_value__struct.hpp
[29.863s] -- Installing: /home/ubuntu/pi-dog_ws/install/i2c_pwm_board_msgs/include/i2c_pwm_board_msgs/i2c_pwm_board_msgs/srv/detail/stop_servos__traits.hpp
[29.863s] -- Installing: /home/ubuntu/pi-dog_ws/install/i2c_pwm_board_msgs/include/i2c_pwm_board_msgs/i2c_pwm_board_msgs/srv/detail/servos_config__type_support.hpp
[29.863s] -- Installing: /home/ubuntu/pi-dog_ws/install/i2c_pwm_board_msgs/include/i2c_pwm_board_msgs/i2c_pwm_board_msgs/srv/detail/stop_servos__builder.hpp
[29.863s] -- Installing: /home/ubuntu/pi-dog_ws/install/i2c_pwm_board_msgs/include/i2c_pwm_board_msgs/i2c_pwm_board_msgs/srv/detail/drive_mode__builder.hpp
[29.864s] -- Installing: /home/ubuntu/pi-dog_ws/install/i2c_pwm_board_msgs/include/i2c_pwm_board_msgs/i2c_pwm_board_msgs/srv/detail/drive_mode__struct.hpp
[29.864s] -- Installing: /home/ubuntu/pi-dog_ws/install/i2c_pwm_board_msgs/include/i2c_pwm_board_msgs/i2c_pwm_board_msgs/srv/detail/int_value__type_support.hpp
[29.864s] -- Installing: /home/ubuntu/pi-dog_ws/install/i2c_pwm_board_msgs/include/i2c_pwm_board_msgs/i2c_pwm_board_msgs/srv/detail/int_value__traits.hpp
[29.864s] -- Installing: /home/ubuntu/pi-dog_ws/install/i2c_pwm_board_msgs/include/i2c_pwm_board_msgs/i2c_pwm_board_msgs/srv/stop_servos.hpp
[29.864s] -- Up-to-date: /home/ubuntu/pi-dog_ws/install/i2c_pwm_board_msgs/include/i2c_pwm_board_msgs/i2c_pwm_board_msgs
[29.864s] -- Up-to-date: /home/ubuntu/pi-dog_ws/install/i2c_pwm_board_msgs/include/i2c_pwm_board_msgs/i2c_pwm_board_msgs/msg
[29.868s] -- Installing: /home/ubuntu/pi-dog_ws/install/i2c_pwm_board_msgs/include/i2c_pwm_board_msgs/i2c_pwm_board_msgs/msg/rosidl_typesupport_fastrtps_cpp__visibility_control.h
[29.868s] -- Up-to-date: /home/ubuntu/pi-dog_ws/install/i2c_pwm_board_msgs/include/i2c_pwm_board_msgs/i2c_pwm_board_msgs/msg/detail
[29.868s] -- Installing: /home/ubuntu/pi-dog_ws/install/i2c_pwm_board_msgs/include/i2c_pwm_board_msgs/i2c_pwm_board_msgs/msg/detail/servo_config_array__rosidl_typesupport_fastrtps_cpp.hpp
[29.868s] -- Installing: /home/ubuntu/pi-dog_ws/install/i2c_pwm_board_msgs/include/i2c_pwm_board_msgs/i2c_pwm_board_msgs/msg/detail/dds_fastrtps
[29.868s] -- Installing: /home/ubuntu/pi-dog_ws/install/i2c_pwm_board_msgs/include/i2c_pwm_board_msgs/i2c_pwm_board_msgs/msg/detail/servo__rosidl_typesupport_fastrtps_cpp.hpp
[29.868s] -- Installing: /home/ubuntu/pi-dog_ws/install/i2c_pwm_board_msgs/include/i2c_pwm_board_msgs/i2c_pwm_board_msgs/msg/detail/servo_config__rosidl_typesupport_fastrtps_cpp.hpp
[29.868s] -- Installing: /home/ubuntu/pi-dog_ws/install/i2c_pwm_board_msgs/include/i2c_pwm_board_msgs/i2c_pwm_board_msgs/msg/detail/position_array__rosidl_typesupport_fastrtps_cpp.hpp
[29.868s] -- Installing: /home/ubuntu/pi-dog_ws/install/i2c_pwm_board_msgs/include/i2c_pwm_board_msgs/i2c_pwm_board_msgs/msg/detail/servo_array__rosidl_typesupport_fastrtps_cpp.hpp
[29.868s] -- Installing: /home/ubuntu/pi-dog_ws/install/i2c_pwm_board_msgs/include/i2c_pwm_board_msgs/i2c_pwm_board_msgs/msg/detail/position__rosidl_typesupport_fastrtps_cpp.hpp
[29.868s] -- Up-to-date: /home/ubuntu/pi-dog_ws/install/i2c_pwm_board_msgs/include/i2c_pwm_board_msgs/i2c_pwm_board_msgs/srv
[29.869s] -- Up-to-date: /home/ubuntu/pi-dog_ws/install/i2c_pwm_board_msgs/include/i2c_pwm_board_msgs/i2c_pwm_board_msgs/srv/detail
[29.869s] -- Installing: /home/ubuntu/pi-dog_ws/install/i2c_pwm_board_msgs/include/i2c_pwm_board_msgs/i2c_pwm_board_msgs/srv/detail/dds_fastrtps
[29.869s] -- Installing: /home/ubuntu/pi-dog_ws/install/i2c_pwm_board_msgs/include/i2c_pwm_board_msgs/i2c_pwm_board_msgs/srv/detail/servos_config__rosidl_typesupport_fastrtps_cpp.hpp
[29.869s] -- Installing: /home/ubuntu/pi-dog_ws/install/i2c_pwm_board_msgs/include/i2c_pwm_board_msgs/i2c_pwm_board_msgs/srv/detail/int_value__rosidl_typesupport_fastrtps_cpp.hpp
[29.869s] -- Installing: /home/ubuntu/pi-dog_ws/install/i2c_pwm_board_msgs/include/i2c_pwm_board_msgs/i2c_pwm_board_msgs/srv/detail/drive_mode__rosidl_typesupport_fastrtps_cpp.hpp
[29.869s] -- Installing: /home/ubuntu/pi-dog_ws/install/i2c_pwm_board_msgs/include/i2c_pwm_board_msgs/i2c_pwm_board_msgs/srv/detail/stop_servos__rosidl_typesupport_fastrtps_cpp.hpp
[29.869s] -- Installing: /home/ubuntu/pi-dog_ws/install/i2c_pwm_board_msgs/lib/libi2c_pwm_board_msgs__rosidl_typesupport_fastrtps_cpp.so
[29.869s] -- Set non-toolchain portion of runtime path of "/home/ubuntu/pi-dog_ws/install/i2c_pwm_board_msgs/lib/libi2c_pwm_board_msgs__rosidl_typesupport_fastrtps_cpp.so" to ""
[29.869s] -- Up-to-date: /home/ubuntu/pi-dog_ws/install/i2c_pwm_board_msgs/include/i2c_pwm_board_msgs/i2c_pwm_board_msgs
[29.869s] -- Up-to-date: /home/ubuntu/pi-dog_ws/install/i2c_pwm_board_msgs/include/i2c_pwm_board_msgs/i2c_pwm_board_msgs/msg
[29.869s] -- Up-to-date: /home/ubuntu/pi-dog_ws/install/i2c_pwm_board_msgs/include/i2c_pwm_board_msgs/i2c_pwm_board_msgs/msg/detail
[29.869s] -- Installing: /home/ubuntu/pi-dog_ws/install/i2c_pwm_board_msgs/include/i2c_pwm_board_msgs/i2c_pwm_board_msgs/msg/detail/position_array__rosidl_typesupport_introspection_cpp.hpp
[29.869s] -- Installing: /home/ubuntu/pi-dog_ws/install/i2c_pwm_board_msgs/include/i2c_pwm_board_msgs/i2c_pwm_board_msgs/msg/detail/position__rosidl_typesupport_introspection_cpp.hpp
[29.870s] -- Installing: /home/ubuntu/pi-dog_ws/install/i2c_pwm_board_msgs/include/i2c_pwm_board_msgs/i2c_pwm_board_msgs/msg/detail/servo_config__rosidl_typesupport_introspection_cpp.hpp
[29.870s] -- Installing: /home/ubuntu/pi-dog_ws/install/i2c_pwm_board_msgs/include/i2c_pwm_board_msgs/i2c_pwm_board_msgs/msg/detail/servo_config_array__rosidl_typesupport_introspection_cpp.hpp
[29.870s] -- Installing: /home/ubuntu/pi-dog_ws/install/i2c_pwm_board_msgs/include/i2c_pwm_board_msgs/i2c_pwm_board_msgs/msg/detail/servo__rosidl_typesupport_introspection_cpp.hpp
[29.870s] -- Installing: /home/ubuntu/pi-dog_ws/install/i2c_pwm_board_msgs/include/i2c_pwm_board_msgs/i2c_pwm_board_msgs/msg/detail/servo_array__rosidl_typesupport_introspection_cpp.hpp
[29.870s] -- Installing: /home/ubuntu/pi-dog_ws/install/i2c_pwm_board_msgs/include/i2c_pwm_board_msgs/i2c_pwm_board_msgs/msg/detail/servo_config__type_support.cpp
[29.870s] -- Installing: /home/ubuntu/pi-dog_ws/install/i2c_pwm_board_msgs/include/i2c_pwm_board_msgs/i2c_pwm_board_msgs/msg/detail/servo_config_array__type_support.cpp
[29.870s] -- Installing: /home/ubuntu/pi-dog_ws/install/i2c_pwm_board_msgs/include/i2c_pwm_board_msgs/i2c_pwm_board_msgs/msg/detail/position_array__type_support.cpp
[29.870s] -- Installing: /home/ubuntu/pi-dog_ws/install/i2c_pwm_board_msgs/include/i2c_pwm_board_msgs/i2c_pwm_board_msgs/msg/detail/position__type_support.cpp
[29.870s] -- Installing: /home/ubuntu/pi-dog_ws/install/i2c_pwm_board_msgs/include/i2c_pwm_board_msgs/i2c_pwm_board_msgs/msg/detail/servo_array__type_support.cpp
[29.871s] -- Installing: /home/ubuntu/pi-dog_ws/install/i2c_pwm_board_msgs/include/i2c_pwm_board_msgs/i2c_pwm_board_msgs/msg/detail/servo__type_support.cpp
[29.871s] -- Up-to-date: /home/ubuntu/pi-dog_ws/install/i2c_pwm_board_msgs/include/i2c_pwm_board_msgs/i2c_pwm_board_msgs/srv
[29.871s] -- Up-to-date: /home/ubuntu/pi-dog_ws/install/i2c_pwm_board_msgs/include/i2c_pwm_board_msgs/i2c_pwm_board_msgs/srv/detail
[29.871s] -- Installing: /home/ubuntu/pi-dog_ws/install/i2c_pwm_board_msgs/include/i2c_pwm_board_msgs/i2c_pwm_board_msgs/srv/detail/int_value__rosidl_typesupport_introspection_cpp.hpp
[29.871s] -- Installing: /home/ubuntu/pi-dog_ws/install/i2c_pwm_board_msgs/include/i2c_pwm_board_msgs/i2c_pwm_board_msgs/srv/detail/stop_servos__type_support.cpp
[29.871s] -- Installing: /home/ubuntu/pi-dog_ws/install/i2c_pwm_board_msgs/include/i2c_pwm_board_msgs/i2c_pwm_board_msgs/srv/detail/servos_config__type_support.cpp
[29.871s] -- Installing: /home/ubuntu/pi-dog_ws/install/i2c_pwm_board_msgs/include/i2c_pwm_board_msgs/i2c_pwm_board_msgs/srv/detail/servos_config__rosidl_typesupport_introspection_cpp.hpp
[29.871s] -- Installing: /home/ubuntu/pi-dog_ws/install/i2c_pwm_board_msgs/include/i2c_pwm_board_msgs/i2c_pwm_board_msgs/srv/detail/int_value__type_support.cpp
[29.871s] -- Installing: /home/ubuntu/pi-dog_ws/install/i2c_pwm_board_msgs/include/i2c_pwm_board_msgs/i2c_pwm_board_msgs/srv/detail/stop_servos__rosidl_typesupport_introspection_cpp.hpp
[29.871s] -- Installing: /home/ubuntu/pi-dog_ws/install/i2c_pwm_board_msgs/include/i2c_pwm_board_msgs/i2c_pwm_board_msgs/srv/detail/drive_mode__type_support.cpp
[29.871s] -- Installing: /home/ubuntu/pi-dog_ws/install/i2c_pwm_board_msgs/include/i2c_pwm_board_msgs/i2c_pwm_board_msgs/srv/detail/drive_mode__rosidl_typesupport_introspection_cpp.hpp
[29.872s] -- Installing: /home/ubuntu/pi-dog_ws/install/i2c_pwm_board_msgs/lib/libi2c_pwm_board_msgs__rosidl_typesupport_introspection_cpp.so
[29.873s] -- Set non-toolchain portion of runtime path of "/home/ubuntu/pi-dog_ws/install/i2c_pwm_board_msgs/lib/libi2c_pwm_board_msgs__rosidl_typesupport_introspection_cpp.so" to ""
[29.873s] -- Installing: /home/ubuntu/pi-dog_ws/install/i2c_pwm_board_msgs/lib/libi2c_pwm_board_msgs__rosidl_typesupport_cpp.so
[29.874s] -- Set non-toolchain portion of runtime path of "/home/ubuntu/pi-dog_ws/install/i2c_pwm_board_msgs/lib/libi2c_pwm_board_msgs__rosidl_typesupport_cpp.so" to ""
[29.874s] -- Installing: /home/ubuntu/pi-dog_ws/install/i2c_pwm_board_msgs/share/i2c_pwm_board_msgs/environment/pythonpath.sh
[29.874s] -- Installing: /home/ubuntu/pi-dog_ws/install/i2c_pwm_board_msgs/share/i2c_pwm_board_msgs/environment/pythonpath.dsv
[29.875s] -- Installing: /home/ubuntu/pi-dog_ws/install/i2c_pwm_board_msgs/lib/python3.12/site-packages/i2c_pwm_board_msgs-0.1.0-py3.12.egg-info
[29.875s] -- Installing: /home/ubuntu/pi-dog_ws/install/i2c_pwm_board_msgs/lib/python3.12/site-packages/i2c_pwm_board_msgs-0.1.0-py3.12.egg-info/dependency_links.txt
[29.875s] -- Installing: /home/ubuntu/pi-dog_ws/install/i2c_pwm_board_msgs/lib/python3.12/site-packages/i2c_pwm_board_msgs-0.1.0-py3.12.egg-info/SOURCES.txt
[29.875s] -- Installing: /home/ubuntu/pi-dog_ws/install/i2c_pwm_board_msgs/lib/python3.12/site-packages/i2c_pwm_board_msgs-0.1.0-py3.12.egg-info/top_level.txt
[29.875s] -- Installing: /home/ubuntu/pi-dog_ws/install/i2c_pwm_board_msgs/lib/python3.12/site-packages/i2c_pwm_board_msgs-0.1.0-py3.12.egg-info/PKG-INFO
[29.876s] -- Installing: /home/ubuntu/pi-dog_ws/install/i2c_pwm_board_msgs/lib/python3.12/site-packages/i2c_pwm_board_msgs
[29.876s] -- Installing: /home/ubuntu/pi-dog_ws/install/i2c_pwm_board_msgs/lib/python3.12/site-packages/i2c_pwm_board_msgs/msg
[29.876s] -- Installing: /home/ubuntu/pi-dog_ws/install/i2c_pwm_board_msgs/lib/python3.12/site-packages/i2c_pwm_board_msgs/msg/_servo.py
[29.876s] -- Installing: /home/ubuntu/pi-dog_ws/install/i2c_pwm_board_msgs/lib/python3.12/site-packages/i2c_pwm_board_msgs/msg/_servo_array.py
[29.876s] -- Installing: /home/ubuntu/pi-dog_ws/install/i2c_pwm_board_msgs/lib/python3.12/site-packages/i2c_pwm_board_msgs/msg/_position.py
[29.877s] -- Installing: /home/ubuntu/pi-dog_ws/install/i2c_pwm_board_msgs/lib/python3.12/site-packages/i2c_pwm_board_msgs/msg/_servo_s.c
[29.877s] -- Installing: /home/ubuntu/pi-dog_ws/install/i2c_pwm_board_msgs/lib/python3.12/site-packages/i2c_pwm_board_msgs/msg/_servo_config_array_s.c
[29.877s] -- Installing: /home/ubuntu/pi-dog_ws/install/i2c_pwm_board_msgs/lib/python3.12/site-packages/i2c_pwm_board_msgs/msg/_position_s.c
[29.877s] -- Installing: /home/ubuntu/pi-dog_ws/install/i2c_pwm_board_msgs/lib/python3.12/site-packages/i2c_pwm_board_msgs/msg/_servo_config.py
[29.877s] -- Installing: /home/ubuntu/pi-dog_ws/install/i2c_pwm_board_msgs/lib/python3.12/site-packages/i2c_pwm_board_msgs/msg/__init__.py
[29.877s] -- Installing: /home/ubuntu/pi-dog_ws/install/i2c_pwm_board_msgs/lib/python3.12/site-packages/i2c_pwm_board_msgs/msg/_servo_config_s.c
[29.878s] -- Installing: /home/ubuntu/pi-dog_ws/install/i2c_pwm_board_msgs/lib/python3.12/site-packages/i2c_pwm_board_msgs/msg/_servo_array_s.c
[29.878s] -- Installing: /home/ubuntu/pi-dog_ws/install/i2c_pwm_board_msgs/lib/python3.12/site-packages/i2c_pwm_board_msgs/msg/_servo_config_array.py
[29.878s] -- Installing: /home/ubuntu/pi-dog_ws/install/i2c_pwm_board_msgs/lib/python3.12/site-packages/i2c_pwm_board_msgs/msg/_position_array_s.c
[29.878s] -- Installing: /home/ubuntu/pi-dog_ws/install/i2c_pwm_board_msgs/lib/python3.12/site-packages/i2c_pwm_board_msgs/msg/_position_array.py
[29.878s] -- Installing: /home/ubuntu/pi-dog_ws/install/i2c_pwm_board_msgs/lib/python3.12/site-packages/i2c_pwm_board_msgs/srv
[29.879s] -- Installing: /home/ubuntu/pi-dog_ws/install/i2c_pwm_board_msgs/lib/python3.12/site-packages/i2c_pwm_board_msgs/srv/_stop_servos.py
[29.879s] -- Installing: /home/ubuntu/pi-dog_ws/install/i2c_pwm_board_msgs/lib/python3.12/site-packages/i2c_pwm_board_msgs/srv/_int_value.py
[29.879s] -- Installing: /home/ubuntu/pi-dog_ws/install/i2c_pwm_board_msgs/lib/python3.12/site-packages/i2c_pwm_board_msgs/srv/_drive_mode_s.c
[29.879s] -- Installing: /home/ubuntu/pi-dog_ws/install/i2c_pwm_board_msgs/lib/python3.12/site-packages/i2c_pwm_board_msgs/srv/__init__.py
[29.880s] -- Installing: /home/ubuntu/pi-dog_ws/install/i2c_pwm_board_msgs/lib/python3.12/site-packages/i2c_pwm_board_msgs/srv/_servos_config_s.c
[29.880s] -- Installing: /home/ubuntu/pi-dog_ws/install/i2c_pwm_board_msgs/lib/python3.12/site-packages/i2c_pwm_board_msgs/srv/_int_value_s.c
[29.880s] -- Installing: /home/ubuntu/pi-dog_ws/install/i2c_pwm_board_msgs/lib/python3.12/site-packages/i2c_pwm_board_msgs/srv/_servos_config.py
[29.881s] -- Installing: /home/ubuntu/pi-dog_ws/install/i2c_pwm_board_msgs/lib/python3.12/site-packages/i2c_pwm_board_msgs/srv/_drive_mode.py
[29.881s] -- Installing: /home/ubuntu/pi-dog_ws/install/i2c_pwm_board_msgs/lib/python3.12/site-packages/i2c_pwm_board_msgs/srv/_stop_servos_s.c
[29.881s] -- Installing: /home/ubuntu/pi-dog_ws/install/i2c_pwm_board_msgs/lib/python3.12/site-packages/i2c_pwm_board_msgs/__init__.py
[29.881s] -- Installing: /home/ubuntu/pi-dog_ws/install/i2c_pwm_board_msgs/lib/python3.12/site-packages/i2c_pwm_board_msgs/_i2c_pwm_board_msgs_s.ep.rosidl_typesupport_c.c
[29.881s] -- Installing: /home/ubuntu/pi-dog_ws/install/i2c_pwm_board_msgs/lib/python3.12/site-packages/i2c_pwm_board_msgs/i2c_pwm_board_msgs_s__rosidl_typesupport_fastrtps_c.so
[29.882s] -- Installing: /home/ubuntu/pi-dog_ws/install/i2c_pwm_board_msgs/lib/python3.12/site-packages/i2c_pwm_board_msgs/_i2c_pwm_board_msgs_s.ep.rosidl_typesupport_introspection_c.c
[29.883s] -- Installing: /home/ubuntu/pi-dog_ws/install/i2c_pwm_board_msgs/lib/python3.12/site-packages/i2c_pwm_board_msgs/i2c_pwm_board_msgs_s__rosidl_typesupport_c.so
[29.883s] -- Installing: /home/ubuntu/pi-dog_ws/install/i2c_pwm_board_msgs/lib/python3.12/site-packages/i2c_pwm_board_msgs/i2c_pwm_board_msgs_s__rosidl_typesupport_introspection_c.so
[29.883s] -- Installing: /home/ubuntu/pi-dog_ws/install/i2c_pwm_board_msgs/lib/python3.12/site-packages/i2c_pwm_board_msgs/_i2c_pwm_board_msgs_s.ep.rosidl_typesupport_fastrtps_c.c
[29.981s] Listing '/home/ubuntu/pi-dog_ws/install/i2c_pwm_board_msgs/lib/python3.12/site-packages/i2c_pwm_board_msgs'...
[29.981s] Compiling '/home/ubuntu/pi-dog_ws/install/i2c_pwm_board_msgs/lib/python3.12/site-packages/i2c_pwm_board_msgs/__init__.py'...
[29.981s] Listing '/home/ubuntu/pi-dog_ws/install/i2c_pwm_board_msgs/lib/python3.12/site-packages/i2c_pwm_board_msgs/msg'...
[29.982s] Compiling '/home/ubuntu/pi-dog_ws/install/i2c_pwm_board_msgs/lib/python3.12/site-packages/i2c_pwm_board_msgs/msg/__init__.py'...
[29.982s] Compiling '/home/ubuntu/pi-dog_ws/install/i2c_pwm_board_msgs/lib/python3.12/site-packages/i2c_pwm_board_msgs/msg/_position.py'...
[29.982s] Compiling '/home/ubuntu/pi-dog_ws/install/i2c_pwm_board_msgs/lib/python3.12/site-packages/i2c_pwm_board_msgs/msg/_position_array.py'...
[29.982s] Compiling '/home/ubuntu/pi-dog_ws/install/i2c_pwm_board_msgs/lib/python3.12/site-packages/i2c_pwm_board_msgs/msg/_servo.py'...
[29.982s] Compiling '/home/ubuntu/pi-dog_ws/install/i2c_pwm_board_msgs/lib/python3.12/site-packages/i2c_pwm_board_msgs/msg/_servo_array.py'...
[29.982s] Compiling '/home/ubuntu/pi-dog_ws/install/i2c_pwm_board_msgs/lib/python3.12/site-packages/i2c_pwm_board_msgs/msg/_servo_config.py'...
[29.982s] Compiling '/home/ubuntu/pi-dog_ws/install/i2c_pwm_board_msgs/lib/python3.12/site-packages/i2c_pwm_board_msgs/msg/_servo_config_array.py'...
[29.982s] Listing '/home/ubuntu/pi-dog_ws/install/i2c_pwm_board_msgs/lib/python3.12/site-packages/i2c_pwm_board_msgs/srv'...
[29.982s] Compiling '/home/ubuntu/pi-dog_ws/install/i2c_pwm_board_msgs/lib/python3.12/site-packages/i2c_pwm_board_msgs/srv/__init__.py'...
[29.982s] Compiling '/home/ubuntu/pi-dog_ws/install/i2c_pwm_board_msgs/lib/python3.12/site-packages/i2c_pwm_board_msgs/srv/_drive_mode.py'...
[29.982s] Compiling '/home/ubuntu/pi-dog_ws/install/i2c_pwm_board_msgs/lib/python3.12/site-packages/i2c_pwm_board_msgs/srv/_int_value.py'...
[29.982s] Compiling '/home/ubuntu/pi-dog_ws/install/i2c_pwm_board_msgs/lib/python3.12/site-packages/i2c_pwm_board_msgs/srv/_servos_config.py'...
[29.982s] Compiling '/home/ubuntu/pi-dog_ws/install/i2c_pwm_board_msgs/lib/python3.12/site-packages/i2c_pwm_board_msgs/srv/_stop_servos.py'...
[29.993s] -- Installing: /home/ubuntu/pi-dog_ws/install/i2c_pwm_board_msgs/lib/python3.12/site-packages/i2c_pwm_board_msgs/i2c_pwm_board_msgs_s__rosidl_typesupport_fastrtps_c.so
[29.994s] -- Set non-toolchain portion of runtime path of "/home/ubuntu/pi-dog_ws/install/i2c_pwm_board_msgs/lib/python3.12/site-packages/i2c_pwm_board_msgs/i2c_pwm_board_msgs_s__rosidl_typesupport_fastrtps_c.so" to ""
[29.994s] -- Installing: /home/ubuntu/pi-dog_ws/install/i2c_pwm_board_msgs/lib/python3.12/site-packages/i2c_pwm_board_msgs/i2c_pwm_board_msgs_s__rosidl_typesupport_introspection_c.so
[29.995s] -- Set non-toolchain portion of runtime path of "/home/ubuntu/pi-dog_ws/install/i2c_pwm_board_msgs/lib/python3.12/site-packages/i2c_pwm_board_msgs/i2c_pwm_board_msgs_s__rosidl_typesupport_introspection_c.so" to ""
[29.995s] -- Installing: /home/ubuntu/pi-dog_ws/install/i2c_pwm_board_msgs/lib/python3.12/site-packages/i2c_pwm_board_msgs/i2c_pwm_board_msgs_s__rosidl_typesupport_c.so
[29.996s] -- Set non-toolchain portion of runtime path of "/home/ubuntu/pi-dog_ws/install/i2c_pwm_board_msgs/lib/python3.12/site-packages/i2c_pwm_board_msgs/i2c_pwm_board_msgs_s__rosidl_typesupport_c.so" to ""
[29.996s] -- Installing: /home/ubuntu/pi-dog_ws/install/i2c_pwm_board_msgs/lib/libi2c_pwm_board_msgs__rosidl_generator_py.so
[29.996s] -- Set non-toolchain portion of runtime path of "/home/ubuntu/pi-dog_ws/install/i2c_pwm_board_msgs/lib/libi2c_pwm_board_msgs__rosidl_generator_py.so" to ""
[29.997s] -- Installing: /home/ubuntu/pi-dog_ws/install/i2c_pwm_board_msgs/share/ament_index/resource_index/rust_packages/i2c_pwm_board_msgs
[29.997s] -- Installing: /home/ubuntu/pi-dog_ws/install/i2c_pwm_board_msgs/share/i2c_pwm_board_msgs/rust
[29.997s] -- Installing: /home/ubuntu/pi-dog_ws/install/i2c_pwm_board_msgs/share/i2c_pwm_board_msgs/rust/src
[29.997s] -- Installing: /home/ubuntu/pi-dog_ws/install/i2c_pwm_board_msgs/share/i2c_pwm_board_msgs/rust/src/msg
[29.997s] -- Installing: /home/ubuntu/pi-dog_ws/install/i2c_pwm_board_msgs/share/i2c_pwm_board_msgs/rust/src/msg/rmw.rs
[29.997s] -- Installing: /home/ubuntu/pi-dog_ws/install/i2c_pwm_board_msgs/share/i2c_pwm_board_msgs/rust/src/srv
[29.997s] -- Installing: /home/ubuntu/pi-dog_ws/install/i2c_pwm_board_msgs/share/i2c_pwm_board_msgs/rust/src/srv/rmw.rs
[29.997s] -- Installing: /home/ubuntu/pi-dog_ws/install/i2c_pwm_board_msgs/share/i2c_pwm_board_msgs/rust/src/msg.rs
[29.998s] -- Installing: /home/ubuntu/pi-dog_ws/install/i2c_pwm_board_msgs/share/i2c_pwm_board_msgs/rust/src/lib.rs
[29.998s] -- Installing: /home/ubuntu/pi-dog_ws/install/i2c_pwm_board_msgs/share/i2c_pwm_board_msgs/rust/src/srv.rs
[29.998s] -- Installing: /home/ubuntu/pi-dog_ws/install/i2c_pwm_board_msgs/share/i2c_pwm_board_msgs/rust/build.rs
[29.998s] -- Installing: /home/ubuntu/pi-dog_ws/install/i2c_pwm_board_msgs/share/i2c_pwm_board_msgs/rust/Cargo.toml
[29.998s] -- Installing: /home/ubuntu/pi-dog_ws/install/i2c_pwm_board_msgs/share/i2c_pwm_board_msgs/msg/Position.idl
[29.998s] -- Installing: /home/ubuntu/pi-dog_ws/install/i2c_pwm_board_msgs/share/i2c_pwm_board_msgs/msg/PositionArray.idl
[29.999s] -- Installing: /home/ubuntu/pi-dog_ws/install/i2c_pwm_board_msgs/share/i2c_pwm_board_msgs/msg/Servo.idl
[29.999s] -- Installing: /home/ubuntu/pi-dog_ws/install/i2c_pwm_board_msgs/share/i2c_pwm_board_msgs/msg/ServoArray.idl
[29.999s] -- Installing: /home/ubuntu/pi-dog_ws/install/i2c_pwm_board_msgs/share/i2c_pwm_board_msgs/msg/ServoConfig.idl
[29.999s] -- Installing: /home/ubuntu/pi-dog_ws/install/i2c_pwm_board_msgs/share/i2c_pwm_board_msgs/msg/ServoConfigArray.idl
[29.999s] -- Installing: /home/ubuntu/pi-dog_ws/install/i2c_pwm_board_msgs/share/i2c_pwm_board_msgs/srv/DriveMode.idl
[29.999s] -- Installing: /home/ubuntu/pi-dog_ws/install/i2c_pwm_board_msgs/share/i2c_pwm_board_msgs/srv/IntValue.idl
[30.000s] -- Installing: /home/ubuntu/pi-dog_ws/install/i2c_pwm_board_msgs/share/i2c_pwm_board_msgs/srv/ServosConfig.idl
[30.000s] -- Installing: /home/ubuntu/pi-dog_ws/install/i2c_pwm_board_msgs/share/i2c_pwm_board_msgs/srv/StopServos.idl
[30.000s] -- Installing: /home/ubuntu/pi-dog_ws/install/i2c_pwm_board_msgs/share/i2c_pwm_board_msgs/msg/Position.msg
[30.000s] -- Installing: /home/ubuntu/pi-dog_ws/install/i2c_pwm_board_msgs/share/i2c_pwm_board_msgs/msg/PositionArray.msg
[30.000s] -- Installing: /home/ubuntu/pi-dog_ws/install/i2c_pwm_board_msgs/share/i2c_pwm_board_msgs/msg/Servo.msg
[30.001s] -- Installing: /home/ubuntu/pi-dog_ws/install/i2c_pwm_board_msgs/share/i2c_pwm_board_msgs/msg/ServoArray.msg
[30.001s] -- Installing: /home/ubuntu/pi-dog_ws/install/i2c_pwm_board_msgs/share/i2c_pwm_board_msgs/msg/ServoConfig.msg
[30.001s] -- Installing: /home/ubuntu/pi-dog_ws/install/i2c_pwm_board_msgs/share/i2c_pwm_board_msgs/msg/ServoConfigArray.msg
[30.002s] -- Installing: /home/ubuntu/pi-dog_ws/install/i2c_pwm_board_msgs/share/i2c_pwm_board_msgs/srv/DriveMode.srv
[30.002s] -- Installing: /home/ubuntu/pi-dog_ws/install/i2c_pwm_board_msgs/share/i2c_pwm_board_msgs/srv/IntValue.srv
[30.002s] -- Installing: /home/ubuntu/pi-dog_ws/install/i2c_pwm_board_msgs/share/i2c_pwm_board_msgs/srv/ServosConfig.srv
[30.002s] -- Installing: /home/ubuntu/pi-dog_ws/install/i2c_pwm_board_msgs/share/i2c_pwm_board_msgs/srv/StopServos.srv
[30.002s] -- Installing: /home/ubuntu/pi-dog_ws/install/i2c_pwm_board_msgs/share/ament_index/resource_index/package_run_dependencies/i2c_pwm_board_msgs
[30.003s] -- Installing: /home/ubuntu/pi-dog_ws/install/i2c_pwm_board_msgs/share/ament_index/resource_index/parent_prefix_path/i2c_pwm_board_msgs
[30.003s] -- Installing: /home/ubuntu/pi-dog_ws/install/i2c_pwm_board_msgs/share/i2c_pwm_board_msgs/environment/ament_prefix_path.sh
[30.003s] -- Installing: /home/ubuntu/pi-dog_ws/install/i2c_pwm_board_msgs/share/i2c_pwm_board_msgs/environment/ament_prefix_path.dsv
[30.003s] -- Installing: /home/ubuntu/pi-dog_ws/install/i2c_pwm_board_msgs/share/i2c_pwm_board_msgs/environment/path.sh
[30.004s] -- Installing: /home/ubuntu/pi-dog_ws/install/i2c_pwm_board_msgs/share/i2c_pwm_board_msgs/environment/path.dsv
[30.004s] -- Installing: /home/ubuntu/pi-dog_ws/install/i2c_pwm_board_msgs/share/i2c_pwm_board_msgs/local_setup.bash
[30.004s] -- Installing: /home/ubuntu/pi-dog_ws/install/i2c_pwm_board_msgs/share/i2c_pwm_board_msgs/local_setup.sh
[30.004s] -- Installing: /home/ubuntu/pi-dog_ws/install/i2c_pwm_board_msgs/share/i2c_pwm_board_msgs/local_setup.zsh
[30.005s] -- Installing: /home/ubuntu/pi-dog_ws/install/i2c_pwm_board_msgs/share/i2c_pwm_board_msgs/local_setup.dsv
[30.005s] -- Installing: /home/ubuntu/pi-dog_ws/install/i2c_pwm_board_msgs/share/i2c_pwm_board_msgs/package.dsv
[30.005s] -- Installing: /home/ubuntu/pi-dog_ws/install/i2c_pwm_board_msgs/share/ament_index/resource_index/packages/i2c_pwm_board_msgs
[30.005s] -- Installing: /home/ubuntu/pi-dog_ws/install/i2c_pwm_board_msgs/share/i2c_pwm_board_msgs/cmake/export_i2c_pwm_board_msgs__rosidl_generator_cExport.cmake
[30.006s] -- Installing: /home/ubuntu/pi-dog_ws/install/i2c_pwm_board_msgs/share/i2c_pwm_board_msgs/cmake/export_i2c_pwm_board_msgs__rosidl_generator_cExport-noconfig.cmake
[30.006s] -- Installing: /home/ubuntu/pi-dog_ws/install/i2c_pwm_board_msgs/share/i2c_pwm_board_msgs/cmake/export_i2c_pwm_board_msgs__rosidl_typesupport_fastrtps_cExport.cmake
[30.006s] -- Installing: /home/ubuntu/pi-dog_ws/install/i2c_pwm_board_msgs/share/i2c_pwm_board_msgs/cmake/export_i2c_pwm_board_msgs__rosidl_typesupport_fastrtps_cExport-noconfig.cmake
[30.007s] -- Installing: /home/ubuntu/pi-dog_ws/install/i2c_pwm_board_msgs/share/i2c_pwm_board_msgs/cmake/i2c_pwm_board_msgs__rosidl_typesupport_introspection_cExport.cmake
[30.007s] -- Installing: /home/ubuntu/pi-dog_ws/install/i2c_pwm_board_msgs/share/i2c_pwm_board_msgs/cmake/i2c_pwm_board_msgs__rosidl_typesupport_introspection_cExport-noconfig.cmake
[30.007s] -- Installing: /home/ubuntu/pi-dog_ws/install/i2c_pwm_board_msgs/share/i2c_pwm_board_msgs/cmake/i2c_pwm_board_msgs__rosidl_typesupport_cExport.cmake
[30.008s] -- Installing: /home/ubuntu/pi-dog_ws/install/i2c_pwm_board_msgs/share/i2c_pwm_board_msgs/cmake/i2c_pwm_board_msgs__rosidl_typesupport_cExport-noconfig.cmake
[30.008s] -- Installing: /home/ubuntu/pi-dog_ws/install/i2c_pwm_board_msgs/share/i2c_pwm_board_msgs/cmake/export_i2c_pwm_board_msgs__rosidl_generator_cppExport.cmake
[30.008s] -- Installing: /home/ubuntu/pi-dog_ws/install/i2c_pwm_board_msgs/share/i2c_pwm_board_msgs/cmake/export_i2c_pwm_board_msgs__rosidl_typesupport_fastrtps_cppExport.cmake
[30.008s] -- Installing: /home/ubuntu/pi-dog_ws/install/i2c_pwm_board_msgs/share/i2c_pwm_board_msgs/cmake/export_i2c_pwm_board_msgs__rosidl_typesupport_fastrtps_cppExport-noconfig.cmake
[30.009s] -- Installing: /home/ubuntu/pi-dog_ws/install/i2c_pwm_board_msgs/share/i2c_pwm_board_msgs/cmake/i2c_pwm_board_msgs__rosidl_typesupport_introspection_cppExport.cmake
[30.009s] -- Installing: /home/ubuntu/pi-dog_ws/install/i2c_pwm_board_msgs/share/i2c_pwm_board_msgs/cmake/i2c_pwm_board_msgs__rosidl_typesupport_introspection_cppExport-noconfig.cmake
[30.009s] -- Installing: /home/ubuntu/pi-dog_ws/install/i2c_pwm_board_msgs/share/i2c_pwm_board_msgs/cmake/i2c_pwm_board_msgs__rosidl_typesupport_cppExport.cmake
[30.009s] -- Installing: /home/ubuntu/pi-dog_ws/install/i2c_pwm_board_msgs/share/i2c_pwm_board_msgs/cmake/i2c_pwm_board_msgs__rosidl_typesupport_cppExport-noconfig.cmake
[30.010s] -- Installing: /home/ubuntu/pi-dog_ws/install/i2c_pwm_board_msgs/share/i2c_pwm_board_msgs/cmake/export_i2c_pwm_board_msgs__rosidl_generator_pyExport.cmake
[30.010s] -- Installing: /home/ubuntu/pi-dog_ws/install/i2c_pwm_board_msgs/share/i2c_pwm_board_msgs/cmake/export_i2c_pwm_board_msgs__rosidl_generator_pyExport-noconfig.cmake
[30.010s] -- Installing: /home/ubuntu/pi-dog_ws/install/i2c_pwm_board_msgs/share/i2c_pwm_board_msgs/cmake/rosidl_cmake-extras.cmake
[30.010s] -- Installing: /home/ubuntu/pi-dog_ws/install/i2c_pwm_board_msgs/share/i2c_pwm_board_msgs/cmake/ament_cmake_export_dependencies-extras.cmake
[30.011s] -- Installing: /home/ubuntu/pi-dog_ws/install/i2c_pwm_board_msgs/share/i2c_pwm_board_msgs/cmake/ament_cmake_export_include_directories-extras.cmake
[30.011s] -- Installing: /home/ubuntu/pi-dog_ws/install/i2c_pwm_board_msgs/share/i2c_pwm_board_msgs/cmake/ament_cmake_export_libraries-extras.cmake
[30.011s] -- Installing: /home/ubuntu/pi-dog_ws/install/i2c_pwm_board_msgs/share/i2c_pwm_board_msgs/cmake/ament_cmake_export_targets-extras.cmake
[30.011s] -- Installing: /home/ubuntu/pi-dog_ws/install/i2c_pwm_board_msgs/share/i2c_pwm_board_msgs/cmake/rosidl_cmake_export_typesupport_targets-extras.cmake
[30.012s] -- Installing: /home/ubuntu/pi-dog_ws/install/i2c_pwm_board_msgs/share/i2c_pwm_board_msgs/cmake/rosidl_cmake_export_typesupport_libraries-extras.cmake
[30.012s] -- Installing: /home/ubuntu/pi-dog_ws/install/i2c_pwm_board_msgs/share/i2c_pwm_board_msgs/cmake/i2c_pwm_board_msgsConfig.cmake
[30.012s] -- Installing: /home/ubuntu/pi-dog_ws/install/i2c_pwm_board_msgs/share/i2c_pwm_board_msgs/cmake/i2c_pwm_board_msgsConfig-version.cmake
[30.012s] -- Installing: /home/ubuntu/pi-dog_ws/install/i2c_pwm_board_msgs/share/i2c_pwm_board_msgs/package.xml
[30.016s] Invoked command in '/home/ubuntu/pi-dog_ws/build/i2c_pwm_board_msgs' returned '0': CMAKE_PREFIX_PATH=${CMAKE_PREFIX_PATH}:/opt/ros/jazzy /usr/bin/cmake --install /home/ubuntu/pi-dog_ws/build/i2c_pwm_board_msgs
