[0.030s] Invoking command in '/home/ubuntu/pi-dog_ws/build/quadruped_controller': CMAKE_PREFIX_PATH=/opt/ros/jazzy /usr/bin/cmake --build /home/ubuntu/pi-dog_ws/build/quadruped_controller -- -j4 -l4
[0.446s] [100%] Built target ik_test_node
[0.487s] Invoked command in '/home/ubuntu/pi-dog_ws/build/quadruped_controller' returned '0': CMAKE_PREFIX_PATH=/opt/ros/jazzy /usr/bin/cmake --build /home/ubuntu/pi-dog_ws/build/quadruped_controller -- -j4 -l4
[0.519s] Invoking command in '/home/ubuntu/pi-dog_ws/build/quadruped_controller': CMAKE_PREFIX_PATH=/opt/ros/jazzy /usr/bin/cmake --install /home/ubuntu/pi-dog_ws/build/quadruped_controller
[0.545s] -- Install configuration: ""
[0.601s] -- Up-to-date: /home/ubuntu/pi-dog_ws/install/quadruped_controller/lib/quadruped_controller/ik_test_node
[0.601s] -- Up-to-date: /home/ubuntu/pi-dog_ws/install/quadruped_controller/share/quadruped_controller/launch
[0.609s] -- Up-to-date: /home/ubuntu/pi-dog_ws/install/quadruped_controller/share/quadruped_controller/launch/run_robot.launch.py
[0.609s] -- Up-to-date: /home/ubuntu/pi-dog_ws/install/quadruped_controller/share/quadruped_controller/config
[0.610s] -- Installing: /home/ubuntu/pi-dog_ws/install/quadruped_controller/share/quadruped_controller/config/spot_micro_config.yaml
[0.610s] -- Up-to-date: /home/ubuntu/pi-dog_ws/install/quadruped_controller/share/ament_index/resource_index/package_run_dependencies/quadruped_controller
[0.611s] -- Up-to-date: /home/ubuntu/pi-dog_ws/install/quadruped_controller/share/ament_index/resource_index/parent_prefix_path/quadruped_controller
[0.611s] -- Up-to-date: /home/ubuntu/pi-dog_ws/install/quadruped_controller/share/quadruped_controller/environment/ament_prefix_path.sh
[0.611s] -- Up-to-date: /home/ubuntu/pi-dog_ws/install/quadruped_controller/share/quadruped_controller/environment/ament_prefix_path.dsv
[0.611s] -- Up-to-date: /home/ubuntu/pi-dog_ws/install/quadruped_controller/share/quadruped_controller/environment/path.sh
[0.611s] -- Up-to-date: /home/ubuntu/pi-dog_ws/install/quadruped_controller/share/quadruped_controller/environment/path.dsv
[0.612s] -- Up-to-date: /home/ubuntu/pi-dog_ws/install/quadruped_controller/share/quadruped_controller/local_setup.bash
[0.612s] -- Up-to-date: /home/ubuntu/pi-dog_ws/install/quadruped_controller/share/quadruped_controller/local_setup.sh
[0.612s] -- Up-to-date: /home/ubuntu/pi-dog_ws/install/quadruped_controller/share/quadruped_controller/local_setup.zsh
[0.612s] -- Up-to-date: /home/ubuntu/pi-dog_ws/install/quadruped_controller/share/quadruped_controller/local_setup.dsv
[0.612s] -- Installing: /home/ubuntu/pi-dog_ws/install/quadruped_controller/share/quadruped_controller/package.dsv
[0.619s] -- Up-to-date: /home/ubuntu/pi-dog_ws/install/quadruped_controller/share/ament_index/resource_index/packages/quadruped_controller
[0.619s] -- Up-to-date: /home/ubuntu/pi-dog_ws/install/quadruped_controller/share/quadruped_controller/cmake/quadruped_controllerConfig.cmake
[0.620s] -- Up-to-date: /home/ubuntu/pi-dog_ws/install/quadruped_controller/share/quadruped_controller/cmake/quadruped_controllerConfig-version.cmake
[0.620s] -- Up-to-date: /home/ubuntu/pi-dog_ws/install/quadruped_controller/share/quadruped_controller/package.xml
[0.625s] Invoked command in '/home/ubuntu/pi-dog_ws/build/quadruped_controller' returned '0': CMAKE_PREFIX_PATH=/opt/ros/jazzy /usr/bin/cmake --install /home/ubuntu/pi-dog_ws/build/quadruped_controller
