[0.031s] Invoking command in '/home/ubuntu/pi-dog_ws/build/quadruped_controller': CMAKE_PREFIX_PATH=/opt/ros/jazzy /usr/bin/cmake --build /home/ubuntu/pi-dog_ws/build/quadruped_controller -- -j4 -l4
[0.173s] [ 33%] [32mBuilding CXX object CMakeFiles/ik_test_node.dir/src/main.cpp.o[0m
[0.173s] [ 33%] [32mBuilding CXX object CMakeFiles/ik_test_node.dir/src/motion_cmd/spot_micro_motion_cmd.cpp.o[0m
[1.215s] In file included from [01m[K/home/ubuntu/pi-dog_ws/src/quadruped_controller/include/spot_micro_motion_cmd/spot_micro_motion_cmd.h:28[m[K,
[1.215s]                  from [01m[K/home/ubuntu/pi-dog_ws/src/quadruped_controller/src/main.cpp:3[m[K:
[1.215s] [01m[K/home/ubuntu/pi-dog_ws/src/quadruped_controller/src/motion_cmd/smfsm/spot_micro_state.h:4:10:[m[K [01;31m[Kfatal error: [m[Krate_limited_first_order_filter.h: No such file or directory
[1.216s]     4 | #include [01;31m[K"rate_limited_first_order_filter.h"[m[K
[1.216s]       |          [01;31m[K^~~~~~~~~~~~~~~~~~~~~~~~~~~~~~~~~~~[m[K
[1.216s] compilation terminated.
[1.232s] gmake[2]: *** [CMakeFiles/ik_test_node.dir/build.make:76: CMakeFiles/ik_test_node.dir/src/main.cpp.o] Error 1
[1.232s] gmake[2]: *** Waiting for unfinished jobs....
[1.279s] In file included from [01m[K/home/ubuntu/pi-dog_ws/src/quadruped_controller/include/spot_micro_motion_cmd/spot_micro_motion_cmd.h:28[m[K,
[1.279s]                  from [01m[K/home/ubuntu/pi-dog_ws/src/quadruped_controller/src/motion_cmd/spot_micro_motion_cmd.cpp:14[m[K:
[1.280s] [01m[K/home/ubuntu/pi-dog_ws/src/quadruped_controller/src/motion_cmd/smfsm/spot_micro_state.h:4:10:[m[K [01;31m[Kfatal error: [m[Krate_limited_first_order_filter.h: No such file or directory
[1.280s]     4 | #include [01;31m[K"rate_limited_first_order_filter.h"[m[K
[1.280s]       |          [01;31m[K^~~~~~~~~~~~~~~~~~~~~~~~~~~~~~~~~~~[m[K
[1.280s] compilation terminated.
[1.296s] gmake[2]: *** [CMakeFiles/ik_test_node.dir/build.make:132: CMakeFiles/ik_test_node.dir/src/motion_cmd/spot_micro_motion_cmd.cpp.o] Error 1
[1.297s] gmake[1]: *** [CMakeFiles/Makefile2:137: CMakeFiles/ik_test_node.dir/all] Error 2
[1.297s] gmake: *** [Makefile:146: all] Error 2
[1.301s] Invoked command in '/home/ubuntu/pi-dog_ws/build/quadruped_controller' returned '2': CMAKE_PREFIX_PATH=/opt/ros/jazzy /usr/bin/cmake --build /home/ubuntu/pi-dog_ws/build/quadruped_controller -- -j4 -l4
