[0.016s] Invoking command in '/home/ubuntu/pi-dog_ws/build/quadruped_controller': CMAKE_PREFIX_PATH=${CMAKE_PREFIX_PATH}:/opt/ros/jazzy /usr/bin/cmake --build /home/ubuntu/pi-dog_ws/build/quadruped_controller -- -j4 -l4
[0.126s] [ 20%] [32mBuilding CXX object CMakeFiles/ik_test_node.dir/src/main.cpp.o[0m
[8.018s] [ 40%] [32m[1mLinking CXX executable ik_test_node[0m
[8.417s] [100%] Built target ik_test_node
[8.439s] Invoked command in '/home/ubuntu/pi-dog_ws/build/quadruped_controller' returned '0': CMAKE_PREFIX_PATH=${CMAKE_PREFIX_PATH}:/opt/ros/jazzy /usr/bin/cmake --build /home/ubuntu/pi-dog_ws/build/quadruped_controller -- -j4 -l4
[8.457s] Invoking command in '/home/ubuntu/pi-dog_ws/build/quadruped_controller': CMAKE_PREFIX_PATH=${CMAKE_PREFIX_PATH}:/opt/ros/jazzy /usr/bin/cmake --install /home/ubuntu/pi-dog_ws/build/quadruped_controller
[8.470s] -- Install configuration: ""
[8.470s] -- Installing: /home/ubuntu/pi-dog_ws/install/quadruped_controller/lib/quadruped_controller/ik_test_node
[8.475s] -- Set non-toolchain portion of runtime path of "/home/ubuntu/pi-dog_ws/install/quadruped_controller/lib/quadruped_controller/ik_test_node" to ""
[8.475s] -- Up-to-date: /home/ubuntu/pi-dog_ws/install/quadruped_controller/share/ament_index/resource_index/package_run_dependencies/quadruped_controller
[8.475s] -- Up-to-date: /home/ubuntu/pi-dog_ws/install/quadruped_controller/share/ament_index/resource_index/parent_prefix_path/quadruped_controller
[8.475s] -- Up-to-date: /home/ubuntu/pi-dog_ws/install/quadruped_controller/share/quadruped_controller/environment/ament_prefix_path.sh
[8.475s] -- Up-to-date: /home/ubuntu/pi-dog_ws/install/quadruped_controller/share/quadruped_controller/environment/ament_prefix_path.dsv
[8.475s] -- Up-to-date: /home/ubuntu/pi-dog_ws/install/quadruped_controller/share/quadruped_controller/environment/path.sh
[8.475s] -- Up-to-date: /home/ubuntu/pi-dog_ws/install/quadruped_controller/share/quadruped_controller/environment/path.dsv
[8.475s] -- Up-to-date: /home/ubuntu/pi-dog_ws/install/quadruped_controller/share/quadruped_controller/local_setup.bash
[8.476s] -- Up-to-date: /home/ubuntu/pi-dog_ws/install/quadruped_controller/share/quadruped_controller/local_setup.sh
[8.476s] -- Up-to-date: /home/ubuntu/pi-dog_ws/install/quadruped_controller/share/quadruped_controller/local_setup.zsh
[8.476s] -- Up-to-date: /home/ubuntu/pi-dog_ws/install/quadruped_controller/share/quadruped_controller/local_setup.dsv
[8.476s] -- Installing: /home/ubuntu/pi-dog_ws/install/quadruped_controller/share/quadruped_controller/package.dsv
[8.476s] -- Up-to-date: /home/ubuntu/pi-dog_ws/install/quadruped_controller/share/ament_index/resource_index/packages/quadruped_controller
[8.476s] -- Up-to-date: /home/ubuntu/pi-dog_ws/install/quadruped_controller/share/quadruped_controller/cmake/quadruped_controllerConfig.cmake
[8.476s] -- Up-to-date: /home/ubuntu/pi-dog_ws/install/quadruped_controller/share/quadruped_controller/cmake/quadruped_controllerConfig-version.cmake
[8.476s] -- Up-to-date: /home/ubuntu/pi-dog_ws/install/quadruped_controller/share/quadruped_controller/package.xml
[8.479s] Invoked command in '/home/ubuntu/pi-dog_ws/build/quadruped_controller' returned '0': CMAKE_PREFIX_PATH=${CMAKE_PREFIX_PATH}:/opt/ros/jazzy /usr/bin/cmake --install /home/ubuntu/pi-dog_ws/build/quadruped_controller
